Starting a Gradle Daemon, 4 busy and 2 stopped Daemons could not be reused, use --status for details
> Task :core:checkKotlinGradlePluginConfigurationErrors SKIPPED
> Task :core:compileKotlin UP-TO-DATE
> Task :core:compileJava NO-SOURCE
> Task :core:processResources UP-TO-DATE
> Task :core:classes UP-TO-DATE
> Task :core:jar UP-TO-DATE
> Task :core:processTestResources UP-TO-DATE
> Task :core:compileTestKotlin
> Task :core:compileTestJava NO-SOURCE
> Task :core:testClasses UP-TO-DATE

> Task :core:test

TrackLabTest > everyCourseRoundTripsInExistingCsvWithoutMutatingCatalog() PASSED

TrackLabTest > invalidDraftsAreRejectedButGeometricFailuresRemainReviewable() PASSED

TrackLabTest > editedZipContainsAllSectionsAndClosingPointAndCanBeImported() PASSED

TrackQualityTest > plantedBadCoursesAndEveryThresholdBoundaryFire() PASSED

TrackQualityTest > passCounterRejectsJitterDeathAndFinishPromotions() PASSED

TrackQualityTest > geometryUsesPhysicalUnitsArcLengthAndCyclicRuns() PASSED

TrackQualityTest > noExposureAndCensoredOutcomesNeverBecomeSuccesses() PASSED

TrackQualityTest > sixCarTrialsReplayAndSeedsChangeObservedTrajectories() PASSED

> Task :core:trackQualityReport
foundry: 72 AI-only six-car trials; 187 wrecks; replay true
switchback: 72 AI-only six-car trials; 164 wrecks; replay true
redline: 72 AI-only six-car trials; 177 wrecks; replay true
runoff: 72 AI-only six-car trials; 187 wrecks; replay true
crucible: 72 AI-only six-car trials; 215 wrecks; replay true
slagway: 72 AI-only six-car trials; 196 wrecks; replay true
railcut: 72 AI-only six-car trials; 178 wrecks; replay true
furnace: 72 AI-only six-car trials; 244 wrecks; replay true
crown: 72 AI-only six-car trials; 206 wrecks; replay true
scree: 72 AI-only six-car trials; 187 wrecks; replay true
ballast: 72 AI-only six-car trials; 179 wrecks; replay true
cutface: 72 AI-only six-car trials; 232 wrecks; replay true
haulroad: 72 AI-only six-car trials; 221 wrecks; replay true
saltline: 72 AI-only six-car trials; 201 wrecks; replay true
dustwake: 72 AI-only six-car trials; 187 wrecks; replay true
mirage: 72 AI-only six-car trials; 239 wrecks; replay true
sunspike: 72 AI-only six-car trials; 232 wrecks; replay true
sluice: 72 AI-only six-car trials; 197 wrecks; replay true
reedcut: 72 AI-only six-car trials; 188 wrecks; replay true
spillway: 72 AI-only six-car trials; 252 wrecks; replay true
lowwater: 72 AI-only six-car trials; 225 wrecks; replay true
ridge: 72 AI-only six-car trials; 173 wrecks; replay true
frostline: 72 AI-only six-car trials; 238 wrecks; replay true
highpass: 72 AI-only six-car trials; 222 wrecks; replay true
summit: 72 AI-only six-car trials; 211 wrecks; replay true
crown-arena: 72 AI-only six-car trials; 268 wrecks; replay true
Track atlas data: 26 views; 1872 trials; 25 gate witnesses. C:\Users\kazda\kiro\firetv-deathride-tracks\deathride\tracks\atlas

[Incubating] Problems report is available at: file:///C:/Users/kazda/kiro/firetv-deathride-tracks/deathride/build/reports/problems/problems-report.html

Deprecated Gradle features were used in this build, making it incompatible with Gradle 9.0.

You can use '--warning-mode all' to show the individual deprecation warnings and determine if they come from your own scripts or plugins.

For more on this, please refer to https://docs.gradle.org/8.14/userguide/command_line_interface.html#sec:command_line_warnings in the Gradle documentation.

BUILD SUCCESSFUL in 2m 34s
7 actionable tasks: 3 executed, 4 up-to-date
