{"second":0,"accepted":[0,0],"rejected":[0,0],"hostPumpStalls":0}
{"second":4,"accepted":[128,128],"rejected":[0,0],"hostPumpStalls":0}
{"second":71,"accepted":[2137,2137],"rejected":[0,0],"hostPumpStalls":0}
{"second":138,"accepted":[4154,4154],"rejected":[0,0],"hostPumpStalls":0}
{"second":205,"accepted":[6170,6171],"rejected":[0,0],"hostPumpStalls":0}
{"second":273,"accepted":[8202,8203],"rejected":[0,0],"hostPumpStalls":0}
{"second":338,"accepted":[10150,10150],"rejected":[0,0],"hostPumpStalls":0}
{"second":360,"accepted":[10803,10803],"rejected":[0,0],"hostPumpStalls":0}
{
  "functionalPass": true,
  "duration": 360.07423350000005,
  "rounds": 6,
  "classUses": {
    "Needle": 12,
    "Line": 10,
    "Bastion": 6,
    "Comet": 5,
    "Trail": 4,
    "Flint": 7,
    "Quill": 7,
    "Vandal": 5,
    "Kestrel": 6,
    "Bulwark": 5
  },
  "clients": [
    {
      "slot": 0,
      "sent": 10803,
      "accepted": 10803,
      "rejected": 0,
      "hz": 30.002146765661305
    },
    {
      "slot": 1,
      "sent": 10803,
      "accepted": 10803,
      "rejected": 0,
      "hz": 30.002146765661305
    }
  ]
}
