{"second":0,"accepted":[0,0],"rejected":[0,0],"hostPumpStalls":0}
{"second":4,"accepted":[116,116],"rejected":[0,0],"hostPumpStalls":0}
{"second":70,"accepted":[2114,2114],"rejected":[0,0],"hostPumpStalls":0}
{"second":137,"accepted":[4114,4114],"rejected":[0,0],"hostPumpStalls":0}
{"second":180,"accepted":[5406,5406],"rejected":[0,0],"hostPumpStalls":0}
{
  "error": "AssertionError [ERR_ASSERTION]: Every class activated and reported ACTIVE\n    at file:///C:/Users/kazda/.personas/headless-masters/worktrees/firetv/e48eb7ce/deathride/tools/ability-stick-probe.mjs:127:9\n    at process.processTicksAndRejections (node:internal/process/task_queues:104:5)",
  "duration": 180.1716313,
  "rounds": 3,
  "classUses": {
    "Needle": 3,
    "Line": 7,
    "Bastion": 6,
    "Comet": 5,
    "Trail": 5,
    "Flint": 5
  },
  "clients": [
    {
      "slot": 0,
      "sent": 5406,
      "accepted": 5406,
      "rejected": 0,
      "hz": 30.004723612667874
    },
    {
      "slot": 1,
      "sent": 5406,
      "accepted": 5406,
      "rejected": 0,
      "hz": 30.004723612667874
    }
  ]
}
