{"second":0,"accepted":[0,0],"rejected":[0,0],"hostPumpStalls":0}
{"second":4,"accepted":[135,135],"rejected":[0,0],"hostPumpStalls":0}
{"second":71,"accepted":[2133,2133],"rejected":[0,0],"hostPumpStalls":0}
{"second":138,"accepted":[4147,4147],"rejected":[0,0],"hostPumpStalls":0}
{"second":205,"accepted":[6160,6160],"rejected":[0,0],"hostPumpStalls":0}
{"second":272,"accepted":[8176,8176],"rejected":[0,0],"hostPumpStalls":0}
{"second":337,"accepted":[10116,10116],"rejected":[0,0],"hostPumpStalls":0}
{"second":360,"accepted":[10806,10806],"rejected":[0,0],"hostPumpStalls":0}
{
  "functionalPass": true,
  "duration": 360.173248,
  "rounds": 6,
  "classUses": {
    "Needle": 10,
    "Line": 10,
    "Bastion": 6,
    "Comet": 5,
    "Trail": 7,
    "Flint": 7,
    "Quill": 7,
    "Vandal": 5,
    "Kestrel": 2,
    "Bulwark": 5
  },
  "clients": [
    {
      "slot": 0,
      "sent": 10806,
      "accepted": 10806,
      "rejected": 0,
      "hz": 30.002228260995107
    },
    {
      "slot": 1,
      "sent": 10806,
      "accepted": 10806,
      "rejected": 0,
      "hz": 30.002228260995107
    }
  ]
}
