{"second":0,"accepted":[0,0],"rejected":[0,0],"hostPumpStalls":0}
{"second":4,"accepted":[149,148],"rejected":[0,0],"hostPumpStalls":0}
{"second":71,"accepted":[2144,2145],"rejected":[0,0],"hostPumpStalls":0}
{"second":138,"accepted":[4141,4141],"rejected":[0,0],"hostPumpStalls":0}
{"second":205,"accepted":[6149,6149],"rejected":[0,0],"hostPumpStalls":0}
{"second":272,"accepted":[8174,8174],"rejected":[0,0],"hostPumpStalls":0}
{"second":337,"accepted":[10108,10108],"rejected":[0,0],"hostPumpStalls":0}
{"second":360,"accepted":[10805,10805],"rejected":[0,0],"hostPumpStalls":0}
{
  "functionalPass": true,
  "duration": 360.15151990000004,
  "rounds": 6,
  "classUses": {
    "Needle": 12,
    "Line": 10,
    "Bastion": 6,
    "Comet": 5,
    "Trail": 7,
    "Flint": 7,
    "Quill": 7,
    "Vandal": 5,
    "Kestrel": 6,
    "Bulwark": 5
  },
  "clients": [
    {
      "slot": 0,
      "sent": 10805,
      "accepted": 10805,
      "rejected": 0,
      "hz": 30.001261699520594
    },
    {
      "slot": 1,
      "sent": 10805,
      "accepted": 10805,
      "rejected": 0,
      "hz": 30.001261699520594
    }
  ]
}
