{"second":0,"accepted":[0,0],"rejected":[0,0],"hostPumpStalls":0}
{"second":4,"accepted":[152,153],"rejected":[0,0],"hostPumpStalls":0}
{"second":71,"accepted":[2139,2139],"rejected":[0,0],"hostPumpStalls":0}
{"second":138,"accepted":[4145,4145],"rejected":[0,0],"hostPumpStalls":0}
{"second":205,"accepted":[6167,6168],"rejected":[0,0],"hostPumpStalls":0}
{"second":273,"accepted":[8194,8194],"rejected":[0,0],"hostPumpStalls":0}
{"second":337,"accepted":[10131,10132],"rejected":[0,0],"hostPumpStalls":0}
{"second":360,"accepted":[10804,10804],"rejected":[0,0],"hostPumpStalls":0}
{
  "functionalPass": true,
  "duration": 360.12384499999996,
  "rounds": 6,
  "classUses": {
    "Needle": 12,
    "Line": 7,
    "Bastion": 6,
    "Comet": 5,
    "Trail": 3,
    "Flint": 7,
    "Quill": 7,
    "Vandal": 5,
    "Kestrel": 6,
    "Bulwark": 5
  },
  "clients": [
    {
      "slot": 0,
      "sent": 10804,
      "accepted": 10804,
      "rejected": 0,
      "hz": 30.00079042252812
    },
    {
      "slot": 1,
      "sent": 10804,
      "accepted": 10804,
      "rejected": 0,
      "hz": 30.00079042252812
    }
  ]
}
