{"second":0,"accepted":[0,0],"rejected":[0,0],"hostPumpStalls":0}
{"second":4,"accepted":[137,137],"rejected":[0,0],"hostPumpStalls":0}
{"second":71,"accepted":[2133,2133],"rejected":[0,0],"hostPumpStalls":0}
{"second":138,"accepted":[4144,4144],"rejected":[0,0],"hostPumpStalls":0}
{"second":205,"accepted":[6145,6145],"rejected":[0,0],"hostPumpStalls":0}
{"second":272,"accepted":[8165,8165],"rejected":[0,0],"hostPumpStalls":0}
{"second":337,"accepted":[10107,10107],"rejected":[0,0],"hostPumpStalls":0}
{"second":360,"accepted":[10806,10806],"rejected":[0,0],"hostPumpStalls":0}
{
  "functionalPass": true,
  "duration": 360.16729860000004,
  "rounds": 6,
  "classUses": {
    "Needle": 12,
    "Line": 6,
    "Bastion": 6,
    "Comet": 3,
    "Trail": 7,
    "Flint": 7,
    "Quill": 7,
    "Vandal": 5,
    "Kestrel": 2,
    "Bulwark": 5
  },
  "clients": [
    {
      "slot": 0,
      "sent": 10806,
      "accepted": 10806,
      "rejected": 0,
      "hz": 30.00272385084324
    },
    {
      "slot": 1,
      "sent": 10806,
      "accepted": 10806,
      "rejected": 0,
      "hz": 30.00272385084324
    }
  ]
}
