{"second":0,"accepted":[0,0],"rejected":[0,0],"hostPumpStalls":0}
{"second":4,"accepted":[120,119],"rejected":[0,0],"hostPumpStalls":0}
{"second":64,"accepted":[1923,1923],"rejected":[0,0],"hostPumpStalls":0}
{"second":124,"accepted":[3724,3725],"rejected":[0,0],"hostPumpStalls":0}
{"second":184,"accepted":[5527,5527],"rejected":[0,0],"hostPumpStalls":0}
{"second":244,"accepted":[7329,7329],"rejected":[0,0],"hostPumpStalls":0}
{"second":304,"accepted":[9137,9137],"rejected":[0,0],"hostPumpStalls":0}
{"second":364,"accepted":[10936,10936],"rejected":[0,0],"hostPumpStalls":0}
{"second":424,"accepted":[12736,12736],"rejected":[0,0],"hostPumpStalls":0}
{"second":484,"accepted":[14539,14539],"rejected":[0,0],"hostPumpStalls":0}
{"second":544,"accepted":[16347,16347],"rejected":[0,0],"hostPumpStalls":0}
{"second":605,"accepted":[18149,18149],"rejected":[0,0],"hostPumpStalls":0}
{"second":665,"accepted":[19953,19953],"rejected":[0,0],"hostPumpStalls":0}
{"second":725,"accepted":[21758,21758],"rejected":[0,0],"hostPumpStalls":0}
{"second":785,"accepted":[23555,23555],"rejected":[0,0],"hostPumpStalls":0}
{"second":845,"accepted":[25361,25361],"rejected":[0,0],"hostPumpStalls":0}
{"second":900,"accepted":[27007,27007],"rejected":[0,0],"hostPumpStalls":0}
{
  "functionalPass": true,
  "duration": 900.2224823,
  "rounds": 18,
  "classUses": {
    "Needle": 24,
    "Line": 6,
    "Bastion": 14,
    "Comet": 15,
    "Trail": 24,
    "Flint": 12,
    "Quill": 14,
    "Vandal": 8,
    "Kestrel": 12,
    "Bulwark": 5
  },
  "clients": [
    {
      "slot": 0,
      "sent": 27007,
      "accepted": 27007,
      "rejected": 0,
      "hz": 30.000361611719768
    },
    {
      "slot": 1,
      "sent": 27007,
      "accepted": 27007,
      "rejected": 0,
      "hz": 30.000361611719768
    }
  ]
}
