{"second":0,"accepted":[0,0],"rejected":[0,0],"hostPumpStalls":0}
{"second":4,"accepted":[122,122],"rejected":[0,0],"hostPumpStalls":0}
{"second":71,"accepted":[2123,2122],"rejected":[0,0],"hostPumpStalls":0}
{"second":137,"accepted":[4121,4121],"rejected":[0,0],"hostPumpStalls":0}
{"second":204,"accepted":[6122,6122],"rejected":[0,0],"hostPumpStalls":0}
{"second":271,"accepted":[8137,8137],"rejected":[0,0],"hostPumpStalls":0}
{"second":336,"accepted":[10080,10080],"rejected":[0,0],"hostPumpStalls":0}
{"second":400,"accepted":[12014,12014],"rejected":[0,0],"hostPumpStalls":0}
{"second":465,"accepted":[13948,13947],"rejected":[0,0],"hostPumpStalls":0}
{"second":529,"accepted":[15886,15885],"rejected":[0,0],"hostPumpStalls":0}
{"second":594,"accepted":[17825,17825],"rejected":[0,0],"hostPumpStalls":0}
{"second":659,"accepted":[19762,19762],"rejected":[0,0],"hostPumpStalls":0}
{"second":723,"accepted":[21694,21694],"rejected":[0,0],"hostPumpStalls":0}
{"second":788,"accepted":[23639,23639],"rejected":[0,0],"hostPumpStalls":0}
{"second":852,"accepted":[25578,25578],"rejected":[0,0],"hostPumpStalls":0}
{"second":900,"accepted":[27004,27004],"rejected":[0,0],"hostPumpStalls":0}
{
  "functionalPass": true,
  "duration": 900.1403815,
  "rounds": 14,
  "classUses": {
    "Needle": 20,
    "Line": 21,
    "Bastion": 14,
    "Comet": 15,
    "Trail": 16,
    "Flint": 21,
    "Quill": 19,
    "Vandal": 14,
    "Kestrel": 12,
    "Bulwark": 10
  },
  "clients": [
    {
      "slot": 0,
      "sent": 27004,
      "accepted": 27004,
      "rejected": 0,
      "hz": 29.999765097751034
    },
    {
      "slot": 1,
      "sent": 27004,
      "accepted": 27004,
      "rejected": 0,
      "hz": 29.999765097751034
    }
  ]
}
