{"second":0,"accepted":[0,0],"rejected":[0,0],"hostPumpStalls":0}
{"second":4,"accepted":[125,125],"rejected":[0,0],"hostPumpStalls":0}
{"second":64,"accepted":[1922,1922],"rejected":[0,0],"hostPumpStalls":0}
{"second":126,"accepted":[3798,3798],"rejected":[0,0],"hostPumpStalls":0}
{"second":191,"accepted":[5745,5745],"rejected":[0,0],"hostPumpStalls":0}
{"second":251,"accepted":[7538,7538],"rejected":[0,0],"hostPumpStalls":0}
{"second":311,"accepted":[9339,9339],"rejected":[0,0],"hostPumpStalls":0}
{"second":360,"accepted":[10804,10804],"rejected":[0,0],"hostPumpStalls":0}
{
  "functionalPass": true,
  "duration": 360.1165308,
  "rounds": 9,
  "classUses": {
    "Needle": 11,
    "Line": 5,
    "Bastion": 4,
    "Comet": 8,
    "Trail": 3,
    "Flint": 4,
    "Quill": 10,
    "Vandal": 4,
    "Kestrel": 3,
    "Bulwark": 2
  },
  "clients": [
    {
      "slot": 0,
      "sent": 10804,
      "accepted": 10804,
      "rejected": 0,
      "hz": 30.001399758014106
    },
    {
      "slot": 1,
      "sent": 10804,
      "accepted": 10804,
      "rejected": 0,
      "hz": 30.001399758014106
    }
  ]
}
