{"second":0,"accepted":[0,0],"rejected":[0,0],"hostPumpStalls":0}
{"second":4,"accepted":[166,166],"rejected":[0,0],"hostPumpStalls":0}
{"second":71,"accepted":[2142,2142],"rejected":[0,0],"hostPumpStalls":0}
{"second":138,"accepted":[4143,4143],"rejected":[0,0],"hostPumpStalls":0}
{"second":204,"accepted":[6150,6150],"rejected":[0,0],"hostPumpStalls":0}
{"second":272,"accepted":[8168,8168],"rejected":[0,0],"hostPumpStalls":0}
{"second":336,"accepted":[10109,10108],"rejected":[0,0],"hostPumpStalls":0}
{"second":360,"accepted":[10804,10804],"rejected":[0,0],"hostPumpStalls":0}
{
  "functionalPass": true,
  "duration": 360.1109756,
  "rounds": 6,
  "classUses": {
    "Needle": 5,
    "Line": 10,
    "Bastion": 6,
    "Comet": 5,
    "Trail": 2,
    "Flint": 7,
    "Quill": 7,
    "Vandal": 5,
    "Kestrel": 6,
    "Bulwark": 5
  },
  "clients": [
    {
      "slot": 0,
      "sent": 10804,
      "accepted": 10804,
      "rejected": 0,
      "hz": 30.00186257027818
    },
    {
      "slot": 1,
      "sent": 10804,
      "accepted": 10804,
      "rejected": 0,
      "hz": 30.00186257027818
    }
  ]
}
