{"second":0,"accepted":[0,0],"rejected":[0,0],"hostPumpStalls":0}
{"second":4,"accepted":[128,128],"rejected":[0,0],"hostPumpStalls":0}
{"second":64,"accepted":[1925,1925],"rejected":[0,0],"hostPumpStalls":0}
{"second":124,"accepted":[3726,3726],"rejected":[0,0],"hostPumpStalls":0}
{"second":180,"accepted":[5408,5408],"rejected":[0,0],"hostPumpStalls":0}
{
  "error": "AssertionError [ERR_ASSERTION]: Every class activated and reported ACTIVE\n    at file:///C:/Users/kazda/kiro/firetv-deathride-perf/deathride/tools/ability-stick-probe.mjs:108:9\n    at process.processTicksAndRejections (node:internal/process/task_queues:104:5)",
  "duration": 180.24251740000003,
  "rounds": 4,
  "classUses": {
    "Needle": 2,
    "Line": 3,
    "Bastion": 6,
    "Comet": 2,
    "Trail": 2,
    "Flint": 7,
    "Quill": 2,
    "Vandal": 2
  },
  "clients": [
    {
      "slot": 0,
      "sent": 5408,
      "accepted": 5408,
      "rejected": 0,
      "hz": 30.00401946228032
    },
    {
      "slot": 1,
      "sent": 5408,
      "accepted": 5408,
      "rejected": 0,
      "hz": 30.00401946228032
    }
  ]
}
