DeathRide audio musicMode=none
DeathRide audio gap movement.tyre: Owner Reject: tyre. Silent; no replacement.
DeathRide audio gap movement.skid: Owner Reject: skid. Silent; no replacement.
DeathRide audio gap movement.drift: Owner Reject: drift. Silent; no replacement.
DeathRide audio gap weapon.mine.drop: Owner Reject: mine-drop. Silent; mine arm and blast remain.
DeathRide audio gap race.lap: Owner Reject: lap. Silent; no replacement.
DeathRide audio gap race.position: The position cue reused rejected lap bytes; silent too.
DeathRide audio gap engine.Needle: Both Needle candidates rejected; engine.base fallback. No replacement generation.
DeathRide audio countdown retained as delivered; owner Maybe, later review
[DefaultDispatcher-worker-4] INFO ktor.application - Autoreload is disabled because the development mode is off.
[DefaultDispatcher-worker-4] INFO ktor.application - Application started in 0.045 seconds.
[DefaultDispatcher-worker-4] INFO ktor.application - Responding at http://127.0.0.1:8768
DeathRide pairing http://172.25.208.1:8768/?pin=2983
[DeathRide] art ready regions=175 bytes=19660800 failures=0 heading=runtime-rotation
[DeathRide] sceneryBake foundry slicedFrames=6 totalCpuMs=17.5111 maxSliceMs=4.2844
DeathRide race countdown mode=practice
DeathRide race countdown mode=practice
DeathRide {"phase":"countdown","raceSeconds":0.0,"frameTimeMs":{"lifetimeBinMs":0.1,"lifetimeCapMs":5000.0,"last10s":{"p50":16.6747,"p95":16.8705,"max":128.0606,"count":590},"sinceStart":{"p50":16.6,"p95":16.8,"max":128.0606,"count":590}},"simStepMs":{"lifetimeBinMs":0.001,"lifetimeCapMs":50.0,"last10s":{"p50":0.0988,"p95":0.5129,"max":2.4058,"count":370},"sinceStart":{"p50":0.098,"p95":0.512,"max":2.4058,"count":370}},"discardedSimulationMs":{"last10s":28,"sinceStart":28},"inputAgeMs":[{"lifetimeBinMs":0.1,"lifetimeCapMs":5000.0,"last10s":{"p50":16.983200011921326,"p95":38.776099988079295,"max":98.86339999403936,"count":348},"sinceStart":{"p50":16.900000000000002,"p95":38.7,"max":98.86339999403936,"count":348}},{"lifetimeBinMs":0.1,"lifetimeCapMs":5000.0,"last10s":{"p50":0.0,"p95":0.0,"max":0.0,"count":0},"sinceStart":{"p50":0.0,"p95":0.0,"max":0.0,"count":0}}],"combatSummary":{"mineBlastRadiusM":0.5,"mineTriggerRadiusM":0.5,"damageScale":1.0,"shotsByWeapon":[0,0,0,0],"active":6,"living":6,"finished":0,"shots":0,"projectiles":0,"mines":0,"blasts":0,"poolExhaustions":0,"abilityDamage":0.0,"abilityUses":0}}
DeathRide race countdown mode=practice
DeathRide {"phase":"countdown","raceSeconds":0.0,"frameTimeMs":{"lifetimeBinMs":0.1,"lifetimeCapMs":5000.0,"last10s":{"p50":16.6723,"p95":16.8543,"max":17.821900000000003,"count":599},"sinceStart":{"p50":16.6,"p95":16.8,"max":128.0606,"count":1190}},"simStepMs":{"lifetimeBinMs":0.001,"lifetimeCapMs":50.0,"last10s":{"p50":0.0758,"p95":0.1396,"max":0.2932,"count":323},"sinceStart":{"p50":0.085,"p95":0.339,"max":2.4058,"count":693}},"discardedSimulationMs":{"last10s":0,"sinceStart":28},"inputAgeMs":[{"lifetimeBinMs":0.1,"lifetimeCapMs":5000.0,"last10s":{"p50":17.201199991059184,"p95":39.94270000298093,"max":99.52549999106122,"count":323},"sinceStart":{"p50":17.0,"p95":39.5,"max":99.52549999106122,"count":671}},{"lifetimeBinMs":0.1,"lifetimeCapMs":5000.0,"last10s":{"p50":0.0,"p95":0.0,"max":0.0,"count":0},"sinceStart":{"p50":0.0,"p95":0.0,"max":0.0,"count":0}}],"combatSummary":{"mineBlastRadiusM":0.5,"mineTriggerRadiusM":0.5,"damageScale":1.0,"shotsByWeapon":[0,0,0,0],"active":6,"living":6,"finished":0,"shots":0,"projectiles":0,"mines":0,"blasts":0,"poolExhaustions":0,"abilityDamage":0.0,"abilityUses":0}}
DeathRide race countdown mode=practice
DeathRide {"phase":"race","raceSeconds":0.8666666666666677,"frameTimeMs":{"lifetimeBinMs":0.1,"lifetimeCapMs":5000.0,"last10s":{"p50":16.6667,"p95":16.8338,"max":34.5675,"count":599},"sinceStart":{"p50":16.6,"p95":16.8,"max":128.0606,"count":1790}},"simStepMs":{"lifetimeBinMs":0.001,"lifetimeCapMs":50.0,"last10s":{"p50":0.0743,"p95":0.1181,"max":0.3674,"count":375},"sinceStart":{"p50":0.08,"p95":0.242,"max":2.4058,"count":1068}},"discardedSimulationMs":{"last10s":0,"sinceStart":28},"inputAgeMs":[{"lifetimeBinMs":0.1,"lifetimeCapMs":5000.0,"last10s":{"p50":16.965499991059914,"p95":37.09589998510273,"max":100.26969998509958,"count":375},"sinceStart":{"p50":17.0,"p95":38.400000000000006,"max":100.26969998509958,"count":1046}},{"lifetimeBinMs":0.1,"lifetimeCapMs":5000.0,"last10s":{"p50":0.0,"p95":0.0,"max":0.0,"count":0},"sinceStart":{"p50":0.0,"p95":0.0,"max":0.0,"count":0}}],"combatSummary":{"mineBlastRadiusM":0.5,"mineTriggerRadiusM":0.5,"damageScale":1.0,"shotsByWeapon":[0,0,0,0],"active":6,"living":6,"finished":0,"shots":0,"projectiles":0,"mines":0,"blasts":0,"poolExhaustions":0,"abilityDamage":0.0,"abilityUses":0}}
DeathRide race countdown mode=practice
DeathRide {"phase":"race","raceSeconds":2.466666666666663,"frameTimeMs":{"lifetimeBinMs":0.1,"lifetimeCapMs":5000.0,"last10s":{"p50":16.6742,"p95":16.861500000000003,"max":20.6712,"count":599},"sinceStart":{"p50":16.6,"p95":16.8,"max":128.0606,"count":2390}},"simStepMs":{"lifetimeBinMs":0.001,"lifetimeCapMs":50.0,"last10s":{"p50":0.0629,"p95":0.0993,"max":0.6104,"count":420},"sinceStart":{"p50":0.075,"p95":0.192,"max":2.4058,"count":1489}},"discardedSimulationMs":{"last10s":0,"sinceStart":28},"inputAgeMs":[{"lifetimeBinMs":0.1,"lifetimeCapMs":5000.0,"last10s":{"p50":16.853700002982805,"p95":36.262299997019,"max":99.08989999106416,"count":420},"sinceStart":{"p50":16.900000000000002,"p95":37.800000000000004,"max":100.26969998509958,"count":1467}},{"lifetimeBinMs":0.1,"lifetimeCapMs":5000.0,"last10s":{"p50":0.0,"p95":0.0,"max":0.0,"count":0},"sinceStart":{"p50":0.0,"p95":0.0,"max":0.0,"count":0}}],"combatSummary":{"mineBlastRadiusM":0.5,"mineTriggerRadiusM":0.5,"damageScale":1.0,"shotsByWeapon":[0,0,0,0],"active":6,"living":6,"finished":0,"shots":0,"projectiles":0,"mines":0,"blasts":0,"poolExhaustions":0,"abilityDamage":0.0,"abilityUses":0}}
DeathRide race countdown mode=practice
DeathRide {"phase":"race","raceSeconds":4.016666666666658,"frameTimeMs":{"lifetimeBinMs":0.1,"lifetimeCapMs":5000.0,"last10s":{"p50":16.6735,"p95":16.8704,"max":19.6771,"count":599},"sinceStart":{"p50":16.6,"p95":16.8,"max":128.0606,"count":2990}},"simStepMs":{"lifetimeBinMs":0.001,"lifetimeCapMs":50.0,"last10s":{"p50":0.0567,"p95":0.083,"max":0.2861,"count":420},"sinceStart":{"p50":0.07,"p95":0.164,"max":2.4058,"count":1910}},"discardedSimulationMs":{"last10s":0,"sinceStart":28},"inputAgeMs":[{"lifetimeBinMs":0.1,"lifetimeCapMs":5000.0,"last10s":{"p50":16.88079999403999,"p95":34.47660000000178,"max":99.18669999999838,"count":420},"sinceStart":{"p50":16.900000000000002,"p95":37.6,"max":100.26969998509958,"count":1888}},{"lifetimeBinMs":0.1,"lifetimeCapMs":5000.0,"last10s":{"p50":0.0,"p95":0.0,"max":0.0,"count":0},"sinceStart":{"p50":0.0,"p95":0.0,"max":0.0,"count":0}}],"combatSummary":{"mineBlastRadiusM":0.5,"mineTriggerRadiusM":0.5,"damageScale":1.0,"shotsByWeapon":[0,0,0,0],"active":6,"living":6,"finished":0,"shots":0,"projectiles":0,"mines":0,"blasts":0,"poolExhaustions":0,"abilityDamage":0.0,"abilityUses":0}}
DeathRide race countdown mode=practice
