DeathRide audio musicMode=none
DeathRide audio gap movement.tyre: Owner Reject: tyre. Silent; no replacement.
DeathRide audio gap movement.skid: Owner Reject: skid. Silent; no replacement.
DeathRide audio gap movement.drift: Owner Reject: drift. Silent; no replacement.
DeathRide audio gap weapon.mine.drop: Owner Reject: mine-drop. Silent; mine arm and blast remain.
DeathRide audio gap race.lap: Owner Reject: lap. Silent; no replacement.
DeathRide audio gap race.position: The position cue reused rejected lap bytes; silent too.
DeathRide audio gap engine.Needle: Both Needle candidates rejected; engine.base fallback. No replacement generation.
DeathRide audio countdown retained as delivered; owner Maybe, later review
[DefaultDispatcher-worker-3] INFO ktor.application - Autoreload is disabled because the development mode is off.
[DefaultDispatcher-worker-3] INFO ktor.application - Application started in 0.063 seconds.
DeathRide pairing http://172.25.208.1:8768/?pin=2356
[DefaultDispatcher-worker-4] INFO ktor.application - Responding at http://127.0.0.1:8768
[DeathRide] art ready regions=175 bytes=19660800 failures=0 heading=runtime-rotation
[DeathRide] sceneryBake foundry slicedFrames=7 totalCpuMs=24.1428 maxSliceMs=5.5595
DeathRide race countdown mode=practice
DeathRide {"phase":"race","raceSeconds":5.749999999999985,"frameTimeMs":{"lifetimeBinMs":0.1,"lifetimeCapMs":5000.0,"last10s":{"p50":16.673199999999998,"p95":17.200400000000002,"max":246.3641,"count":574},"sinceStart":{"p50":16.6,"p95":17.2,"max":246.3641,"count":574}},"simStepMs":{"lifetimeBinMs":0.001,"lifetimeCapMs":50.0,"last10s":{"p50":0.1459,"p95":0.7185,"max":7.8683,"count":398},"sinceStart":{"p50":0.145,"p95":0.718,"max":7.8683,"count":398}},"discardedSimulationMs":{"last10s":148,"sinceStart":148},"inputAgeMs":[{"lifetimeBinMs":0.1,"lifetimeCapMs":5000.0,"last10s":{"p50":16.794300014900728,"p95":41.70100000000002,"max":99.55349999999999,"count":362},"sinceStart":{"p50":16.7,"p95":41.7,"max":99.55349999999999,"count":362}},{"lifetimeBinMs":0.1,"lifetimeCapMs":5000.0,"last10s":{"p50":0.0,"p95":0.0,"max":0.0,"count":0},"sinceStart":{"p50":0.0,"p95":0.0,"max":0.0,"count":0}}],"combatSummary":{"mineBlastRadiusM":0.5,"mineTriggerRadiusM":0.5,"damageScale":1.0,"shotsByWeapon":[5,1,3,1],"active":6,"living":6,"finished":0,"shots":10,"projectiles":0,"mines":3,"blasts":0,"poolExhaustions":0,"abilityDamage":0.0,"abilityUses":2}}
DeathRide race countdown mode=practice
DeathRide {"phase":"race","raceSeconds":6.16666666666665,"frameTimeMs":{"lifetimeBinMs":0.1,"lifetimeCapMs":5000.0,"last10s":{"p50":16.674000000000003,"p95":16.865399999999998,"max":20.546499999999998,"count":600},"sinceStart":{"p50":16.6,"p95":17.0,"max":246.3641,"count":1174}},"simStepMs":{"lifetimeBinMs":0.001,"lifetimeCapMs":50.0,"last10s":{"p50":0.0716,"p95":0.126,"max":0.2288,"count":421},"sinceStart":{"p50":0.091,"p95":0.421,"max":7.8683,"count":819}},"discardedSimulationMs":{"last10s":0,"sinceStart":148},"inputAgeMs":[{"lifetimeBinMs":0.1,"lifetimeCapMs":5000.0,"last10s":{"p50":16.95399999702022,"p95":37.22429997615836,"max":99.14530000893865,"count":421},"sinceStart":{"p50":16.8,"p95":39.6,"max":99.55349999999999,"count":783}},{"lifetimeBinMs":0.1,"lifetimeCapMs":5000.0,"last10s":{"p50":0.0,"p95":0.0,"max":0.0,"count":0},"sinceStart":{"p50":0.0,"p95":0.0,"max":0.0,"count":0}}],"combatSummary":{"mineBlastRadiusM":0.5,"mineTriggerRadiusM":0.5,"damageScale":1.0,"shotsByWeapon":[5,4,3,3],"active":6,"living":6,"finished":0,"shots":15,"projectiles":1,"mines":3,"blasts":0,"poolExhaustions":0,"abilityDamage":0.0,"abilityUses":4}}
DeathRide race countdown mode=practice
DeathRide {"phase":"lobby","raceSeconds":0.2833333333333333,"frameTimeMs":{"lifetimeBinMs":0.1,"lifetimeCapMs":5000.0,"last10s":{"p50":16.6714,"p95":16.8465,"max":19.5763,"count":600},"sinceStart":{"p50":16.6,"p95":16.900000000000002,"max":246.3641,"count":1774}},"simStepMs":{"lifetimeBinMs":0.001,"lifetimeCapMs":50.0,"last10s":{"p50":0.0648,"p95":0.1088,"max":0.8846,"count":421},"sinceStart":{"p50":0.077,"p95":0.295,"max":7.8683,"count":1240}},"discardedSimulationMs":{"last10s":0,"sinceStart":148},"inputAgeMs":[{"lifetimeBinMs":0.1,"lifetimeCapMs":5000.0,"last10s":{"p50":16.897300002980046,"p95":38.44129998509743,"max":99.59349999701953,"count":421},"sinceStart":{"p50":16.8,"p95":39.300000000000004,"max":99.59349999701953,"count":1204}},{"lifetimeBinMs":0.1,"lifetimeCapMs":5000.0,"last10s":{"p50":0.0,"p95":0.0,"max":0.0,"count":0},"sinceStart":{"p50":0.0,"p95":0.0,"max":0.0,"count":0}}],"combatSummary":{"mineBlastRadiusM":0.5,"mineTriggerRadiusM":0.5,"damageScale":1.0,"shotsByWeapon":[0,0,0,0],"active":6,"living":6,"finished":0,"shots":0,"projectiles":0,"mines":0,"blasts":0,"poolExhaustions":0,"abilityDamage":0.0,"abilityUses":0}}
DeathRide race countdown mode=practice
