{"second":0,"accepted":[0,0],"rejected":[0,0],"hostPumpStalls":0}
{"second":4,"accepted":[131,131],"rejected":[0,0],"hostPumpStalls":0}
{"second":71,"accepted":[2127,2127],"rejected":[0,0],"hostPumpStalls":0}
{"second":138,"accepted":[4133,4133],"rejected":[0,0],"hostPumpStalls":0}
{"second":204,"accepted":[6139,6139],"rejected":[0,0],"hostPumpStalls":0}
{"second":272,"accepted":[8169,8169],"rejected":[0,0],"hostPumpStalls":0}
{"second":337,"accepted":[10109,10109],"rejected":[0,0],"hostPumpStalls":0}
{"second":360,"accepted":[10802,10802],"rejected":[0,0],"hostPumpStalls":0}
{
  "functionalPass": true,
  "duration": 360.0607687,
  "rounds": 6,
  "classUses": {
    "Needle": 12,
    "Line": 7,
    "Bastion": 6,
    "Comet": 5,
    "Trail": 3,
    "Flint": 7,
    "Quill": 7,
    "Vandal": 5,
    "Kestrel": 6,
    "Bulwark": 5
  },
  "clients": [
    {
      "slot": 0,
      "sent": 10802,
      "accepted": 10802,
      "rejected": 0,
      "hz": 30.000491414270538
    },
    {
      "slot": 1,
      "sent": 10802,
      "accepted": 10802,
      "rejected": 0,
      "hz": 30.000491414270538
    }
  ]
}
