WARNING: We recommend using a newer Android Gradle plugin to use compileSdk = 36

This Android Gradle plugin (8.7.3) was tested up to compileSdk = 35.

You are strongly encouraged to update your project to use a newer
Android Gradle plugin that has been tested with compileSdk = 36.

If you are already using the latest version of the Android Gradle plugin,
you may need to wait until a newer version with support for compileSdk = 36 is available.

For more information refer to the compatibility table:
https://d.android.com/r/tools/api-level-support

To suppress this warning, add/update
    android.suppressUnsupportedCompileSdk=36
to this project's gradle.properties.
> Task :core:checkKotlinGradlePluginConfigurationErrors SKIPPED
> Task :game:checkKotlinGradlePluginConfigurationErrors SKIPPED
> Task :link:checkKotlinGradlePluginConfigurationErrors SKIPPED
> Task :link:processResources NO-SOURCE
> Task :link:processTestResources NO-SOURCE
> Task :game:processResources NO-SOURCE
> Task :app:extractNatives UP-TO-DATE
> Task :app:preBuild UP-TO-DATE
> Task :app:preDebugBuild UP-TO-DATE
> Task :app:mergeDebugNativeDebugMetadata NO-SOURCE
> Task :app:checkKotlinGradlePluginConfigurationErrors SKIPPED
> Task :core:compileKotlin UP-TO-DATE
> Task :core:compileJava NO-SOURCE
> Task :core:processResources UP-TO-DATE
> Task :core:classes UP-TO-DATE
> Task :core:jar UP-TO-DATE
> Task :core:compileTestKotlin UP-TO-DATE
> Task :core:compileTestJava NO-SOURCE
> Task :core:processTestResources UP-TO-DATE
> Task :core:testClasses UP-TO-DATE
> Task :app:checkDebugAarMetadata UP-TO-DATE
> Task :app:generateDebugResValues UP-TO-DATE
> Task :link:compileKotlin UP-TO-DATE
> Task :link:compileJava NO-SOURCE
> Task :link:classes UP-TO-DATE
> Task :app:mapDebugSourceSetPaths UP-TO-DATE
> Task :app:generateDebugResources UP-TO-DATE
> Task :link:jar UP-TO-DATE
> Task :app:mergeDebugResources UP-TO-DATE
> Task :app:packageDebugResources UP-TO-DATE
> Task :app:parseDebugLocalResources UP-TO-DATE
> Task :app:createDebugCompatibleScreenManifests UP-TO-DATE
> Task :app:extractDeepLinksDebug UP-TO-DATE
> Task :app:processDebugMainManifest UP-TO-DATE
> Task :app:processDebugManifest UP-TO-DATE
> Task :app:processDebugManifestForPackage UP-TO-DATE
> Task :game:compileKotlin UP-TO-DATE
> Task :link:compileTestKotlin UP-TO-DATE
> Task :game:compileJava NO-SOURCE
> Task :game:classes UP-TO-DATE
> Task :game:jar UP-TO-DATE
> Task :link:compileTestJava NO-SOURCE
> Task :link:testClasses UP-TO-DATE
> Task :app:processDebugResources UP-TO-DATE
> Task :link:test UP-TO-DATE
> Task :app:compileDebugKotlin UP-TO-DATE
> Task :app:javaPreCompileDebug UP-TO-DATE
> Task :app:compileDebugJavaWithJavac NO-SOURCE
> Task :app:mergeDebugShaders UP-TO-DATE
> Task :app:compileDebugShaders NO-SOURCE
> Task :app:generateDebugAssets UP-TO-DATE
> Task :app:mergeDebugAssets UP-TO-DATE
> Task :app:compressDebugAssets UP-TO-DATE
> Task :app:desugarDebugFileDependencies UP-TO-DATE
> Task :app:dexBuilderDebug UP-TO-DATE
> Task :app:mergeDebugGlobalSynthetics UP-TO-DATE
> Task :app:processDebugJavaRes UP-TO-DATE
> Task :app:mergeDebugJavaResource UP-TO-DATE
> Task :app:checkDebugDuplicateClasses UP-TO-DATE
> Task :app:mergeExtDexDebug UP-TO-DATE
> Task :app:mergeLibDexDebug UP-TO-DATE
> Task :app:mergeProjectDexDebug UP-TO-DATE
> Task :app:mergeDebugJniLibFolders UP-TO-DATE
> Task :app:mergeDebugNativeLibs UP-TO-DATE
> Task :app:stripDebugDebugSymbols UP-TO-DATE
> Task :app:validateSigningDebug UP-TO-DATE
> Task :app:writeDebugAppMetadata UP-TO-DATE
> Task :app:writeDebugSigningConfigVersions UP-TO-DATE
> Task :app:packageDebug UP-TO-DATE
> Task :app:createDebugApkListingFileRedirect UP-TO-DATE
> Task :app:assembleDebug UP-TO-DATE

> Task :core:test

BalanceSmokeTest > scenarioCastAndDamageTimingAreValidAndReplay() PASSED

CareerTest > orderedContentUnlocksCupTargetsAndDuplicateSettlement() PASSED

CareerTest > versionOneMigratesAndImpossibleCareerStateIsRejected() PASSED

CareerTest > tiersChangeDecisionsWithoutChangingPower() PASSED

CareerTest > campaignCombatReplaysAndAllocatesNothing() PASSED

CareerV2Test > allFiveActsUseEveryCourseAndOriginalStoryCardsWithoutPowerDifficulty() PASSED

CareerV2Test > finalDuelHasTwoPhysicalEntrantsAndRequiresVictory() PASSED

CareerV2Test > nominalLedgerUsesRealShopsAndFixedFieldSchedule() PASSED

CareerV2Test > resultsFundRivalsAndGrudgesOnlyAlterDecisions() PASSED

CareerV2Test > rivalSettlementIsIdempotentAndDuelSteppingAllocatesNothing() PASSED

CareerV2Test > everyLegacyDivisionCanFundEligibleRivalsAndRepeatSeasonsKeepAnEntryCar() PASSED

CareerV2Test > actualVersionThreeSaveMigratesWithoutLosingPropertyOrAddingDebt() PASSED

CareerV2Test > guestReplacesARegularRivalAndPreservesTheNamedBoss() PASSED

CareerV2Test > fixedCupAndContractCreditsAreNotMultipliedAgainByDivisionPrizes() PASSED

CareerV2Test > versionTwoRetainsCarsEarnedUnderTheOldUnlockSchedule() PASSED

CarsTest > lapAndPairedRaceMatrix() PASSED

CarsTest > catalogHasTenClassesAndEveryMappingIsConsumed() PASSED

CombatDepthTest > scatterDeduplicatesBodyCirclesAndRaysAndCostsAmmo() PASSED

CombatDepthTest > reservesChangeAccelerationWithoutRaisingTheSpeedCap() PASSED

CombatDepthTest > fullLoadoutReplaysAndNewStepPathsAllocateNothing() PASSED

CombatDepthTest > cashPickupIsBoundedAndHullRepairUsesTheClassMaximum() PASSED

CombatDepthTest > spikesUseTheRamCooldownAndSabotageIsDeclaredAndNonCumulative() PASSED

CombatTest > rayAndSweptProjectileNeverHitShooterAndUseAmmoCooldown() PASSED

CombatTest > seededCombatResolvesAllCoursesAndReplayMatches() PASSED

CombatTest > armorHasOneAuthorityAndWreckRejectsEveryAction() PASSED

CombatTest > staleAndReconnectClearAllAttackHolds() PASSED

CombatTest > mineArmsThenHitsEachCarOnceIncludingOwnerAndPoolReuseIsClean() PASSED

CombatTest > pickupsRespectCapsRespawnAndUnavailableMounts() PASSED

CombatTest > activeCombatAllocatesNothingAcrossRepeatedLiveStarts() PASSED

CombatTest > startProtectionIsVisibleAndDoesNotSpendAmmunition() PASSED

CombatTest > ramsDeduplicatePerPairAndLastSurvivorWins() PASSED

CommerceTest > versionTwoMigratesOwnershipPartsAndConditionWithoutAddingDebt() PASSED

CommerceTest > twoThousandEconomicPathsAndTornadoKeepInsuredIncomePositive() PASSED

CommerceTest > marketIsAtomicOnRejectAndCannotMintMoneyOrSellTheLastCar() PASSED

CommerceTest > itemsArePaidBoundedConsumedAtStartAndSurviveReload() PASSED

CommerceTest > contentHasEightAttackOrUtilityChoicesWithCompleteConsumers() PASSED

CommerceTest > contractsBonusesCashAndResultsPayOnlyOnce() PASSED

CommerceTest > loanRepaymentInsuranceAndManualRepairCannotCreateADeadEnd() PASSED

DriftLabTest > fullDriftExperimentReplaysAndAllocatesNothingWhileInputsVary() PASSED

DriftLabTest > timingIsASkillAndEveryClassHasARecoverableUsefulSlide() PASSED

DriftLabTest > heavyRotatesLaterAndAnEqualAngleSlideHasMoreMomentumAndLongerRecovery() PASSED

DriftLabTest > importedTuningValidatesTheFinalPairAndRejectsInvalidDataAtomically() PASSED

DriftLabTest > sizeAndInertiaPerturbationsChangeRotationWithoutRetuningStats() PASSED

DriftLabTest > allFiveProfilesStillDriveAtOrdinaryGripInputsAndBaselineDeltasAreExplicit() PASSED

DriftLabTest > aSpinHittingTheWallLosesSpeedAndHullInTheNormalWorldStep() PASSED

DriftModelTest > unpoweredSlideDissipatesEnergyAndHeavierLoadRetainsMoreMomentum() STANDARD_OUT
    Same geometry and input; mass-only slide 0.5s: 17.19839661099138 vs 17.53606696054499 m/s

DriftModelTest > unpoweredSlideDissipatesEnergyAndHeavierLoadRetainsMoreMomentum() PASSED

DriftModelTest > scaledGeometryAndUpgradedMassChangeInertiaWithoutDuplicateShapeNumbers() PASSED

DriftModelTest > aSpinIsReportedUntilSettledAndResetClearsIt() PASSED

DriftModelTest > reverseMomentumIsNotDeletedAndBrakingDoesNotCreateReverse() PASSED

DriftModelTest > qualityUsesRetentionDurationAndSmoothnessAndSnapshotIsCoherent() PASSED

DriftModelTest > entryAndCatchWitnessesForEveryClass() STANDARD_OUT
    class,scenario,peakSlipDeg,retainedAtRelease,recoverySeconds,spins,exitSpeedMps
    Needle,0,9.405250311221478,0.9200587838065398,0.16666666666666666,0,13.908518712618477
    Needle,1,97.85464469094377,0.8290781405972264,1.6,1,8.807519102571439
    Needle,2,180.0,0.8290781405972264,4.016666666666667,1,5.0768391490640035
    Needle,3,180.0,0.8290781405972264,2.05,1,7.625547347317309
    Line,0,3.405389495919659,0.916659024297866,0.11666666666666667,0,11.37920294472227
    Line,1,31.604254706113693,0.8177766767874984,0.8833333333333333,0,10.469493884147106
    Line,2,180.0,0.8177766767874984,4.566666666666666,1,2.5963114500189257
    Line,3,31.65321984216304,0.8177766767874984,0.8333333333333334,0,10.052186353855236
    Bastion,0,2.6198753793941427,0.9238178856634672,0.16666666666666666,0,10.574661126451153
    Bastion,1,20.148705582745105,0.8001097295576737,0.4,0,9.733652526613772
    Bastion,2,162.39007622888988,0.8001097295576737,2.3166666666666664,1,4.392372774877854
    Bastion,3,20.080866956940906,0.8001097295576737,0.4,0,9.660059662884786
    Comet,0,2.191503457887397,1.0174253203429167,0.13333333333333333,0,14.489098839329866
    Comet,1,24.378981065994196,0.888397629523978,0.4666666666666667,0,13.589530170907047
    Comet,2,180.0,0.888397629523978,3.2,1,6.265192976554461
    Comet,3,24.36090080360592,0.888397629523978,0.4166666666666667,0,13.484464592987155
    Trail,0,2.579188252555025,0.9033673497577069,0.18333333333333332,0,13.062554230258197
    Trail,1,68.33931416071243,0.6999051205779294,1.5333333333333332,1,8.974865175748429
    Trail,2,180.0,0.6999051205779294,3.1666666666666665,1,5.638998269911199
    Trail,3,104.23215484845413,0.6999051205779294,1.2833333333333332,1,8.15853661582042
    Flint,0,8.362841048507589,0.9570304240501234,0.15,0,15.80838619228196
    Flint,1,70.09519396230705,0.8425843113021071,1.6666666666666667,1,11.873757534285184
    Flint,2,180.0,0.8425843113021071,3.433333333333333,1,7.238688221826619
    Flint,3,107.95577703425796,0.8425843113021071,1.5333333333333332,1,10.363976624825996
    Quill,0,6.623141672955918,0.9592234198427427,0.11666666666666667,0,16.707581494453642
    Quill,1,97.19061244119891,0.8062571188447339,1.3,1,11.859583480168645
    Quill,2,180.0,0.8062571188447339,3.0833333333333335,1,8.443046608435285
    Quill,3,179.99999980469877,0.8062571188447339,1.5,1,10.582337179907695
    Vandal,0,2.145631355022311,0.9462624044819161,0.15,0,13.251850014075483
    Vandal,1,30.88575889366869,0.8151426884240663,0.7666666666666666,0,12.19328883793585
    Vandal,2,180.0,0.8151426884240663,3.683333333333333,1,4.969484570552111
    Vandal,3,30.710691647022472,0.8151426884240663,0.65,0,11.820508203821527
    Kestrel,0,4.418514108260818,1.0531036842173316,0.13333333333333333,0,17.277747345774944
    Kestrel,1,24.599571482584153,0.8356087607403574,0.3333333333333333,0,15.900754224517641
    Kestrel,2,86.30565696062361,0.8356087607403574,1.8833333333333333,1,11.132299055963008
    Kestrel,3,24.599571482584153,0.8356087607403574,0.26666666666666666,0,15.829113900653761
    Bulwark,0,2.4016177027198724,1.027316687224362,0.15,0,16.240833371199997
    Bulwark,1,26.014262680776184,0.900474211350678,0.5833333333333334,0,15.31352771013746
    Bulwark,2,180.0,0.900474211350678,3.183333333333333,1,7.6216447339805615
    Bulwark,3,25.93598099738355,0.900474211350678,0.5,0,15.128631888568822


DriftModelTest > entryAndCatchWitnessesForEveryClass() PASSED

DriftModelTest > axleCirclesAndContinuousCurveHaveRealConsumers() PASSED

DriftModelTest > activeDriftAndSpinAllocateZeroAndReplay() PASSED

DriftTest > hysteresisRetainsBothHistoriesInsideTheBand() PASSED

DriftTest > brakingUnloadsLateralGrip() PASSED

DriftTest > countersteeringCatchesTheSlide() STANDARD_OUT
    Countersteer: slip 21.85452018530294 to 9.603135582092992 degrees in 0.2 simulated seconds

DriftTest > countersteeringCatchesTheSlide() PASSED

FeelTest > humanProfilesAllocateNothingAfterWarmup() PASSED

FeelTest > strictKernelsMatchAcrossTrackAngleRange() PASSED

FeelTest > shapingAndDeterminismAndImmediatePropulsionRelease() PASSED

FeelTest > tracesAndDeclaredBands() PASSED

GarageTest > offersChargeOnceStayOnTheirCarAndRejectClassLimits() PASSED

GarageTest > receiptsAreIdempotentInsuredAndBounded() PASSED

GarageTest > seededEconomyAndExtremesHaveNoDebtOrUnboundedPower() PASSED

GarageTest > saveRoundTripRejectsCorruptionAndRecoversPreviousGoodCopy() PASSED

GarageTest > everyPartChangesItsPromisedPhysicalOrCombatConsumer() PASSED

MovementTest > transferDriftSurfaceOrderingAndStaleSafety() PASSED

MovementTest > everySurfaceCompletesSeededAiRacesDeterministically() PASSED

MovementTest > glancingRetainsTangentButHeadOnLosesSpeed() PASSED

MovementTest > massContactsConserveLinearMomentumAndFavorHeavyCar() PASSED

MovementTest > advancedMovementAllocatesNothing() PASSED

ProgressionRosterTest > heavyPaysForSpeedWithLaunchSteeringResponseAndBrakingAndCanBeKilled() PASSED

ProgressionRosterTest > budgetIdentityAndDerivedUpgradeRatingRejectBadContent() PASSED

RenderSnapshotTest > readOnlyCombatSnapshotUsesActualHullAndRetainsPreviousState() PASSED

RosterV2Test > fiveCarSavesKeepEveryOwnedPartAndReceipt() PASSED

RosterV2Test > stockCourseMatrixCompletesAndReplays() STANDARD_OUT
    C1 fastest classes across courses: [Quill, Kestrel]; within tiers: {rookie=[Needle], club=[Trail], pro=[Flint, Comet], elite=[Quill], champion=[Kestrel]}

RosterV2Test > stockCourseMatrixCompletesAndReplays() PASSED

RosterV2Test > rosterPricesPeersDimensionsAndAmmunitionHaveConsumers() PASSED

SoakTest > fixedStepHasNoSteadyStateAllocations() STANDARD_OUT
    World.step allocated 0 bytes over 10,000 warmed steps on this JVM

SoakTest > fixedStepHasNoSteadyStateAllocations() PASSED

SoakTest > wallRecoveryDoesNotNeedReverseOrTeleport() PASSED

SoakTest > fifteenSimulatedMinutesStayFiniteAndBounded() STANDARD_OUT
    900 simulated seconds, 12 full six-car races; not a real-time/device soak

SoakTest > fifteenSimulatedMinutesStayFiniteAndBounded() PASSED

SoakTest > finishedHumanDoesNotHandSteeringToAi() PASSED

TrackContentTest > remainingFeatureVocabularyLengthGridAndRecoveryRulesHaveMutants() PASSED

TrackContentTest > shortcutsSaveDistanceAtARealGripCostAndHaveAnAiConsumer() PASSED

TrackContentTest > newFeatureCourseRetainsAllocationGuarantee() PASSED

TrackContentTest > pacingLinterRejectsUnwarnedOutsideAndNonRiskyFeatures() PASSED

TrackContentTest > storedPlansThemesAndPoolsAreCompleteAndDistinct() PASSED

TrackContentTest > competitivePoolsFinishReplayAndPublishPacing() PASSED

TracksTest > authoredCourseStepAllocatesNothing() PASSED

TracksTest > sixCarsFinishEveryCourseAndReplayDeterministically() PASSED

TracksTest > samplingProjectionAndSequentialGatesAgree() PASSED

TracksTest > scaleContractIsPhysicalReadableAndVaried() PASSED

TracksTest > remainingSixGeometryAndPacingRulesRejectTheirNamedMutants() PASSED

TracksTest > allAuthoredContentPassesGeometryAndPacingLint() PASSED

TracksTest > longCarHasContactThroughItsMiddle() PASSED

TracksTest > linterRejectsNarrowReorderedAndCrossingCourses() PASSED

VergeTest > everyCarCanReachVergeSlowdownWhileContainedByEitherWall() PASSED

WorldTest > lapCountsOnceAndGateSkippingFails() PASSED

WorldTest > staleFramesHoldSteeringAndDropThrottle() PASSED

WorldTest > speedCoastBrakingAndTimeBasis() STANDARD_OUT
    Braking distance: 15 m/s -> 4.536974074091895 m; 25 m/s -> 12.01870009215559 m
    Full-lock slip after 2 s: 23.1528688186324 degrees; coast after 1 s: 24.07556393887442 m/s

WorldTest > speedCoastBrakingAndTimeBasis() PASSED

WorldTest > deterministicSixtySeconds() PASSED

WorldTest > gapsNonFiniteAndReconnectAreBounded() PASSED

WorldTest > collidingCarsSeparate() PASSED

WorldTest > wallsContainBothCarCircles() PASSED

WorldTest > twentySeededSixCarRacesComplete() STANDARD_OUT
    20 seeds / 120 finishers / six cars / 3 laps; race seconds min=70.84999999999727 max=74.59999999999705

WorldTest > twentySeededSixCarRacesComplete() PASSED

BUILD SUCCESSFUL in 5m 12s
48 actionable tasks: 1 executed, 47 up-to-date
