WARNING: We recommend using a newer Android Gradle plugin to use compileSdk = 36

This Android Gradle plugin (8.7.3) was tested up to compileSdk = 35.

You are strongly encouraged to update your project to use a newer
Android Gradle plugin that has been tested with compileSdk = 36.

If you are already using the latest version of the Android Gradle plugin,
you may need to wait until a newer version with support for compileSdk = 36 is available.

For more information refer to the compatibility table:
https://d.android.com/r/tools/api-level-support

To suppress this warning, add/update
    android.suppressUnsupportedCompileSdk=36
to this project's gradle.properties.
> Task :desktop:checkKotlinGradlePluginConfigurationErrors SKIPPED
> Task :game:checkKotlinGradlePluginConfigurationErrors SKIPPED
> Task :core:checkKotlinGradlePluginConfigurationErrors SKIPPED
> Task :game:processResources NO-SOURCE
> Task :desktop:processResources UP-TO-DATE
> Task :link:checkKotlinGradlePluginConfigurationErrors SKIPPED
> Task :link:processResources NO-SOURCE
> Task :link:processTestResources NO-SOURCE
> Task :app:extractNatives UP-TO-DATE
> Task :app:preBuild UP-TO-DATE
> Task :app:preDebugBuild UP-TO-DATE
> Task :app:mergeDebugNativeDebugMetadata NO-SOURCE
> Task :app:checkKotlinGradlePluginConfigurationErrors SKIPPED
> Task :app:checkDebugAarMetadata UP-TO-DATE
> Task :app:generateDebugResValues UP-TO-DATE
> Task :app:mapDebugSourceSetPaths UP-TO-DATE
> Task :app:generateDebugResources UP-TO-DATE
> Task :app:mergeDebugResources UP-TO-DATE
> Task :app:packageDebugResources UP-TO-DATE
> Task :app:parseDebugLocalResources UP-TO-DATE
> Task :app:createDebugCompatibleScreenManifests UP-TO-DATE
> Task :app:extractDeepLinksDebug UP-TO-DATE
> Task :app:processDebugMainManifest UP-TO-DATE
> Task :app:processDebugManifest UP-TO-DATE
> Task :app:processDebugManifestForPackage UP-TO-DATE
> Task :core:processResources UP-TO-DATE
> Task :core:processTestResources UP-TO-DATE
> Task :app:processDebugResources UP-TO-DATE
> Task :app:javaPreCompileDebug UP-TO-DATE
> Task :app:mergeDebugShaders UP-TO-DATE
> Task :app:compileDebugShaders NO-SOURCE
> Task :app:generateDebugAssets UP-TO-DATE
> Task :app:mergeDebugAssets UP-TO-DATE
> Task :app:compressDebugAssets UP-TO-DATE
> Task :app:desugarDebugFileDependencies UP-TO-DATE
> Task :app:checkDebugDuplicateClasses UP-TO-DATE
> Task :app:mergeExtDexDebug UP-TO-DATE
> Task :app:mergeDebugJniLibFolders UP-TO-DATE
> Task :app:validateSigningDebug UP-TO-DATE
> Task :app:writeDebugAppMetadata UP-TO-DATE
> Task :app:writeDebugSigningConfigVersions UP-TO-DATE
> Task :core:compileKotlin
> Task :core:compileJava NO-SOURCE
> Task :core:classes UP-TO-DATE
> Task :core:jar
> Task :link:compileKotlin
> Task :link:compileJava NO-SOURCE
> Task :link:classes UP-TO-DATE
> Task :link:jar UP-TO-DATE
> Task :link:compileTestKotlin
> Task :link:compileTestJava NO-SOURCE
> Task :link:testClasses UP-TO-DATE

> Task :core:compileTestKotlin
w: file:///C:/Users/kazda/kiro/firetv-deathride-drift/deathride/core/src/test/kotlin/dev/deathride/core/DriftLabTest.kt:92:39 'val id: Long' is deprecated. Deprecated in Java.
w: file:///C:/Users/kazda/kiro/firetv-deathride-drift/deathride/core/src/test/kotlin/dev/deathride/core/DriftModelTest.kt:122:39 'val id: Long' is deprecated. Deprecated in Java.

> Task :core:compileTestJava NO-SOURCE
> Task :core:testClasses UP-TO-DATE
> Task :game:compileKotlin
> Task :game:compileJava NO-SOURCE
> Task :game:classes UP-TO-DATE
> Task :game:jar
> Task :app:mergeDebugNativeLibs UP-TO-DATE
> Task :app:stripDebugDebugSymbols UP-TO-DATE
> Task :app:compileDebugKotlin
> Task :app:compileDebugJavaWithJavac NO-SOURCE
> Task :app:dexBuilderDebug UP-TO-DATE
> Task :app:processDebugJavaRes UP-TO-DATE
> Task :app:mergeProjectDexDebug UP-TO-DATE
> Task :app:mergeDebugGlobalSynthetics UP-TO-DATE
> Task :app:mergeLibDexDebug

> Task :link:test

LinkTest > badPinMalformedInputAndLifecycleAreContained() STANDARD_ERROR
    SLF4J: Failed to load class "org.slf4j.impl.StaticLoggerBinder".
    SLF4J: Defaulting to no-operation (NOP) logger implementation
    SLF4J: See http://www.slf4j.org/codes.html#StaticLoggerBinder for further details.

> Task :desktop:compileKotlin
> Task :desktop:compileJava NO-SOURCE
> Task :desktop:classes UP-TO-DATE

> Task :core:driftLab
Drift Lab: 360 scenarios; 900 hold probes; output C:\Users\kazda\kiro\firetv-deathride-drift\deathride\core\build\reports\drift-lab-calibrated

> Task :app:mergeDebugJavaResource
> Task :desktop:jar
> Task :app:packageDebug
> Task :app:createDebugApkListingFileRedirect UP-TO-DATE
> Task :app:assembleDebug
> Task :desktop:startScripts

> Task :link:test

LinkTest > badPinMalformedInputAndLifecycleAreContained() PASSED

LinkTest > statsWindowAndLifetimeHaveIndependentCounts() PASSED

> Task :desktop:installDist

> Task :link:test

LinkTest > occupiedPortReportsFailureWithoutKillingTheHost() PASSED

> Task :desktop:run
DriftLab desktop audit passed

BUILD SUCCESSFUL in 15s
54 actionable tasks: 18 executed, 36 up-to-date
