node:internal/modules/run_main:107
    triggerUncaughtException(
    ^

AssertionError [ERR_ASSERTION]: Expected values to be strictly deep-equal:
+ actual - expected

+ [
+   "Cannot set properties of null (setting 'textContent')",
+   "Cannot set properties of null (setting 'textContent')",
+   "Cannot set properties of null (setting 'textContent')",
+   "Cannot set properties of null (setting 'textContent')",
+   "Cannot set properties of null (setting 'textContent')",
+   "Cannot set properties of null (setting 'textContent')",
+   "Cannot set properties of null (setting 'textContent')",
+   "Cannot set properties of null (setting 'textContent')",
+   "Cannot set properties of null (setting 'textContent')",
+   "Cannot set properties of null (setting 'textContent')",
+   "Cannot set properties of null (setting 'textContent')",
+   "Cannot set properties of null (setting 'textContent')",
+   "Cannot set properties of null (setting 'textContent')",
+   "Cannot set properties of null (setting 'textContent')",
+   "Cannot set properties of null (setting 'textContent')",
+   "Cannot set properties of null (setting 'textContent')",
+   "Cannot set properties of null (setting 'textContent')",
+   "Cannot set properties of null (setting 'textContent')",
+   "Cannot set properties of null (setting 'textContent')",
+   "Cannot set properties of null (setting 'textContent')",
+   "Cannot set properties of null (setting 'textContent')",
+   "Cannot set properties of null (setting 'textContent')",
+   "Cannot set properties of null (setting 'textContent')",
+   "Cannot set properties of null (setting 'textContent')",
+   "Cannot set properties of null (setting 'textContent')",
+   "Cannot set properties of null (setting 'textContent')",
+   "Cannot set properties of null (setting 'textContent')",
+   "Cannot set properties of null (setting 'textContent')",
+   "Cannot set properties of null (setting 'textContent')",
+   "Cannot set properties of null (setting 'textContent')",
+   "Cannot set properties of null (setting 'textContent')",
+   "Cannot set properties of null (setting 'textContent')",
+   "Cannot set properties of null (setting 'textContent')",
+   "Cannot set properties of null (setting 'textContent')",
+   "Cannot set properties of null (setting 'textContent')",
+   "Cannot set properties of null (setting 'textContent')",
+   "Cannot set properties of null (setting 'textContent')",
+   "Cannot set properties of null (setting 'textContent')",
+   "Cannot set properties of null (setting 'textContent')",
+   "Cannot set properties of null (setting 'textContent')",
+   "Cannot set properties of null (setting 'textContent')",
+   "Cannot set properties of null (setting 'textContent')",
+   "Cannot set properties of null (setting 'textContent')",
+   "Cannot set properties of null (setting 'textContent')",
+   "Cannot set properties of null (setting 'textContent')",
+   "Cannot set properties of null (setting 'textContent')",
+   "Cannot set properties of null (setting 'textContent')",
+   "Cannot set properties of null (setting 'textContent')",
+   "Cannot set properties of null (setting 'textContent')",
+   "Cannot set properties of null (setting 'textContent')",
+   "Cannot set properties of null (setting 'textContent')",
+   "Cannot set properties of null (setting 'textContent')",
+   "Cannot set properties of null (setting 'textContent')",
+   "Cannot set properties of null (setting 'textContent')",
+   "Cannot set properties of null (setting 'textContent')",
+   "Cannot set properties of null (setting 'textContent')",
+   "Cannot set properties of null (setting 'textContent')",
+   "Cannot set properties of null (setting 'textContent')",
+   "Cannot set properties of null (setting 'textContent')",
+   "Cannot set properties of null (setting 'textContent')",
+   "Cannot set properties of null (setting 'textContent')",
+   "Cannot set properties of null (setting 'textContent')",
+   "Cannot set properties of null (setting 'textContent')",
+   "Cannot set properties of null (setting 'textContent')",
+   "Cannot set properties of null (setting 'textContent')",
+   "Cannot set properties of null (setting 'textContent')",
+   "Cannot set properties of null (setting 'textContent')",
+   "Cannot set properties of null (setting 'textContent')",
+   "Cannot set properties of null (setting 'textContent')",
+   "Cannot set properties of null (setting 'textContent')",
+   "Cannot set properties of null (setting 'textContent')",
+   "Cannot set properties of null (setting 'textContent')",
+   "Cannot set properties of null (setting 'textContent')",
+   "Cannot set properties of null (setting 'textContent')",
+   "Cannot set properties of null (setting 'textContent')",
+   "Cannot set properties of null (setting 'textContent')",
+   "Cannot set properties of null (setting 'textContent')",
+   "Cannot set properties of null (setting 'textContent')",
+   "Cannot set properties of null (setting 'textContent')",
+   "Cannot set properties of null (setting 'textContent')",
+   "Cannot set properties of null (setting 'textContent')",
+   "Cannot set properties of null (setting 'textContent')",
+   "Cannot set properties of null (setting 'textContent')",
+   "Cannot set properties of null (setting 'textContent')",
+   "Cannot set properties of null (setting 'textContent')",
+   "Cannot set properties of null (setting 'textContent')",
+   "Cannot set properties of null (setting 'textContent')",
+   "Cannot set properties of null (setting 'textContent')",
+   "Cannot set properties of null (setting 'textContent')",
+   "Cannot set properties of null (setting 'textContent')",
+   "Cannot set properties of null (setting 'textContent')",
+   "Cannot set properties of null (setting 'textContent')",
+   "Cannot set properties of null (setting 'textContent')",
+   "Cannot set properties of null (setting 'textContent')",
+   "Cannot set properties of null (setting 'textContent')",
+   "Cannot set properties of null (setting 'textContent')",
+   "Cannot set properties of null (setting 'textContent')",
+   "Cannot set properties of null (setting 'textContent')",
+   "Cannot set properties of null (setting 'textContent')",
+   "Cannot set properties of null (setting 'textContent')",
+   "Cannot set properties of null (setting 'textContent')",
+   "Cannot set properties of null (setting 'textContent')",
+   "Cannot set properties of null (setting 'textContent')",
+   "Cannot set properties of null (setting 'textContent')",
+   "Cannot set properties of null (setting 'textContent')",
+   "Cannot set properties of null (setting 'textContent')",
+   "Cannot set properties of null (setting 'textContent')"
+ ]
- []

    at file:///C:/Users/kazda/kiro/firetv-deathride-camp/deathride/tools/browser-check.mjs:24:112
    at process.processTicksAndRejections (node:internal/process/task_queues:104:5) {
  generatedMessage: true,
  code: 'ERR_ASSERTION',
  actual: [
    "Cannot set properties of null (setting 'textContent')",
    "Cannot set properties of null (setting 'textContent')",
    "Cannot set properties of null (setting 'textContent')",
    "Cannot set properties of null (setting 'textContent')",
    "Cannot set properties of null (setting 'textContent')",
    "Cannot set properties of null (setting 'textContent')",
    "Cannot set properties of null (setting 'textContent')",
    "Cannot set properties of null (setting 'textContent')",
    "Cannot set properties of null (setting 'textContent')",
    "Cannot set properties of null (setting 'textContent')",
    "Cannot set properties of null (setting 'textContent')",
    "Cannot set properties of null (setting 'textContent')",
    "Cannot set properties of null (setting 'textContent')",
    "Cannot set properties of null (setting 'textContent')",
    "Cannot set properties of null (setting 'textContent')",
    "Cannot set properties of null (setting 'textContent')",
    "Cannot set properties of null (setting 'textContent')",
    "Cannot set properties of null (setting 'textContent')",
    "Cannot set properties of null (setting 'textContent')",
    "Cannot set properties of null (setting 'textContent')",
    "Cannot set properties of null (setting 'textContent')",
    "Cannot set properties of null (setting 'textContent')",
    "Cannot set properties of null (setting 'textContent')",
    "Cannot set properties of null (setting 'textContent')",
    "Cannot set properties of null (setting 'textContent')",
    "Cannot set properties of null (setting 'textContent')",
    "Cannot set properties of null (setting 'textContent')",
    "Cannot set properties of null (setting 'textContent')",
    "Cannot set properties of null (setting 'textContent')",
    "Cannot set properties of null (setting 'textContent')",
    "Cannot set properties of null (setting 'textContent')",
    "Cannot set properties of null (setting 'textContent')",
    "Cannot set properties of null (setting 'textContent')",
    "Cannot set properties of null (setting 'textContent')",
    "Cannot set properties of null (setting 'textContent')",
    "Cannot set properties of null (setting 'textContent')",
    "Cannot set properties of null (setting 'textContent')",
    "Cannot set properties of null (setting 'textContent')",
    "Cannot set properties of null (setting 'textContent')",
    "Cannot set properties of null (setting 'textContent')",
    "Cannot set properties of null (setting 'textContent')",
    "Cannot set properties of null (setting 'textContent')",
    "Cannot set properties of null (setting 'textContent')",
    "Cannot set properties of null (setting 'textContent')",
    "Cannot set properties of null (setting 'textContent')",
    "Cannot set properties of null (setting 'textContent')",
    "Cannot set properties of null (setting 'textContent')",
    "Cannot set properties of null (setting 'textContent')",
    "Cannot set properties of null (setting 'textContent')",
    "Cannot set properties of null (setting 'textContent')",
    "Cannot set properties of null (setting 'textContent')",
    "Cannot set properties of null (setting 'textContent')",
    "Cannot set properties of null (setting 'textContent')",
    "Cannot set properties of null (setting 'textContent')",
    "Cannot set properties of null (setting 'textContent')",
    "Cannot set properties of null (setting 'textContent')",
    "Cannot set properties of null (setting 'textContent')",
    "Cannot set properties of null (setting 'textContent')",
    "Cannot set properties of null (setting 'textContent')",
    "Cannot set properties of null (setting 'textContent')",
    "Cannot set properties of null (setting 'textContent')",
    "Cannot set properties of null (setting 'textContent')",
    "Cannot set properties of null (setting 'textContent')",
    "Cannot set properties of null (setting 'textContent')",
    "Cannot set properties of null (setting 'textContent')",
    "Cannot set properties of null (setting 'textContent')",
    "Cannot set properties of null (setting 'textContent')",
    "Cannot set properties of null (setting 'textContent')",
    "Cannot set properties of null (setting 'textContent')",
    "Cannot set properties of null (setting 'textContent')",
    "Cannot set properties of null (setting 'textContent')",
    "Cannot set properties of null (setting 'textContent')",
    "Cannot set properties of null (setting 'textContent')",
    "Cannot set properties of null (setting 'textContent')",
    "Cannot set properties of null (setting 'textContent')",
    "Cannot set properties of null (setting 'textContent')",
    "Cannot set properties of null (setting 'textContent')",
    "Cannot set properties of null (setting 'textContent')",
    "Cannot set properties of null (setting 'textContent')",
    "Cannot set properties of null (setting 'textContent')",
    "Cannot set properties of null (setting 'textContent')",
    "Cannot set properties of null (setting 'textContent')",
    "Cannot set properties of null (setting 'textContent')",
    "Cannot set properties of null (setting 'textContent')",
    "Cannot set properties of null (setting 'textContent')",
    "Cannot set properties of null (setting 'textContent')",
    "Cannot set properties of null (setting 'textContent')",
    "Cannot set properties of null (setting 'textContent')",
    "Cannot set properties of null (setting 'textContent')",
    "Cannot set properties of null (setting 'textContent')",
    "Cannot set properties of null (setting 'textContent')",
    "Cannot set properties of null (setting 'textContent')",
    "Cannot set properties of null (setting 'textContent')",
    "Cannot set properties of null (setting 'textContent')",
    "Cannot set properties of null (setting 'textContent')",
    "Cannot set properties of null (setting 'textContent')",
    "Cannot set properties of null (setting 'textContent')",
    "Cannot set properties of null (setting 'textContent')",
    "Cannot set properties of null (setting 'textContent')",
    "Cannot set properties of null (setting 'textContent')",
    ... 7 more items
  ],
  expected: [],
  operator: 'deepStrictEqual',
  diff: 'simple'
}

Node.js v24.14.0
