{"second":0,"accepted":[0,0],"rejected":[0,0],"hostPumpStalls":0}
{"second":4,"accepted":[125,126],"rejected":[0,0],"hostPumpStalls":0}
{"second":71,"accepted":[2137,2137],"rejected":[0,0],"hostPumpStalls":0}
{"second":138,"accepted":[4148,4148],"rejected":[0,0],"hostPumpStalls":0}
{"second":205,"accepted":[6155,6155],"rejected":[0,0],"hostPumpStalls":0}
{"second":273,"accepted":[8189,8189],"rejected":[0,0],"hostPumpStalls":0}
{"second":338,"accepted":[10125,10124],"rejected":[11,12],"hostPumpStalls":0}
{"second":360,"accepted":[10791,10790],"rejected":[11,12],"hostPumpStalls":0}
{
  "error": "AssertionError [ERR_ASSERTION]: The expression evaluated to a falsy value:\n\n  assert.ok(result.clients.every(c=>c.accepted===c.sent&&c.rejected===0&&c.hz>29))\n\n    at file:///C:/Users/kazda/.personas/headless-masters/worktrees/firetv/2b60edfb/deathride/tools/ability-stick-probe.mjs:128:9\n    at process.processTicksAndRejections (node:internal/process/task_queues:104:5)",
  "duration": 360.0577775,
  "rounds": 6,
  "classUses": {
    "Needle": 8,
    "Line": 10,
    "Bastion": 6,
    "Comet": 5,
    "Trail": 7,
    "Flint": 7,
    "Quill": 7,
    "Vandal": 5,
    "Kestrel": 6,
    "Bulwark": 5
  },
  "clients": [
    {
      "slot": 0,
      "sent": 10802,
      "accepted": 10791,
      "rejected": 11,
      "hz": 30.000740645020507
    },
    {
      "slot": 1,
      "sent": 10802,
      "accepted": 10790,
      "rejected": 12,
      "hz": 30.000740645020507
    }
  ]
}
