{"second":0,"accepted":[0,0],"rejected":[0,0],"hostPumpStalls":0}
{"second":4,"accepted":[127,127],"rejected":[0,0],"hostPumpStalls":0}
{"second":69,"accepted":[2084,2084],"rejected":[0,0],"hostPumpStalls":0}
{"second":129,"accepted":[3876,3876],"rejected":[0,0],"hostPumpStalls":0}
{"second":180,"accepted":[5406,5406],"rejected":[0,0],"hostPumpStalls":0}
{
  "error": "AssertionError [ERR_ASSERTION]: Every class activated and reported ACTIVE\n    at file:///C:/Users/kazda/kiro/firetv-deathride-perf/deathride/tools/ability-stick-probe.mjs:113:9\n    at process.processTicksAndRejections (node:internal/process/task_queues:104:5)",
  "duration": 180.175867,
  "rounds": 4,
  "classUses": {
    "Needle": 9,
    "Line": 5,
    "Bastion": 3,
    "Comet": 2,
    "Trail": 2,
    "Flint": 1,
    "Quill": 2,
    "Vandal": 5
  },
  "clients": [
    {
      "slot": 0,
      "sent": 5406,
      "accepted": 5406,
      "rejected": 0,
      "hz": 30.004018240689245
    },
    {
      "slot": 1,
      "sent": 5406,
      "accepted": 5406,
      "rejected": 0,
      "hz": 30.004018240689245
    }
  ]
}
