Physical 1/34: 72 races; firsts 35; early 0; field PR 359.1704498081
Physical 2/34: 72 races; firsts 34; early 0; field PR 362.39998433089994
Physical 3/34: 72 races; firsts 25; early 0; field PR 374.57994879969993
Physical 4/34: 72 races; firsts 18; early 0; field PR 380.98252864529996
Physical 5/34: 72 races; firsts 36; early 0; field PR 387.4215581229
Physical 6/34: 72 races; firsts 37; early 0; field PR 396.2656869333
Physical 7/34: 144 races; firsts 10; early 0; field PR 511.5714344608001
Physical 8/34: 144 races; firsts 19; early 0; field PR 511.59147402880006
Physical 9/34: 144 races; firsts 32; early 0; field PR 520.0369898132001
Physical 10/34: 144 races; firsts 30; early 0; field PR 529.2468220836
Physical 11/34: 144 races; firsts 26; early 0; field PR 535.8123920296
Physical 12/34: 144 races; firsts 26; early 0; field PR 551.9930552941998
Physical 13/34: 144 races; firsts 19; early 0; field PR 576.5351549938
Physical 14/34: 216 races; firsts 9; early 0; field PR 607.8601685918
Physical 15/34: 216 races; firsts 20; early 0; field PR 619.6018587553999
Physical 16/34: 216 races; firsts 21; early 0; field PR 620.6440071002
Physical 17/34: 216 races; firsts 19; early 0; field PR 624.8755843098
Physical 18/34: 216 races; firsts 17; early 0; field PR 628.6186574218
Physical 19/34: 216 races; firsts 4; early 0; field PR 633.3838393106
Physical 20/34: 216 races; firsts 27; early 0; field PR 634.0189234446
Physical 21/34: 288 races; firsts 8; early 0; field PR 640.5167849838001
Physical 22/34: 288 races; firsts 21; early 0; field PR 648.6363787861999
Physical 23/34: 288 races; firsts 18; early 0; field PR 649.0634825650001
Physical 24/34: 288 races; firsts 25; early 0; field PR 649.5306654798001
Physical 25/34: 288 races; firsts 33; early 0; field PR 650.5928533926001
Physical 26/34: 288 races; firsts 23; early 0; field PR 650.5928533926001
Physical 27/34: 288 races; firsts 36; early 0; field PR 650.5928533926001
Physical 28/34: 360 races; firsts 47; early 0; field PR 648.4871628518999
Physical 29/34: 360 races; firsts 46; early 0; field PR 650.5367806326
Physical 30/34: 360 races; firsts 37; early 0; field PR 650.5367806326
Physical 31/34: 360 races; firsts 56; early 0; field PR 650.5367806326
Physical 32/34: 360 races; firsts 45; early 0; field PR 650.5367806326
Physical 33/34: 360 races; firsts 42; early 0; field PR 650.5367806326
Physical 34/34: 360 races; firsts 67; early 0; field PR 650.5367806326
Physical 1/34: 0 races; firsts 0; early 0; field PR 359.1704498081
Physical 2/34: 0 races; firsts 0; early 0; field PR 362.39998433089994
Physical 3/34: 0 races; firsts 0; early 0; field PR 374.57994879969993
Physical 4/34: 0 races; firsts 0; early 0; field PR 380.98252864529996
Physical 5/34: 0 races; firsts 0; early 0; field PR 387.4215581229
Physical 6/34: 0 races; firsts 0; early 0; field PR 396.2656869333
Physical 7/34: 576 races; firsts 48; early 0; field PR 511.5714344608001
Physical 8/34: 0 races; firsts 0; early 0; field PR 511.59147402880006
Physical 9/34: 0 races; firsts 0; early 0; field PR 520.0369898132001
Physical 10/34: 0 races; firsts 0; early 0; field PR 529.2468220836
Physical 11/34: 0 races; firsts 0; early 0; field PR 535.8123920296
Physical 12/34: 0 races; firsts 0; early 0; field PR 551.9930552941998
Physical 13/34: 0 races; firsts 0; early 0; field PR 576.5351549938
Physical 14/34: 864 races; firsts 74; early 0; field PR 607.8601685918
Physical 15/34: 0 races; firsts 0; early 0; field PR 619.6018587553999
Physical 16/34: 0 races; firsts 0; early 0; field PR 620.6440071002
Physical 17/34: 0 races; firsts 0; early 0; field PR 624.8755843098
Physical 18/34: 0 races; firsts 0; early 0; field PR 628.6186574218
Physical 19/34: 0 races; firsts 0; early 0; field PR 633.3838393106
Physical 20/34: 0 races; firsts 0; early 0; field PR 634.0189234446
Physical 21/34: 1152 races; firsts 26; early 0; field PR 640.5167849838001
Physical 22/34: 0 races; firsts 0; early 0; field PR 648.6363787861999
Physical 23/34: 0 races; firsts 0; early 0; field PR 649.0634825650001
Physical 24/34: 0 races; firsts 0; early 0; field PR 649.5306654798001
Physical 25/34: 0 races; firsts 0; early 0; field PR 650.5928533926001
Physical 26/34: 0 races; firsts 0; early 0; field PR 650.5928533926001
Physical 27/34: 0 races; firsts 0; early 0; field PR 650.5928533926001
Physical 28/34: 1440 races; firsts 197; early 0; field PR 648.4871628518999
Physical 29/34: 0 races; firsts 0; early 0; field PR 650.5367806326
Physical 30/34: 0 races; firsts 0; early 0; field PR 650.5367806326
Physical 31/34: 0 races; firsts 0; early 0; field PR 650.5367806326
Physical 32/34: 0 races; firsts 0; early 0; field PR 650.5367806326
Physical 33/34: 0 races; firsts 0; early 0; field PR 650.5367806326
Physical 34/34: 0 races; firsts 0; early 0; field PR 650.5367806326
Duels 3072: {0=wins 291, draws 105, early 0, mean 308.4725097656088s, 1=wins 228, draws 92, early 0, mean 297.10939127603234s, 2=wins 247, draws 105, early 0, mean 303.15358072914563s}
Ledgers 200/2000
Ledgers 400/2000
Ledgers 600/2000
Ledgers 800/2000
Ledgers 1000/2000
Ledgers 1200/2000
Ledgers 1400/2000
Ledgers 1600/2000
Ledgers 1800/2000
Ledgers 2000/2000
Seeded ledgers 2000 complete; censored runs remain censored
Ledgers 200/2000
Ledgers 400/2000
Ledgers 600/2000
Ledgers 800/2000
Ledgers 1000/2000
Ledgers 1200/2000
Ledgers 1400/2000
Ledgers 1600/2000
Ledgers 1800/2000
Ledgers 2000/2000
Seeded ledgers 2000 complete; censored runs remain censored
Final-core exact replays: 34
