{"second":0,"accepted":[0,0],"rejected":[0,0],"hostPumpStalls":0}
{"second":4,"accepted":[131,131],"rejected":[0,0],"hostPumpStalls":0}
{"second":70,"accepted":[2118,2118],"rejected":[0,0],"hostPumpStalls":0}
{"second":137,"accepted":[4129,4129],"rejected":[0,0],"hostPumpStalls":0}
{"second":204,"accepted":[6130,6130],"rejected":[0,0],"hostPumpStalls":0}
{"second":271,"accepted":[8151,8151],"rejected":[0,0],"hostPumpStalls":0}
{"second":336,"accepted":[10091,10091],"rejected":[0,0],"hostPumpStalls":0}
{"second":360,"accepted":[10807,10807],"rejected":[0,0],"hostPumpStalls":0}
{
  "functionalPass": true,
  "duration": 360.20347459999994,
  "rounds": 6,
  "classUses": {
    "Needle": 12,
    "Line": 10,
    "Bastion": 6,
    "Comet": 5,
    "Trail": 3,
    "Flint": 7,
    "Quill": 7,
    "Vandal": 5,
    "Kestrel": 6,
    "Bulwark": 5
  },
  "clients": [
    {
      "slot": 0,
      "sent": 10807,
      "accepted": 10807,
      "rejected": 0,
      "hz": 30.00248682220791
    },
    {
      "slot": 1,
      "sent": 10807,
      "accepted": 10807,
      "rejected": 0,
      "hz": 30.00248682220791
    }
  ]
}
