{"second":0,"accepted":[0,0],"rejected":[0,0],"hostPumpStalls":0}
{"second":4,"accepted":[124,124],"rejected":[0,0],"hostPumpStalls":0}
{"second":71,"accepted":[2136,2136],"rejected":[0,0],"hostPumpStalls":0}
{"second":138,"accepted":[4153,4153],"rejected":[0,0],"hostPumpStalls":0}
{"second":205,"accepted":[6170,6170],"rejected":[0,0],"hostPumpStalls":0}
{"second":273,"accepted":[8200,8200],"rejected":[0,0],"hostPumpStalls":0}
{"second":338,"accepted":[10144,10143],"rejected":[0,0],"hostPumpStalls":0}
{"second":360,"accepted":[10807,10807],"rejected":[0,0],"hostPumpStalls":0}
{
  "functionalPass": true,
  "duration": 360.204524,
  "rounds": 6,
  "classUses": {
    "Needle": 12,
    "Line": 10,
    "Bastion": 4,
    "Comet": 5,
    "Trail": 7,
    "Flint": 7,
    "Quill": 7,
    "Vandal": 5,
    "Kestrel": 6,
    "Bulwark": 5
  },
  "clients": [
    {
      "slot": 0,
      "sent": 10807,
      "accepted": 10807,
      "rejected": 0,
      "hz": 30.002399414617013
    },
    {
      "slot": 1,
      "sent": 10807,
      "accepted": 10807,
      "rejected": 0,
      "hz": 30.002399414617013
    }
  ]
}
