{"second":0,"accepted":[0,0],"rejected":[0,0],"hostPumpStalls":0}
{"second":4,"accepted":[120,121],"rejected":[0,0],"hostPumpStalls":0}
{"second":71,"accepted":[2126,2126],"rejected":[0,0],"hostPumpStalls":0}
{"second":138,"accepted":[4135,4135],"rejected":[0,0],"hostPumpStalls":0}
{"second":180,"accepted":[5402,5402],"rejected":[0,0],"hostPumpStalls":0}
{
  "error": "AssertionError [ERR_ASSERTION]: Every class activated and reported ACTIVE\n    at file:///C:/Users/kazda/.personas/headless-masters/worktrees/firetv/bef55c0f/deathride/tools/ability-stick-probe.mjs:127:9\n    at process.processTicksAndRejections (node:internal/process/task_queues:104:5)",
  "duration": 180.0526814,
  "rounds": 3,
  "classUses": {
    "Needle": 8,
    "Line": 7,
    "Bastion": 6,
    "Comet": 5,
    "Trail": 5,
    "Flint": 5
  },
  "clients": [
    {
      "slot": 0,
      "sent": 5402,
      "accepted": 5402,
      "rejected": 0,
      "hz": 30.002330195789018
    },
    {
      "slot": 1,
      "sent": 5402,
      "accepted": 5402,
      "rejected": 0,
      "hz": 30.002330195789018
    }
  ]
}
