DeathRide audio musicMode=none
DeathRide audio gap movement.tyre: Owner Reject: tyre. Silent; no replacement.
DeathRide audio gap movement.skid: Owner Reject: skid. Silent; no replacement.
DeathRide audio gap movement.drift: Owner Reject: drift. Silent; no replacement.
DeathRide audio gap weapon.mine.drop: Owner Reject: mine-drop. Silent; mine arm and blast remain.
DeathRide audio gap race.lap: Owner Reject: lap. Silent; no replacement.
DeathRide audio gap race.position: The position cue reused rejected lap bytes; silent too.
DeathRide audio gap engine.Needle: Both Needle candidates rejected; engine.base fallback. No replacement generation.
DeathRide audio countdown retained as delivered; owner Maybe, later review
[DefaultDispatcher-worker-3] INFO ktor.application - Autoreload is disabled because the development mode is off.
[DefaultDispatcher-worker-3] INFO ktor.application - Application started in 0.048 seconds.
[DefaultDispatcher-worker-3] INFO ktor.application - Responding at http://127.0.0.1:8772
DeathRide pairing http://172.25.208.1:8772/?pin=3580
[DeathRide] art ready regions=175 bytes=19660800 failures=0 heading=runtime-rotation
[DeathRide] sceneryBake foundry slicedFrames=6 totalCpuMs=18.061299999999996 maxSliceMs=4.4257
DeathRide race countdown mode=practice
DeathRide race countdown mode=practice
DeathRide {"phase":"countdown","raceSeconds":0.0,"frameTimeMs":{"lifetimeBinMs":0.1,"lifetimeCapMs":5000.0,"last10s":{"p50":16.6696,"p95":16.9161,"max":129.8623,"count":589},"sinceStart":{"p50":16.6,"p95":16.900000000000002,"max":129.8623,"count":589}},"simStepMs":{"lifetimeBinMs":0.001,"lifetimeCapMs":50.0,"last10s":{"p50":0.156,"p95":0.6821,"max":3.6764,"count":371},"sinceStart":{"p50":0.156,"p95":0.682,"max":3.6764,"count":371}},"discardedSimulationMs":{"last10s":29,"sinceStart":29},"inputAgeMs":[{"lifetimeBinMs":0.1,"lifetimeCapMs":5000.0,"last10s":{"p50":17.196099988079368,"p95":38.608299988079125,"max":99.60649998510053,"count":343},"sinceStart":{"p50":17.1,"p95":38.6,"max":99.60649998510053,"count":343}},{"lifetimeBinMs":0.1,"lifetimeCapMs":5000.0,"last10s":{"p50":0.0,"p95":0.0,"max":0.0,"count":0},"sinceStart":{"p50":0.0,"p95":0.0,"max":0.0,"count":0}}],"combatSummary":{"mineBlastRadiusM":0.5,"mineTriggerRadiusM":0.5,"damageScale":1.0,"shotsByWeapon":[0,0,0,0],"active":6,"living":6,"finished":0,"shots":0,"projectiles":0,"mines":0,"blasts":0,"poolExhaustions":0,"abilityDamage":0.0,"abilityUses":0}}
DeathRide race countdown mode=practice
DeathRide {"phase":"countdown","raceSeconds":0.0,"frameTimeMs":{"lifetimeBinMs":0.1,"lifetimeCapMs":5000.0,"last10s":{"p50":16.6744,"p95":16.8377,"max":21.4399,"count":600},"sinceStart":{"p50":16.6,"p95":16.8,"max":129.8623,"count":1189}},"simStepMs":{"lifetimeBinMs":0.001,"lifetimeCapMs":50.0,"last10s":{"p50":0.0947,"p95":0.1722,"max":0.4556,"count":317},"sinceStart":{"p50":0.124,"p95":0.499,"max":3.6764,"count":688}},"discardedSimulationMs":{"last10s":0,"sinceStart":29},"inputAgeMs":[{"lifetimeBinMs":0.1,"lifetimeCapMs":5000.0,"last10s":{"p50":16.842799997020848,"p95":38.09449999106073,"max":98.8478999850995,"count":317},"sinceStart":{"p50":16.900000000000002,"p95":38.2,"max":99.60649998510053,"count":660}},{"lifetimeBinMs":0.1,"lifetimeCapMs":5000.0,"last10s":{"p50":0.0,"p95":0.0,"max":0.0,"count":0},"sinceStart":{"p50":0.0,"p95":0.0,"max":0.0,"count":0}}],"combatSummary":{"mineBlastRadiusM":0.5,"mineTriggerRadiusM":0.5,"damageScale":1.0,"shotsByWeapon":[0,0,0,0],"active":6,"living":6,"finished":0,"shots":0,"projectiles":0,"mines":0,"blasts":0,"poolExhaustions":0,"abilityDamage":0.0,"abilityUses":0}}
DeathRide race countdown mode=practice
DeathRide {"phase":"race","raceSeconds":0.8666666666666677,"frameTimeMs":{"lifetimeBinMs":0.1,"lifetimeCapMs":5000.0,"last10s":{"p50":16.6778,"p95":16.8504,"max":22.1933,"count":600},"sinceStart":{"p50":16.6,"p95":16.8,"max":129.8623,"count":1789}},"simStepMs":{"lifetimeBinMs":0.001,"lifetimeCapMs":50.0,"last10s":{"p50":0.0934,"p95":0.1728,"max":0.7925,"count":378},"sinceStart":{"p50":0.108,"p95":0.327,"max":3.6764,"count":1066}},"discardedSimulationMs":{"last10s":0,"sinceStart":29},"inputAgeMs":[{"lifetimeBinMs":0.1,"lifetimeCapMs":5000.0,"last10s":{"p50":16.86849999106198,"p95":38.19620000894065,"max":99.39409998510018,"count":378},"sinceStart":{"p50":16.8,"p95":38.2,"max":99.60649998510053,"count":1038}},{"lifetimeBinMs":0.1,"lifetimeCapMs":5000.0,"last10s":{"p50":0.0,"p95":0.0,"max":0.0,"count":0},"sinceStart":{"p50":0.0,"p95":0.0,"max":0.0,"count":0}}],"combatSummary":{"mineBlastRadiusM":0.5,"mineTriggerRadiusM":0.5,"damageScale":1.0,"shotsByWeapon":[0,0,0,0],"active":6,"living":6,"finished":0,"shots":0,"projectiles":0,"mines":0,"blasts":0,"poolExhaustions":0,"abilityDamage":0.0,"abilityUses":0}}
DeathRide race countdown mode=practice
DeathRide {"phase":"race","raceSeconds":2.499999999999996,"frameTimeMs":{"lifetimeBinMs":0.1,"lifetimeCapMs":5000.0,"last10s":{"p50":16.6738,"p95":16.9044,"max":33.3124,"count":600},"sinceStart":{"p50":16.6,"p95":16.8,"max":129.8623,"count":2389}},"simStepMs":{"lifetimeBinMs":0.001,"lifetimeCapMs":50.0,"last10s":{"p50":0.0887,"p95":0.1465,"max":1.0031,"count":421},"sinceStart":{"p50":0.10200000000000001,"p95":0.277,"max":3.6764,"count":1487}},"discardedSimulationMs":{"last10s":0,"sinceStart":29},"inputAgeMs":[{"lifetimeBinMs":0.1,"lifetimeCapMs":5000.0,"last10s":{"p50":16.863699997022195,"p95":35.435599985095905,"max":98.95549999105424,"count":421},"sinceStart":{"p50":16.8,"p95":37.800000000000004,"max":99.60649998510053,"count":1459}},{"lifetimeBinMs":0.1,"lifetimeCapMs":5000.0,"last10s":{"p50":0.0,"p95":0.0,"max":0.0,"count":0},"sinceStart":{"p50":0.0,"p95":0.0,"max":0.0,"count":0}}],"combatSummary":{"mineBlastRadiusM":0.5,"mineTriggerRadiusM":0.5,"damageScale":1.0,"shotsByWeapon":[0,0,0,0],"active":6,"living":6,"finished":0,"shots":0,"projectiles":0,"mines":0,"blasts":0,"poolExhaustions":0,"abilityDamage":0.0,"abilityUses":0}}
DeathRide race countdown mode=practice
DeathRide {"phase":"race","raceSeconds":4.19999999999999,"frameTimeMs":{"lifetimeBinMs":0.1,"lifetimeCapMs":5000.0,"last10s":{"p50":16.6695,"p95":17.0037,"max":26.215,"count":600},"sinceStart":{"p50":16.6,"p95":16.8,"max":129.8623,"count":2989}},"simStepMs":{"lifetimeBinMs":0.001,"lifetimeCapMs":50.0,"last10s":{"p50":0.0858,"p95":0.1528,"max":0.3293,"count":421},"sinceStart":{"p50":0.097,"p95":0.241,"max":3.6764,"count":1908}},"discardedSimulationMs":{"last10s":0,"sinceStart":29},"inputAgeMs":[{"lifetimeBinMs":0.1,"lifetimeCapMs":5000.0,"last10s":{"p50":16.834099997016892,"p95":33.959700002975296,"max":99.55560000297555,"count":421},"sinceStart":{"p50":16.8,"p95":37.0,"max":99.60649998510053,"count":1880}},{"lifetimeBinMs":0.1,"lifetimeCapMs":5000.0,"last10s":{"p50":0.0,"p95":0.0,"max":0.0,"count":0},"sinceStart":{"p50":0.0,"p95":0.0,"max":0.0,"count":0}}],"combatSummary":{"mineBlastRadiusM":0.5,"mineTriggerRadiusM":0.5,"damageScale":1.0,"shotsByWeapon":[0,0,2,0],"active":6,"living":6,"finished":0,"shots":2,"projectiles":0,"mines":2,"blasts":0,"poolExhaustions":0,"abilityDamage":0.0,"abilityUses":3}}
DeathRide race countdown mode=practice
