DeathRide audio musicMode=none
DeathRide audio gap movement.tyre: Owner Reject: tyre. Silent; no replacement.
DeathRide audio gap movement.skid: Owner Reject: skid. Silent; no replacement.
DeathRide audio gap movement.drift: Owner Reject: drift. Silent; no replacement.
DeathRide audio gap weapon.mine.drop: Owner Reject: mine-drop. Silent; mine arm and blast remain.
DeathRide audio gap race.lap: Owner Reject: lap. Silent; no replacement.
DeathRide audio gap race.position: The position cue reused rejected lap bytes; silent too.
DeathRide audio gap engine.Needle: Both Needle candidates rejected; engine.base fallback. No replacement generation.
DeathRide audio countdown retained as delivered; owner Maybe, later review
[DefaultDispatcher-worker-4] INFO ktor.application - Autoreload is disabled because the development mode is off.
[DefaultDispatcher-worker-4] INFO ktor.application - Application started in 0.056 seconds.
[DefaultDispatcher-worker-3] INFO ktor.application - Responding at http://127.0.0.1:8772
DeathRide pairing http://172.25.208.1:8772/?pin=8108
[DeathRide] art ready regions=175 bytes=19660800 failures=0 heading=runtime-rotation
[DeathRide] sceneryBake foundry slicedFrames=6 totalCpuMs=18.1069 maxSliceMs=5.0297
DeathRide race countdown mode=practice
DeathRide {"phase":"race","raceSeconds":5.899999999999984,"frameTimeMs":{"lifetimeBinMs":0.1,"lifetimeCapMs":5000.0,"last10s":{"p50":16.6727,"p95":17.0125,"max":125.8707,"count":590},"sinceStart":{"p50":16.6,"p95":17.0,"max":125.8707,"count":590}},"simStepMs":{"lifetimeBinMs":0.001,"lifetimeCapMs":50.0,"last10s":{"p50":0.17,"p95":0.7028,"max":8.6782,"count":405},"sinceStart":{"p50":0.17,"p95":0.7020000000000001,"max":8.6782,"count":405}},"discardedSimulationMs":{"last10s":25,"sinceStart":25},"inputAgeMs":[{"lifetimeBinMs":0.1,"lifetimeCapMs":5000.0,"last10s":{"p50":16.80949999999939,"p95":39.25250000596043,"max":98.95409998807736,"count":377},"sinceStart":{"p50":16.8,"p95":39.2,"max":98.95409998807736,"count":377}},{"lifetimeBinMs":0.1,"lifetimeCapMs":5000.0,"last10s":{"p50":0.0,"p95":0.0,"max":0.0,"count":0},"sinceStart":{"p50":0.0,"p95":0.0,"max":0.0,"count":0}}],"combatSummary":{"mineBlastRadiusM":0.5,"mineTriggerRadiusM":0.5,"damageScale":1.0,"shotsByWeapon":[4,2,1,1],"active":6,"living":6,"finished":0,"shots":8,"projectiles":0,"mines":1,"blasts":0,"poolExhaustions":0,"abilityDamage":0.0,"abilityUses":2}}
DeathRide race countdown mode=practice
DeathRide race countdown mode=practice
DeathRide {"phase":"countdown","raceSeconds":0.0,"frameTimeMs":{"lifetimeBinMs":0.1,"lifetimeCapMs":5000.0,"last10s":{"p50":16.674000000000003,"p95":16.827499999999997,"max":19.8914,"count":600},"sinceStart":{"p50":16.6,"p95":16.8,"max":125.8707,"count":1190}},"simStepMs":{"lifetimeBinMs":0.001,"lifetimeCapMs":50.0,"last10s":{"p50":0.0924,"p95":0.1817,"max":0.8771,"count":420},"sinceStart":{"p50":0.129,"p95":0.426,"max":8.6782,"count":825}},"discardedSimulationMs":{"last10s":0,"sinceStart":25},"inputAgeMs":[{"lifetimeBinMs":0.1,"lifetimeCapMs":5000.0,"last10s":{"p50":16.77770000596138,"p95":37.56119998807844,"max":99.28189998808011,"count":420},"sinceStart":{"p50":16.7,"p95":39.1,"max":99.28189998808011,"count":797}},{"lifetimeBinMs":0.1,"lifetimeCapMs":5000.0,"last10s":{"p50":0.0,"p95":0.0,"max":0.0,"count":0},"sinceStart":{"p50":0.0,"p95":0.0,"max":0.0,"count":0}}],"combatSummary":{"mineBlastRadiusM":0.5,"mineTriggerRadiusM":0.5,"damageScale":1.0,"shotsByWeapon":[0,0,0,0],"active":6,"living":6,"finished":0,"shots":0,"projectiles":0,"mines":0,"blasts":0,"poolExhaustions":0,"abilityDamage":0.0,"abilityUses":0}}
DeathRide race countdown mode=practice
DeathRide {"phase":"countdown","raceSeconds":0.0,"frameTimeMs":{"lifetimeBinMs":0.1,"lifetimeCapMs":5000.0,"last10s":{"p50":16.6752,"p95":16.8689,"max":21.2077,"count":600},"sinceStart":{"p50":16.6,"p95":16.8,"max":125.8707,"count":1790}},"simStepMs":{"lifetimeBinMs":0.001,"lifetimeCapMs":50.0,"last10s":{"p50":0.0976,"p95":0.1799,"max":0.7888,"count":410},"sinceStart":{"p50":0.116,"p95":0.33,"max":8.6782,"count":1235}},"discardedSimulationMs":{"last10s":0,"sinceStart":25},"inputAgeMs":[{"lifetimeBinMs":0.1,"lifetimeCapMs":5000.0,"last10s":{"p50":16.869800008942548,"p95":37.71540000893947,"max":104.45790000893976,"count":410},"sinceStart":{"p50":16.8,"p95":38.2,"max":104.45790000893976,"count":1207}},{"lifetimeBinMs":0.1,"lifetimeCapMs":5000.0,"last10s":{"p50":0.0,"p95":0.0,"max":0.0,"count":0},"sinceStart":{"p50":0.0,"p95":0.0,"max":0.0,"count":0}}],"combatSummary":{"mineBlastRadiusM":0.5,"mineTriggerRadiusM":0.5,"damageScale":1.0,"shotsByWeapon":[0,0,0,0],"active":6,"living":6,"finished":0,"shots":0,"projectiles":0,"mines":0,"blasts":0,"poolExhaustions":0,"abilityDamage":0.0,"abilityUses":0}}
