{"second":0,"accepted":[0,0],"rejected":[0,0],"hostPumpStalls":0}
{"second":4,"accepted":[121,121],"rejected":[0,0],"hostPumpStalls":0}
{"second":64,"accepted":[1922,1922],"rejected":[0,0],"hostPumpStalls":0}
{"second":124,"accepted":[3724,3724],"rejected":[0,0],"hostPumpStalls":0}
{"second":184,"accepted":[5525,5525],"rejected":[0,0],"hostPumpStalls":0}
{"second":244,"accepted":[7329,7329],"rejected":[0,0],"hostPumpStalls":0}
{"second":308,"accepted":[9247,9247],"rejected":[0,0],"hostPumpStalls":0}
{"second":373,"accepted":[11185,11185],"rejected":[0,0],"hostPumpStalls":0}
{"second":437,"accepted":[13119,13119],"rejected":[0,0],"hostPumpStalls":0}
{"second":497,"accepted":[14919,14919],"rejected":[0,0],"hostPumpStalls":0}
{"second":557,"accepted":[16724,16724],"rejected":[0,0],"hostPumpStalls":0}
{"second":617,"accepted":[18527,18527],"rejected":[0,0],"hostPumpStalls":0}
{"second":677,"accepted":[20330,20330],"rejected":[0,0],"hostPumpStalls":0}
{"second":737,"accepted":[22131,22131],"rejected":[0,0],"hostPumpStalls":0}
{"second":797,"accepted":[23931,23931],"rejected":[0,0],"hostPumpStalls":0}
{"second":858,"accepted":[25735,25735],"rejected":[0,0],"hostPumpStalls":0}
{"second":900,"accepted":[27006,27006],"rejected":[0,0],"hostPumpStalls":0}
{
  "functionalPass": true,
  "duration": 900.1888180999999,
  "rounds": 16,
  "classUses": {
    "Needle": 22,
    "Line": 12,
    "Bastion": 7,
    "Comet": 13,
    "Trail": 14,
    "Flint": 8,
    "Quill": 21,
    "Vandal": 10,
    "Kestrel": 11,
    "Bulwark": 12
  },
  "clients": [
    {
      "slot": 0,
      "sent": 27006,
      "accepted": 27006,
      "rejected": 0,
      "hz": 30.000372651818438
    },
    {
      "slot": 1,
      "sent": 27006,
      "accepted": 27006,
      "rejected": 0,
      "hz": 30.000372651818438
    }
  ]
}
