{"second":0,"accepted":[0,0],"rejected":[0,0],"hostPumpStalls":0}
{"second":4,"accepted":[122,122],"rejected":[0,0],"hostPumpStalls":0}
{"second":71,"accepted":[2130,2130],"rejected":[0,0],"hostPumpStalls":0}
{"second":138,"accepted":[4137,4137],"rejected":[0,0],"hostPumpStalls":0}
{"second":205,"accepted":[6151,6151],"rejected":[0,0],"hostPumpStalls":0}
{"second":273,"accepted":[8195,8195],"rejected":[0,0],"hostPumpStalls":0}
{"second":338,"accepted":[10149,10149],"rejected":[0,0],"hostPumpStalls":0}
{"second":360,"accepted":[10803,10803],"rejected":[0,0],"hostPumpStalls":0}
{
  "functionalPass": true,
  "duration": 360.0954728,
  "rounds": 6,
  "classUses": {
    "Needle": 9,
    "Line": 10,
    "Bastion": 6,
    "Comet": 5,
    "Trail": 2,
    "Flint": 7,
    "Quill": 7,
    "Vandal": 5,
    "Kestrel": 6,
    "Bulwark": 5
  },
  "clients": [
    {
      "slot": 0,
      "sent": 10803,
      "accepted": 10803,
      "rejected": 0,
      "hz": 30.000377166641236
    },
    {
      "slot": 1,
      "sent": 10803,
      "accepted": 10803,
      "rejected": 0,
      "hz": 30.000377166641236
    }
  ]
}
