{"second":0,"accepted":[0,0],"rejected":[0,0],"hostPumpStalls":0}
{"second":4,"accepted":[145,144],"rejected":[0,0],"hostPumpStalls":0}
{"second":71,"accepted":[2150,2150],"rejected":[0,0],"hostPumpStalls":0}
{"second":138,"accepted":[4166,4166],"rejected":[0,0],"hostPumpStalls":0}
{"second":205,"accepted":[6171,6171],"rejected":[0,0],"hostPumpStalls":0}
{"second":265,"accepted":[7962,7962],"rejected":[0,0],"hostPumpStalls":0}
{"second":325,"accepted":[9763,9762],"rejected":[0,0],"hostPumpStalls":0}
{"second":360,"accepted":[10801,10801],"rejected":[0,0],"hostPumpStalls":0}
{
  "functionalPass": true,
  "duration": 360.03431209999997,
  "rounds": 6,
  "classUses": {
    "Needle": 12,
    "Line": 6,
    "Bastion": 6,
    "Comet": 5,
    "Trail": 7,
    "Flint": 7,
    "Quill": 7,
    "Vandal": 5,
    "Kestrel": 6,
    "Bulwark": 5
  },
  "clients": [
    {
      "slot": 0,
      "sent": 10801,
      "accepted": 10801,
      "rejected": 0,
      "hz": 29.99991844388434
    },
    {
      "slot": 1,
      "sent": 10801,
      "accepted": 10801,
      "rejected": 0,
      "hz": 29.99991844388434
    }
  ]
}
