{"second":0,"accepted":[0,0],"rejected":[0,0],"hostPumpStalls":0}
{"second":4,"accepted":[140,140],"rejected":[0,0],"hostPumpStalls":0}
{"second":71,"accepted":[2147,2147],"rejected":[0,0],"hostPumpStalls":0}
{"second":138,"accepted":[4166,4167],"rejected":[0,0],"hostPumpStalls":0}
{"second":206,"accepted":[6178,6178],"rejected":[0,0],"hostPumpStalls":0}
{"second":273,"accepted":[8207,8207],"rejected":[0,0],"hostPumpStalls":0}
{"second":338,"accepted":[10148,10148],"rejected":[0,0],"hostPumpStalls":0}
{"second":360,"accepted":[10806,10806],"rejected":[0,0],"hostPumpStalls":0}
{
  "functionalPass": true,
  "duration": 360.175599,
  "rounds": 6,
  "classUses": {
    "Needle": 5,
    "Line": 10,
    "Bastion": 6,
    "Comet": 5,
    "Trail": 7,
    "Flint": 7,
    "Quill": 7,
    "Vandal": 5,
    "Kestrel": 6,
    "Bulwark": 5
  },
  "clients": [
    {
      "slot": 0,
      "sent": 10806,
      "accepted": 10806,
      "rejected": 0,
      "hz": 30.002032425300417
    },
    {
      "slot": 1,
      "sent": 10806,
      "accepted": 10806,
      "rejected": 0,
      "hz": 30.002032425300417
    }
  ]
}
