[DeathRide] art ready regions=168 bytes=19660800 failures=0 heading=runtime-rotation
[DeathRide] art fallback catalog: SerializationException: Error reading file: C:/Users/kazda/kiro/firetv-deathride/deathride/evidence/merge-perf-gameplay/gl/atlas/build/atlas-failure-audit-11109376430593170624/catalog.json
[DeathRide] art ready regions=0 bytes=0 failures=1 heading=runtime-rotation
[DeathRide] art fallback world: GdxRuntimeException: Error reading file: C:\Users\kazda\kiro\firetv-deathride\deathride\evidence\merge-perf-gameplay\gl\atlas\build\atlas-failure-audit-11109376430593170624\world-0.png (Absolute)
[DeathRide] art fallback ui: GdxRuntimeException: Error reading file: C:\Users\kazda\kiro\firetv-deathride\deathride\evidence\merge-perf-gameplay\gl\atlas\build\atlas-failure-audit-11109376430593170624\broken atlas (Absolute)
[DeathRide] art fallback cars: GdxRuntimeException: Error reading file: C:\Users\kazda\kiro\firetv-deathride\deathride\evidence\merge-perf-gameplay\gl\atlas\build\atlas-failure-audit-11109376430593170624\cars.atlas (Absolute)
[DeathRide] art fallback v4-fusion-ground-dirt-v1: GdxRuntimeException: Error reading file: C:\Users\kazda\kiro\firetv-deathride\deathride\evidence\merge-perf-gameplay\gl\atlas\build\atlas-failure-audit-11109376430593170624\v4-fusion-ground-dirt-v1.png (Absolute)
[DeathRide] art fallback v4-fusion-surfaces-oil-v1: GdxRuntimeException: Error reading file: C:\Users\kazda\kiro\firetv-deathride\deathride\evidence\merge-perf-gameplay\gl\atlas\build\atlas-failure-audit-11109376430593170624\v4-fusion-surfaces-oil-v1.png (Absolute)
[DeathRide] art fallback v4-fusion-surfaces-asphalt-worn-v1: GdxRuntimeException: Error reading file: C:\Users\kazda\kiro\firetv-deathride\deathride\evidence\merge-perf-gameplay\gl\atlas\build\atlas-failure-audit-11109376430593170624\v4-fusion-surfaces-asphalt-worn-v1.png (Absolute)
[DeathRide] art fallback v4-fusion-ground-gravel-v1-wrap-v1: GdxRuntimeException: Error reading file: C:\Users\kazda\kiro\firetv-deathride\deathride\evidence\merge-perf-gameplay\gl\atlas\build\atlas-failure-audit-11109376430593170624\v4-fusion-ground-gravel-v1-wrap-v1.png (Absolute)
[DeathRide] art fallback v4-fusion-surfaces-kerb-v1: GdxRuntimeException: Error reading file: C:\Users\kazda\kiro\firetv-deathride\deathride\evidence\merge-perf-gameplay\gl\atlas\build\atlas-failure-audit-11109376430593170624\v4-fusion-surfaces-kerb-v1.png (Absolute)
[DeathRide] art fallback v4-fusion-surfaces-asphalt-clean-crop768-v1: GdxRuntimeException: Error reading file: C:\Users\kazda\kiro\firetv-deathride\deathride\evidence\merge-perf-gameplay\gl\atlas\build\atlas-failure-audit-11109376430593170624\v4-fusion-surfaces-asphalt-clean-crop768-v1.png (Absolute)
[DeathRide] art fallback v4-fusion-surfaces-asphalt-heavy-v1: GdxRuntimeException: Error reading file: C:\Users\kazda\kiro\firetv-deathride\deathride\evidence\merge-perf-gameplay\gl\atlas\build\atlas-failure-audit-11109376430593170624\v4-fusion-surfaces-asphalt-heavy-v1.png (Absolute)
[DeathRide] art fallback v4-fusion-surfaces-ice-crop768-v1: GdxRuntimeException: Error reading file: C:\Users\kazda\kiro\firetv-deathride\deathride\evidence\merge-perf-gameplay\gl\atlas\build\atlas-failure-audit-11109376430593170624\v4-fusion-surfaces-ice-crop768-v1.png (Absolute)
[DeathRide] art fallback v4-fusion-ground-grass-v1: GdxRuntimeException: Error reading file: C:\Users\kazda\kiro\firetv-deathride\deathride\evidence\merge-perf-gameplay\gl\atlas\build\atlas-failure-audit-11109376430593170624\v4-fusion-ground-grass-v1.png (Absolute)
[DeathRide] art fallback v4-fusion-surfaces-concrete-v1: GdxRuntimeException: Error reading file: C:\Users\kazda\kiro\firetv-deathride\deathride\evidence\merge-perf-gameplay\gl\atlas\build\atlas-failure-audit-11109376430593170624\v4-fusion-surfaces-concrete-v1.png (Absolute)
[DeathRide] art fallback v4-fusion-surfaces-metal-crop768-v1: GdxRuntimeException: Error reading file: C:\Users\kazda\kiro\firetv-deathride\deathride\evidence\merge-perf-gameplay\gl\atlas\build\atlas-failure-audit-11109376430593170624\v4-fusion-surfaces-metal-crop768-v1.png (Absolute)
[DeathRide] art ready regions=0 bytes=0 failures=14 heading=runtime-rotation
[DeathRide] art fallback world: IllegalArgumentException: resident texture budget
[DeathRide] art fallback ui: IllegalArgumentException: resident texture budget
[DeathRide] art fallback cars: IllegalArgumentException: resident texture budget
[DeathRide] art fallback v4-fusion-ground-dirt-v1: IllegalArgumentException: resident texture budget
[DeathRide] art fallback v4-fusion-surfaces-oil-v1: IllegalArgumentException: resident texture budget
[DeathRide] art fallback v4-fusion-surfaces-asphalt-worn-v1: IllegalArgumentException: resident texture budget
[DeathRide] art fallback v4-fusion-ground-gravel-v1-wrap-v1: IllegalArgumentException: resident texture budget
[DeathRide] art fallback v4-fusion-surfaces-kerb-v1: IllegalArgumentException: resident texture budget
[DeathRide] art fallback v4-fusion-surfaces-asphalt-clean-crop768-v1: IllegalArgumentException: resident texture budget
[DeathRide] art fallback v4-fusion-surfaces-asphalt-heavy-v1: IllegalArgumentException: resident texture budget
[DeathRide] art fallback v4-fusion-surfaces-ice-crop768-v1: IllegalArgumentException: resident texture budget
[DeathRide] art fallback v4-fusion-ground-grass-v1: IllegalArgumentException: resident texture budget
[DeathRide] art fallback v4-fusion-surfaces-concrete-v1: IllegalArgumentException: resident texture budget
[DeathRide] art fallback v4-fusion-surfaces-metal-crop768-v1: IllegalArgumentException: resident texture budget
[DeathRide] art ready regions=0 bytes=0 failures=14 heading=runtime-rotation
Exception in thread "main" com.badlogic.gdx.utils.GdxRuntimeException: kotlin.io.NoSuchFileException: assets\phase2-states: The source file doesn't exist.
	at com.badlogic.gdx.backends.lwjgl3.Lwjgl3Application.<init>(Lwjgl3Application.java:159)
	at dev.deathride.desktop.LauncherKt.main(Launcher.kt:12)
Caused by: kotlin.io.NoSuchFileException: assets\phase2-states: The source file doesn't exist.
	at kotlin.io.FilesKt__UtilsKt.copyRecursively(Utils.kt:294)
	at kotlin.io.FilesKt__UtilsKt.copyRecursively$default(Utils.kt:288)
	at dev.deathride.desktop.AtlasAudit.create(AtlasAudit.kt:86)
	at com.badlogic.gdx.backends.lwjgl3.Lwjgl3Window.initializeListener(Lwjgl3Window.java:464)
	at com.badlogic.gdx.backends.lwjgl3.Lwjgl3Window.update(Lwjgl3Window.java:402)
	at com.badlogic.gdx.backends.lwjgl3.Lwjgl3Application.loop(Lwjgl3Application.java:181)
	at com.badlogic.gdx.backends.lwjgl3.Lwjgl3Application.<init>(Lwjgl3Application.java:153)
	... 1 more
