{"second":0,"accepted":[0,0],"rejected":[0,0],"hostPumpStalls":0}
{"second":4,"accepted":[129,129],"rejected":[0,0],"hostPumpStalls":0}
{"second":64,"accepted":[1924,1924],"rejected":[0,0],"hostPumpStalls":0}
{"second":124,"accepted":[3727,3727],"rejected":[0,0],"hostPumpStalls":0}
{"second":184,"accepted":[5530,5530],"rejected":[0,0],"hostPumpStalls":0}
{"second":244,"accepted":[7331,7331],"rejected":[0,0],"hostPumpStalls":0}
{"second":304,"accepted":[9133,9133],"rejected":[0,0],"hostPumpStalls":0}
{"second":360,"accepted":[10804,10804],"rejected":[0,0],"hostPumpStalls":0}
{
  "functionalPass": true,
  "duration": 360.1118189,
  "rounds": 8,
  "classUses": {
    "Needle": 5,
    "Line": 9,
    "Bastion": 8,
    "Comet": 6,
    "Trail": 12,
    "Flint": 8,
    "Quill": 3,
    "Vandal": 2,
    "Kestrel": 3,
    "Bulwark": 1
  },
  "clients": [
    {
      "slot": 0,
      "sent": 10804,
      "accepted": 10804,
      "rejected": 0,
      "hz": 30.00179231273767
    },
    {
      "slot": 1,
      "sent": 10804,
      "accepted": 10804,
      "rejected": 0,
      "hz": 30.00179231273767
    }
  ]
}
