{"second":0,"accepted":[0,0],"rejected":[0,0],"hostPumpStalls":0}
{"second":4,"accepted":[126,126],"rejected":[0,0],"hostPumpStalls":0}
{"second":70,"accepted":[2118,2118],"rejected":[0,0],"hostPumpStalls":0}
{"second":137,"accepted":[4124,4124],"rejected":[0,0],"hostPumpStalls":0}
{"second":204,"accepted":[6117,6117],"rejected":[0,0],"hostPumpStalls":0}
{"second":271,"accepted":[8145,8145],"rejected":[0,0],"hostPumpStalls":0}
{"second":336,"accepted":[10084,10084],"rejected":[0,0],"hostPumpStalls":0}
{"second":360,"accepted":[10807,10807],"rejected":[0,0],"hostPumpStalls":0}
{
  "functionalPass": true,
  "duration": 360.2049167,
  "rounds": 6,
  "classUses": {
    "Needle": 12,
    "Line": 6,
    "Bastion": 6,
    "Comet": 5,
    "Trail": 2,
    "Flint": 7,
    "Quill": 7,
    "Vandal": 5,
    "Kestrel": 6,
    "Bulwark": 5
  },
  "clients": [
    {
      "slot": 0,
      "sent": 10807,
      "accepted": 10807,
      "rejected": 0,
      "hz": 30.00236670561804
    },
    {
      "slot": 1,
      "sent": 10807,
      "accepted": 10807,
      "rejected": 0,
      "hz": 30.00236670561804
    }
  ]
}
