{"second":0,"accepted":[0,0],"rejected":[0,0],"hostPumpStalls":0}
{"second":4,"accepted":[163,163],"rejected":[0,0],"hostPumpStalls":0}
{"second":71,"accepted":[2143,2143],"rejected":[0,0],"hostPumpStalls":0}
{"second":138,"accepted":[4163,4163],"rejected":[0,0],"hostPumpStalls":0}
{"second":206,"accepted":[6177,6177],"rejected":[0,0],"hostPumpStalls":0}
{"second":273,"accepted":[8213,8213],"rejected":[0,0],"hostPumpStalls":0}
{"second":338,"accepted":[10149,10149],"rejected":[0,0],"hostPumpStalls":0}
{"second":360,"accepted":[10805,10805],"rejected":[0,0],"hostPumpStalls":0}
{
  "functionalPass": true,
  "duration": 360.145328,
  "rounds": 6,
  "classUses": {
    "Needle": 5,
    "Line": 10,
    "Bastion": 6,
    "Comet": 5,
    "Trail": 7,
    "Flint": 7,
    "Quill": 7,
    "Vandal": 5,
    "Kestrel": 6,
    "Bulwark": 5
  },
  "clients": [
    {
      "slot": 0,
      "sent": 10805,
      "accepted": 10805,
      "rejected": 0,
      "hz": 30.001777504663337
    },
    {
      "slot": 1,
      "sent": 10805,
      "accepted": 10805,
      "rejected": 0,
      "hz": 30.001777504663337
    }
  ]
}
