WARNING: We recommend using a newer Android Gradle plugin to use compileSdk = 36

This Android Gradle plugin (8.7.3) was tested up to compileSdk = 35.

You are strongly encouraged to update your project to use a newer
Android Gradle plugin that has been tested with compileSdk = 36.

If you are already using the latest version of the Android Gradle plugin,
you may need to wait until a newer version with support for compileSdk = 36 is available.

For more information refer to the compatibility table:
https://d.android.com/r/tools/api-level-support

To suppress this warning, add/update
    android.suppressUnsupportedCompileSdk=36
to this project's gradle.properties.
> Task :link:checkKotlinGradlePluginConfigurationErrors SKIPPED
> Task :game:checkKotlinGradlePluginConfigurationErrors SKIPPED
> Task :core:checkKotlinGradlePluginConfigurationErrors SKIPPED
> Task :game:processResources NO-SOURCE
> Task :link:processResources NO-SOURCE
> Task :link:processTestResources NO-SOURCE
> Task :app:extractNatives
> Task :app:preBuild
> Task :app:preDebugBuild
> Task :app:mergeDebugNativeDebugMetadata NO-SOURCE
> Task :app:checkKotlinGradlePluginConfigurationErrors SKIPPED
> Task :core:compileKotlin FROM-CACHE
> Task :core:compileJava NO-SOURCE
> Task :app:checkDebugAarMetadata
> Task :app:generateDebugResValues
> Task :app:mapDebugSourceSetPaths
> Task :app:generateDebugResources FROM-CACHE
> Task :core:processResources
> Task :core:classes
> Task :core:jar
> Task :core:compileTestKotlin FROM-CACHE
> Task :core:compileTestJava NO-SOURCE
> Task :core:processTestResources
> Task :core:testClasses
> Task :link:compileKotlin FROM-CACHE
> Task :link:compileJava NO-SOURCE
> Task :link:classes UP-TO-DATE
> Task :link:jar
> Task :link:compileTestKotlin FROM-CACHE
> Task :link:compileTestJava NO-SOURCE
> Task :link:testClasses UP-TO-DATE
> Task :game:compileKotlin FROM-CACHE
> Task :game:compileJava NO-SOURCE
> Task :game:classes UP-TO-DATE
> Task :game:jar
> Task :app:packageDebugResources
> Task :app:createDebugCompatibleScreenManifests
> Task :app:extractDeepLinksDebug FROM-CACHE
> Task :app:parseDebugLocalResources
> Task :app:processDebugMainManifest
> Task :app:processDebugManifest
> Task :app:javaPreCompileDebug FROM-CACHE
> Task :app:mergeDebugResources
> Task :app:mergeDebugShaders
> Task :app:compileDebugShaders NO-SOURCE
> Task :app:generateDebugAssets UP-TO-DATE
> Task :app:mergeDebugAssets
> Task :app:compressDebugAssets FROM-CACHE
> Task :app:desugarDebugFileDependencies FROM-CACHE
> Task :app:mergeDebugJniLibFolders
> Task :app:checkDebugDuplicateClasses
> Task :app:mergeDebugNativeLibs
> Task :app:validateSigningDebug
> Task :app:mergeExtDexDebug FROM-CACHE

> Task :link:test

LinkTest > badPinMalformedInputAndLifecycleAreContained() STANDARD_ERROR
    SLF4J: Failed to load class "org.slf4j.impl.StaticLoggerBinder".
    SLF4J: Defaulting to no-operation (NOP) logger implementation
    SLF4J: See http://www.slf4j.org/codes.html#StaticLoggerBinder for further details.

> Task :app:mergeLibDexDebug FROM-CACHE
> Task :app:writeDebugAppMetadata
> Task :app:writeDebugSigningConfigVersions

> Task :app:stripDebugDebugSymbols
Unable to strip the following libraries, packaging them as they are: libgdx.so.

> Task :app:processDebugManifestForPackage
> Task :app:processDebugResources
> Task :app:compileDebugKotlin FROM-CACHE
> Task :app:compileDebugJavaWithJavac NO-SOURCE
> Task :app:dexBuilderDebug FROM-CACHE
> Task :app:mergeDebugGlobalSynthetics FROM-CACHE
> Task :app:processDebugJavaRes
> Task :app:mergeProjectDexDebug FROM-CACHE
> Task :app:mergeDebugJavaResource

> Task :link:test

LinkTest > badPinMalformedInputAndLifecycleAreContained() PASSED

LinkTest > statsWindowAndLifetimeHaveIndependentCounts() PASSED

> Task :app:packageDebug
> Task :app:createDebugApkListingFileRedirect
> Task :app:assembleDebug

> Task :link:test

LinkTest > occupiedPortReportsFailureWithoutKillingTheHost() PASSED

> Task :core:test

BalanceSmokeTest > scenarioCastAndDamageTimingAreValidAndReplay() PASSED

CareerTest > orderedContentUnlocksCupTargetsAndDuplicateSettlement() PASSED

CareerTest > versionOneMigratesAndImpossibleCareerStateIsRejected() PASSED

CareerTest > tiersChangeDecisionsWithoutChangingPower() PASSED

CareerTest > campaignCombatReplaysAndAllocatesNothing() PASSED

CareerV2Test > allFiveActsUseEveryCourseAndOriginalStoryCardsWithoutPowerDifficulty() PASSED

CareerV2Test > finalDuelHasTwoPhysicalEntrantsAndRequiresVictory() PASSED

CareerV2Test > nominalLedgerUsesRealShopsAndFixedFieldSchedule() PASSED

CareerV2Test > resultsFundRivalsAndGrudgesOnlyAlterDecisions() PASSED

CareerV2Test > rivalSettlementIsIdempotentAndDuelSteppingAllocatesNothing() PASSED

CareerV2Test > everyLegacyDivisionCanFundEligibleRivalsAndRepeatSeasonsKeepAnEntryCar() PASSED

CareerV2Test > actualVersionThreeSaveMigratesWithoutLosingPropertyOrAddingDebt() PASSED

CareerV2Test > guestReplacesARegularRivalAndPreservesTheNamedBoss() PASSED

CareerV2Test > fixedCupAndContractCreditsAreNotMultipliedAgainByDivisionPrizes() PASSED

CareerV2Test > versionTwoRetainsCarsEarnedUnderTheOldUnlockSchedule() PASSED

CarsTest > lapAndPairedRaceMatrix() PASSED

CarsTest > catalogHasTenClassesAndEveryMappingIsConsumed() PASSED

CombatDepthTest > scatterDeduplicatesBodyCirclesAndRaysAndCostsAmmo() PASSED

CombatDepthTest > reservesChangeAccelerationWithoutRaisingTheSpeedCap() PASSED

CombatDepthTest > fullLoadoutReplaysAndNewStepPathsAllocateNothing() PASSED

CombatDepthTest > cashPickupIsBoundedAndHullRepairUsesTheClassMaximum() PASSED

CombatDepthTest > spikesUseTheRamCooldownAndSabotageIsDeclaredAndNonCumulative() PASSED

CombatTest > rayAndSweptProjectileNeverHitShooterAndUseAmmoCooldown() PASSED

CombatTest > seededCombatResolvesAllCoursesAndReplayMatches() PASSED

CombatTest > armorHasOneAuthorityAndWreckRejectsEveryAction() PASSED

CombatTest > staleAndReconnectClearAllAttackHolds() PASSED

CombatTest > mineArmsThenHitsEachCarOnceIncludingOwnerAndPoolReuseIsClean() PASSED

CombatTest > pickupsRespectCapsRespawnAndUnavailableMounts() PASSED

CombatTest > activeCombatAllocatesNothingAcrossRepeatedLiveStarts() PASSED

CombatTest > startProtectionIsVisibleAndDoesNotSpendAmmunition() PASSED

CombatTest > ramsDeduplicatePerPairAndLastSurvivorWins() PASSED

CommerceTest > versionTwoMigratesOwnershipPartsAndConditionWithoutAddingDebt() PASSED

CommerceTest > twoThousandEconomicPathsAndTornadoKeepInsuredIncomePositive() PASSED

CommerceTest > marketIsAtomicOnRejectAndCannotMintMoneyOrSellTheLastCar() PASSED

CommerceTest > itemsArePaidBoundedConsumedAtStartAndSurviveReload() PASSED

CommerceTest > contentHasEightAttackOrUtilityChoicesWithCompleteConsumers() PASSED

CommerceTest > contractsBonusesCashAndResultsPayOnlyOnce() PASSED

CommerceTest > loanRepaymentInsuranceAndManualRepairCannotCreateADeadEnd() PASSED

DriftTest > brakingUnloadsLateralGrip() PASSED

DriftTest > countersteeringCatchesTheSlide() STANDARD_OUT
    Countersteer: slip 21.85452018530294 to 9.603135582092992 degrees in 0.2 simulated seconds

DriftTest > countersteeringCatchesTheSlide() PASSED

FeelTest > humanProfilesAllocateNothingAfterWarmup() PASSED

FeelTest > strictKernelsMatchAcrossTrackAngleRange() PASSED

FeelTest > shapingAndDeterminismAndImmediatePropulsionRelease() PASSED

FeelTest > tracesAndDeclaredBands() PASSED

GarageTest > offersChargeOnceStayOnTheirCarAndRejectClassLimits() PASSED

GarageTest > receiptsAreIdempotentInsuredAndBounded() PASSED

GarageTest > seededEconomyAndExtremesHaveNoDebtOrUnboundedPower() PASSED

GarageTest > saveRoundTripRejectsCorruptionAndRecoversPreviousGoodCopy() PASSED

GarageTest > everyPartChangesItsPromisedPhysicalOrCombatConsumer() PASSED

MovementTest > transferDriftSurfaceOrderingAndStaleSafety() PASSED

MovementTest > everySurfaceCompletesSeededAiRacesDeterministically() PASSED

MovementTest > glancingRetainsTangentButHeadOnLosesSpeed() PASSED

MovementTest > massContactsConserveLinearMomentumAndFavorHeavyCar() PASSED

MovementTest > advancedMovementAllocatesNothing() PASSED

ProgressionRosterTest > heavyPaysForSpeedWithLaunchSteeringResponseAndBrakingAndCanBeKilled() PASSED

ProgressionRosterTest > budgetIdentityAndDerivedUpgradeRatingRejectBadContent() PASSED

RenderSnapshotTest > readOnlyCombatSnapshotUsesActualHullAndRetainsPreviousState() PASSED

RosterV2Test > fiveCarSavesKeepEveryOwnedPartAndReceipt() PASSED

RosterV2Test > stockCourseMatrixCompletesAndReplays() STANDARD_OUT
    C1 fastest classes across courses: [Kestrel, Bulwark]; within tiers: {rookie=[Needle, Line], club=[Trail], pro=[Flint, Comet], elite=[Quill, Vandal], champion=[Kestrel, Bulwark]}

RosterV2Test > stockCourseMatrixCompletesAndReplays() PASSED

RosterV2Test > rosterPricesPeersDimensionsAndAmmunitionHaveConsumers() PASSED

SoakTest > fixedStepHasNoSteadyStateAllocations() STANDARD_OUT
    World.step allocated 0 bytes over 10,000 warmed steps on this JVM

SoakTest > fixedStepHasNoSteadyStateAllocations() PASSED

SoakTest > wallRecoveryDoesNotNeedReverseOrTeleport() PASSED

SoakTest > fifteenSimulatedMinutesStayFiniteAndBounded() STANDARD_OUT
    900 simulated seconds, 12 full six-car races; not a real-time/device soak

SoakTest > fifteenSimulatedMinutesStayFiniteAndBounded() PASSED

SoakTest > finishedHumanDoesNotHandSteeringToAi() PASSED

TrackContentTest > remainingFeatureVocabularyLengthGridAndRecoveryRulesHaveMutants() PASSED

TrackContentTest > shortcutsSaveDistanceAtARealGripCostAndHaveAnAiConsumer() PASSED

TrackContentTest > newFeatureCourseRetainsAllocationGuarantee() PASSED

TrackContentTest > pacingLinterRejectsUnwarnedOutsideAndNonRiskyFeatures() PASSED

TrackContentTest > storedPlansThemesAndPoolsAreCompleteAndDistinct() PASSED

TrackContentTest > competitivePoolsFinishReplayAndPublishPacing() PASSED

TracksTest > authoredCourseStepAllocatesNothing() PASSED

TracksTest > sixCarsFinishEveryCourseAndReplayDeterministically() PASSED

TracksTest > samplingProjectionAndSequentialGatesAgree() PASSED

TracksTest > scaleContractIsPhysicalReadableAndVaried() PASSED

TracksTest > remainingSixGeometryAndPacingRulesRejectTheirNamedMutants() PASSED

TracksTest > allAuthoredContentPassesGeometryAndPacingLint() PASSED

TracksTest > longCarHasContactThroughItsMiddle() PASSED

TracksTest > linterRejectsNarrowReorderedAndCrossingCourses() PASSED

VergeTest > everyCarCanReachVergeSlowdownWhileContainedByEitherWall() PASSED

WorldTest > lapCountsOnceAndGateSkippingFails() PASSED

WorldTest > staleFramesHoldSteeringAndDropThrottle() PASSED

WorldTest > speedCoastBrakingAndTimeBasis() STANDARD_OUT
    Braking distance: 15 m/s -> 4.536974074091895 m; 25 m/s -> 12.01870009215559 m
    Full-lock slip after 2 s: 23.1528688186324 degrees; coast after 1 s: 24.07556393887442 m/s

WorldTest > speedCoastBrakingAndTimeBasis() PASSED

WorldTest > deterministicSixtySeconds() PASSED

WorldTest > gapsNonFiniteAndReconnectAreBounded() PASSED

WorldTest > collidingCarsSeparate() PASSED

WorldTest > wallsContainBothCarCircles() PASSED

WorldTest > twentySeededSixCarRacesComplete() STANDARD_OUT
    20 seeds / 120 finishers / six cars / 3 laps; race seconds min=70.84999999999727 max=74.59999999999705

WorldTest > twentySeededSixCarRacesComplete() PASSED

BUILD SUCCESSFUL in 4m 4s
48 actionable tasks: 32 executed, 16 from cache
