DeathRide audio musicMode=none
DeathRide audio gap movement.tyre: Owner Reject: tyre. Silent; no replacement.
DeathRide audio gap movement.skid: Owner Reject: skid. Silent; no replacement.
DeathRide audio gap movement.drift: Owner Reject: drift. Silent; no replacement.
DeathRide audio gap weapon.mine.drop: Owner Reject: mine-drop. Silent; mine arm and blast remain.
DeathRide audio gap race.lap: Owner Reject: lap. Silent; no replacement.
DeathRide audio gap race.position: The position cue reused rejected lap bytes; silent too.
DeathRide audio gap engine.Needle: Both Needle candidates rejected; engine.base fallback. No replacement generation.
DeathRide audio countdown retained as delivered; owner Maybe, later review
[DefaultDispatcher-worker-3] INFO ktor.application - Autoreload is disabled because the development mode is off.
[DefaultDispatcher-worker-3] INFO ktor.application - Application started in 0.063 seconds.
[DefaultDispatcher-worker-3] INFO ktor.application - Responding at http://127.0.0.1:8772
DeathRide pairing http://172.25.208.1:8772/?pin=1211
[DeathRide] art ready regions=175 bytes=19660800 failures=0 heading=runtime-rotation
[DeathRide] sceneryBake foundry slicedFrames=6 totalCpuMs=18.2885 maxSliceMs=4.0244
DeathRide race countdown mode=practice
DeathRide race countdown mode=practice
DeathRide {"phase":"countdown","raceSeconds":0.0,"frameTimeMs":{"lifetimeBinMs":0.1,"lifetimeCapMs":5000.0,"last10s":{"p50":16.670399999999997,"p95":17.0701,"max":109.5572,"count":590},"sinceStart":{"p50":16.6,"p95":17.0,"max":109.5572,"count":590}},"simStepMs":{"lifetimeBinMs":0.001,"lifetimeCapMs":50.0,"last10s":{"p50":0.1396,"p95":0.8053,"max":3.2697,"count":375},"sinceStart":{"p50":0.139,"p95":0.805,"max":3.2697,"count":375}},"discardedSimulationMs":{"last10s":9,"sinceStart":9},"inputAgeMs":[{"lifetimeBinMs":0.1,"lifetimeCapMs":5000.0,"last10s":{"p50":16.867600008940826,"p95":35.20000000298023,"max":98.83410001191987,"count":343},"sinceStart":{"p50":16.8,"p95":35.2,"max":98.83410001191987,"count":343}},{"lifetimeBinMs":0.1,"lifetimeCapMs":5000.0,"last10s":{"p50":0.0,"p95":0.0,"max":0.0,"count":0},"sinceStart":{"p50":0.0,"p95":0.0,"max":0.0,"count":0}}],"combatSummary":{"mineBlastRadiusM":0.5,"mineTriggerRadiusM":0.5,"damageScale":1.0,"shotsByWeapon":[0,0,0,0],"active":6,"living":6,"finished":0,"shots":0,"projectiles":0,"mines":0,"blasts":0,"poolExhaustions":0,"abilityDamage":0.0,"abilityUses":0}}
DeathRide race countdown mode=practice
DeathRide {"phase":"countdown","raceSeconds":0.0,"frameTimeMs":{"lifetimeBinMs":0.1,"lifetimeCapMs":5000.0,"last10s":{"p50":16.6706,"p95":16.961199999999998,"max":18.4119,"count":600},"sinceStart":{"p50":16.6,"p95":17.0,"max":109.5572,"count":1190}},"simStepMs":{"lifetimeBinMs":0.001,"lifetimeCapMs":50.0,"last10s":{"p50":0.1031,"p95":0.1983,"max":0.4978,"count":321},"sinceStart":{"p50":0.11900000000000001,"p95":0.429,"max":3.2697,"count":696}},"discardedSimulationMs":{"last10s":0,"sinceStart":9},"inputAgeMs":[{"lifetimeBinMs":0.1,"lifetimeCapMs":5000.0,"last10s":{"p50":17.009200005961247,"p95":39.12180001192064,"max":102.86390000297979,"count":321},"sinceStart":{"p50":16.900000000000002,"p95":38.5,"max":102.86390000297979,"count":664}},{"lifetimeBinMs":0.1,"lifetimeCapMs":5000.0,"last10s":{"p50":0.0,"p95":0.0,"max":0.0,"count":0},"sinceStart":{"p50":0.0,"p95":0.0,"max":0.0,"count":0}}],"combatSummary":{"mineBlastRadiusM":0.5,"mineTriggerRadiusM":0.5,"damageScale":1.0,"shotsByWeapon":[0,0,0,0],"active":6,"living":6,"finished":0,"shots":0,"projectiles":0,"mines":0,"blasts":0,"poolExhaustions":0,"abilityDamage":0.0,"abilityUses":0}}
DeathRide race countdown mode=practice
DeathRide {"phase":"race","raceSeconds":0.8666666666666677,"frameTimeMs":{"lifetimeBinMs":0.1,"lifetimeCapMs":5000.0,"last10s":{"p50":16.6776,"p95":17.008100000000002,"max":19.8212,"count":600},"sinceStart":{"p50":16.6,"p95":17.0,"max":109.5572,"count":1790}},"simStepMs":{"lifetimeBinMs":0.001,"lifetimeCapMs":50.0,"last10s":{"p50":0.0921,"p95":0.1536,"max":0.7846,"count":371},"sinceStart":{"p50":0.108,"p95":0.34500000000000003,"max":3.2697,"count":1067}},"discardedSimulationMs":{"last10s":0,"sinceStart":9},"inputAgeMs":[{"lifetimeBinMs":0.1,"lifetimeCapMs":5000.0,"last10s":{"p50":16.85619999105984,"p95":36.80669999105885,"max":99.77309999106001,"count":371},"sinceStart":{"p50":16.900000000000002,"p95":38.2,"max":102.86390000297979,"count":1035}},{"lifetimeBinMs":0.1,"lifetimeCapMs":5000.0,"last10s":{"p50":0.0,"p95":0.0,"max":0.0,"count":0},"sinceStart":{"p50":0.0,"p95":0.0,"max":0.0,"count":0}}],"combatSummary":{"mineBlastRadiusM":0.5,"mineTriggerRadiusM":0.5,"damageScale":1.0,"shotsByWeapon":[0,0,0,0],"active":6,"living":6,"finished":0,"shots":0,"projectiles":0,"mines":0,"blasts":0,"poolExhaustions":0,"abilityDamage":0.0,"abilityUses":0}}
DeathRide race countdown mode=practice
DeathRide {"phase":"race","raceSeconds":2.5666666666666624,"frameTimeMs":{"lifetimeBinMs":0.1,"lifetimeCapMs":5000.0,"last10s":{"p50":16.672,"p95":17.1946,"max":19.0853,"count":600},"sinceStart":{"p50":16.6,"p95":17.0,"max":109.5572,"count":2390}},"simStepMs":{"lifetimeBinMs":0.001,"lifetimeCapMs":50.0,"last10s":{"p50":0.0797,"p95":0.137,"max":0.5034,"count":421},"sinceStart":{"p50":0.099,"p95":0.291,"max":3.2697,"count":1488}},"discardedSimulationMs":{"last10s":0,"sinceStart":9},"inputAgeMs":[{"lifetimeBinMs":0.1,"lifetimeCapMs":5000.0,"last10s":{"p50":17.008500002979417,"p95":38.55549999106006,"max":99.81300000297779,"count":421},"sinceStart":{"p50":16.900000000000002,"p95":38.5,"max":102.86390000297979,"count":1456}},{"lifetimeBinMs":0.1,"lifetimeCapMs":5000.0,"last10s":{"p50":0.0,"p95":0.0,"max":0.0,"count":0},"sinceStart":{"p50":0.0,"p95":0.0,"max":0.0,"count":0}}],"combatSummary":{"mineBlastRadiusM":0.5,"mineTriggerRadiusM":0.5,"damageScale":1.0,"shotsByWeapon":[0,0,0,0],"active":6,"living":6,"finished":0,"shots":0,"projectiles":0,"mines":0,"blasts":0,"poolExhaustions":0,"abilityDamage":0.0,"abilityUses":0}}
DeathRide race countdown mode=practice
DeathRide {"phase":"race","raceSeconds":4.19999999999999,"frameTimeMs":{"lifetimeBinMs":0.1,"lifetimeCapMs":5000.0,"last10s":{"p50":16.676199999999998,"p95":17.128600000000002,"max":19.2079,"count":600},"sinceStart":{"p50":16.6,"p95":17.0,"max":109.5572,"count":2990}},"simStepMs":{"lifetimeBinMs":0.001,"lifetimeCapMs":50.0,"last10s":{"p50":0.084,"p95":0.1338,"max":0.4705,"count":421},"sinceStart":{"p50":0.094,"p95":0.256,"max":3.2697,"count":1909}},"discardedSimulationMs":{"last10s":0,"sinceStart":9},"inputAgeMs":[{"lifetimeBinMs":0.1,"lifetimeCapMs":5000.0,"last10s":{"p50":17.19469999701687,"p95":38.78309999105841,"max":101.95480001490068,"count":421},"sinceStart":{"p50":16.900000000000002,"p95":38.5,"max":102.86390000297979,"count":1877}},{"lifetimeBinMs":0.1,"lifetimeCapMs":5000.0,"last10s":{"p50":0.0,"p95":0.0,"max":0.0,"count":0},"sinceStart":{"p50":0.0,"p95":0.0,"max":0.0,"count":0}}],"combatSummary":{"mineBlastRadiusM":0.5,"mineTriggerRadiusM":0.5,"damageScale":1.0,"shotsByWeapon":[0,0,2,1],"active":6,"living":6,"finished":0,"shots":3,"projectiles":0,"mines":2,"blasts":0,"poolExhaustions":0,"abilityDamage":0.0,"abilityUses":2}}
DeathRide race countdown mode=practice
