DeathRide audio musicMode=none
DeathRide audio gap movement.tyre: Owner Reject: tyre. Silent; no replacement.
DeathRide audio gap movement.skid: Owner Reject: skid. Silent; no replacement.
DeathRide audio gap movement.drift: Owner Reject: drift. Silent; no replacement.
DeathRide audio gap weapon.mine.drop: Owner Reject: mine-drop. Silent; mine arm and blast remain.
DeathRide audio gap race.lap: Owner Reject: lap. Silent; no replacement.
DeathRide audio gap race.position: The position cue reused rejected lap bytes; silent too.
DeathRide audio gap engine.Needle: Both Needle candidates rejected; engine.base fallback. No replacement generation.
DeathRide audio countdown retained as delivered; owner Maybe, later review
[DefaultDispatcher-worker-3] INFO ktor.application - Autoreload is disabled because the development mode is off.
[DefaultDispatcher-worker-3] INFO ktor.application - Application started in 0.072 seconds.
DeathRide pairing http://172.25.208.1:8772/?pin=1126
[DefaultDispatcher-worker-2] INFO ktor.application - Responding at http://127.0.0.1:8772
[DeathRide] art ready regions=175 bytes=19660800 failures=0 heading=runtime-rotation
[DeathRide] sceneryBake foundry slicedFrames=6 totalCpuMs=21.3284 maxSliceMs=5.8274
DeathRide race countdown mode=practice
DeathRide {"phase":"race","raceSeconds":5.649999999999985,"frameTimeMs":{"lifetimeBinMs":0.1,"lifetimeCapMs":5000.0,"last10s":{"p50":16.675700000000003,"p95":16.9539,"max":120.4391,"count":589},"sinceStart":{"p50":16.6,"p95":16.900000000000002,"max":120.4391,"count":589}},"simStepMs":{"lifetimeBinMs":0.001,"lifetimeCapMs":50.0,"last10s":{"p50":0.1494,"p95":0.6549,"max":4.6414,"count":404},"sinceStart":{"p50":0.149,"p95":0.654,"max":4.6414,"count":404}},"discardedSimulationMs":{"last10s":20,"sinceStart":20},"inputAgeMs":[{"lifetimeBinMs":0.1,"lifetimeCapMs":5000.0,"last10s":{"p50":17.010400020862107,"p95":40.76340001490098,"max":99.1458000149014,"count":360},"sinceStart":{"p50":17.0,"p95":40.7,"max":99.1458000149014,"count":360}},{"lifetimeBinMs":0.1,"lifetimeCapMs":5000.0,"last10s":{"p50":0.0,"p95":0.0,"max":0.0,"count":0},"sinceStart":{"p50":0.0,"p95":0.0,"max":0.0,"count":0}}],"combatSummary":{"mineBlastRadiusM":0.5,"mineTriggerRadiusM":0.5,"damageScale":1.0,"shotsByWeapon":[4,1,3,1],"active":6,"living":6,"finished":0,"shots":9,"projectiles":0,"mines":3,"blasts":0,"poolExhaustions":0,"abilityDamage":0.0,"abilityUses":2}}
DeathRide race countdown mode=practice
DeathRide {"phase":"race","raceSeconds":6.133333333333317,"frameTimeMs":{"lifetimeBinMs":0.1,"lifetimeCapMs":5000.0,"last10s":{"p50":16.675800000000002,"p95":16.8382,"max":17.726300000000002,"count":600},"sinceStart":{"p50":16.6,"p95":16.8,"max":120.4391,"count":1189}},"simStepMs":{"lifetimeBinMs":0.001,"lifetimeCapMs":50.0,"last10s":{"p50":0.1005,"p95":0.1765,"max":0.3172,"count":421},"sinceStart":{"p50":0.11900000000000001,"p95":0.444,"max":4.6414,"count":825}},"discardedSimulationMs":{"last10s":0,"sinceStart":20},"inputAgeMs":[{"lifetimeBinMs":0.1,"lifetimeCapMs":5000.0,"last10s":{"p50":16.854799982116674,"p95":37.84799997615664,"max":99.10129997913828,"count":421},"sinceStart":{"p50":16.8,"p95":39.2,"max":99.1458000149014,"count":781}},{"lifetimeBinMs":0.1,"lifetimeCapMs":5000.0,"last10s":{"p50":0.0,"p95":0.0,"max":0.0,"count":0},"sinceStart":{"p50":0.0,"p95":0.0,"max":0.0,"count":0}}],"combatSummary":{"mineBlastRadiusM":0.5,"mineTriggerRadiusM":0.5,"damageScale":1.0,"shotsByWeapon":[5,4,3,2],"active":6,"living":6,"finished":0,"shots":14,"projectiles":1,"mines":3,"blasts":0,"poolExhaustions":0,"abilityDamage":0.0,"abilityUses":4}}
DeathRide race countdown mode=practice
DeathRide {"phase":"lobby","raceSeconds":0.16666666666666666,"frameTimeMs":{"lifetimeBinMs":0.1,"lifetimeCapMs":5000.0,"last10s":{"p50":16.6723,"p95":16.9161,"max":55.8684,"count":594},"sinceStart":{"p50":16.6,"p95":16.8,"max":120.4391,"count":1783}},"simStepMs":{"lifetimeBinMs":0.001,"lifetimeCapMs":50.0,"last10s":{"p50":0.0905,"p95":0.1572,"max":0.9989,"count":421},"sinceStart":{"p50":0.107,"p95":0.332,"max":4.6414,"count":1246}},"discardedSimulationMs":{"last10s":0,"sinceStart":20},"inputAgeMs":[{"lifetimeBinMs":0.1,"lifetimeCapMs":5000.0,"last10s":{"p50":16.90889997913837,"p95":37.03099997913887,"max":113.38450000297962,"count":421},"sinceStart":{"p50":16.8,"p95":38.5,"max":113.38450000297962,"count":1202}},{"lifetimeBinMs":0.1,"lifetimeCapMs":5000.0,"last10s":{"p50":0.0,"p95":0.0,"max":0.0,"count":0},"sinceStart":{"p50":0.0,"p95":0.0,"max":0.0,"count":0}}],"combatSummary":{"mineBlastRadiusM":0.5,"mineTriggerRadiusM":0.5,"damageScale":1.0,"shotsByWeapon":[0,0,0,0],"active":6,"living":6,"finished":0,"shots":0,"projectiles":0,"mines":0,"blasts":0,"poolExhaustions":0,"abilityDamage":0.0,"abilityUses":0}}
DeathRide race countdown mode=practice
