{"second":0,"accepted":[0,0],"rejected":[0,0],"hostPumpStalls":0}
{"second":4,"accepted":[123,123],"rejected":[0,0],"hostPumpStalls":0}
{"second":70,"accepted":[2119,2119],"rejected":[0,0],"hostPumpStalls":0}
{"second":138,"accepted":[4134,4134],"rejected":[0,0],"hostPumpStalls":0}
{"second":205,"accepted":[6149,6149],"rejected":[0,0],"hostPumpStalls":0}
{"second":272,"accepted":[8171,8171],"rejected":[0,0],"hostPumpStalls":0}
{"second":337,"accepted":[10120,10120],"rejected":[0,0],"hostPumpStalls":0}
{"second":360,"accepted":[10804,10804],"rejected":[0,0],"hostPumpStalls":0}
{
  "functionalPass": true,
  "duration": 360.1033566,
  "rounds": 6,
  "classUses": {
    "Needle": 12,
    "Line": 10,
    "Bastion": 6,
    "Comet": 5,
    "Trail": 7,
    "Flint": 7,
    "Quill": 7,
    "Vandal": 5,
    "Kestrel": 6,
    "Bulwark": 5
  },
  "clients": [
    {
      "slot": 0,
      "sent": 10804,
      "accepted": 10804,
      "rejected": 0,
      "hz": 30.002497344119455
    },
    {
      "slot": 1,
      "sent": 10804,
      "accepted": 10804,
      "rejected": 0,
      "hz": 30.002497344119455
    }
  ]
}
