DeathRide audio musicMode=none
DeathRide audio gap movement.tyre: Owner Reject: tyre. Silent; no replacement.
DeathRide audio gap movement.skid: Owner Reject: skid. Silent; no replacement.
DeathRide audio gap movement.drift: Owner Reject: drift. Silent; no replacement.
DeathRide audio gap weapon.mine.drop: Owner Reject: mine-drop. Silent; mine arm and blast remain.
DeathRide audio gap race.lap: Owner Reject: lap. Silent; no replacement.
DeathRide audio gap race.position: The position cue reused rejected lap bytes; silent too.
DeathRide audio gap engine.Needle: Both Needle candidates rejected; engine.base fallback. No replacement generation.
DeathRide audio countdown retained as delivered; owner Maybe, later review
[DefaultDispatcher-worker-4] INFO ktor.application - Autoreload is disabled because the development mode is off.
[DefaultDispatcher-worker-4] INFO ktor.application - Application started in 0.047 seconds.
DeathRide pairing http://172.25.208.1:8772/?pin=6702
[DefaultDispatcher-worker-4] INFO ktor.application - Responding at http://127.0.0.1:8772
[DeathRide] art ready regions=175 bytes=19660800 failures=0 heading=runtime-rotation
[DeathRide] sceneryBake foundry slicedFrames=7 totalCpuMs=22.084 maxSliceMs=5.7955
DeathRide race countdown mode=practice
DeathRide race countdown mode=practice
DeathRide {"phase":"countdown","raceSeconds":0.0,"frameTimeMs":{"lifetimeBinMs":0.1,"lifetimeCapMs":5000.0,"last10s":{"p50":16.672,"p95":17.0059,"max":122.475,"count":588},"sinceStart":{"p50":16.6,"p95":17.0,"max":122.475,"count":588}},"simStepMs":{"lifetimeBinMs":0.001,"lifetimeCapMs":50.0,"last10s":{"p50":0.1576,"p95":0.6291,"max":2.7252,"count":372},"sinceStart":{"p50":0.157,"p95":0.629,"max":2.7252,"count":372}},"discardedSimulationMs":{"last10s":22,"sinceStart":22},"inputAgeMs":[{"lifetimeBinMs":0.1,"lifetimeCapMs":5000.0,"last10s":{"p50":17.53579999105932,"p95":38.77470000298035,"max":98.96099997913916,"count":341},"sinceStart":{"p50":17.5,"p95":38.7,"max":98.96099997913916,"count":341}},{"lifetimeBinMs":0.1,"lifetimeCapMs":5000.0,"last10s":{"p50":0.0,"p95":0.0,"max":0.0,"count":0},"sinceStart":{"p50":0.0,"p95":0.0,"max":0.0,"count":0}}],"combatSummary":{"mineBlastRadiusM":0.5,"mineTriggerRadiusM":0.5,"damageScale":1.0,"shotsByWeapon":[0,0,0,0],"active":6,"living":6,"finished":0,"shots":0,"projectiles":0,"mines":0,"blasts":0,"poolExhaustions":0,"abilityDamage":0.0,"abilityUses":0}}
DeathRide race countdown mode=practice
DeathRide {"phase":"countdown","raceSeconds":0.0,"frameTimeMs":{"lifetimeBinMs":0.1,"lifetimeCapMs":5000.0,"last10s":{"p50":16.6756,"p95":16.8232,"max":19.3862,"count":600},"sinceStart":{"p50":16.6,"p95":16.8,"max":122.475,"count":1189}},"simStepMs":{"lifetimeBinMs":0.001,"lifetimeCapMs":50.0,"last10s":{"p50":0.0888,"p95":0.1681,"max":0.3689,"count":323},"sinceStart":{"p50":0.11800000000000001,"p95":0.457,"max":2.7252,"count":695}},"discardedSimulationMs":{"last10s":0,"sinceStart":22},"inputAgeMs":[{"lifetimeBinMs":0.1,"lifetimeCapMs":5000.0,"last10s":{"p50":16.82330000894035,"p95":39.3856999970194,"max":99.24729999106057,"count":323},"sinceStart":{"p50":16.900000000000002,"p95":39.300000000000004,"max":99.24729999106057,"count":664}},{"lifetimeBinMs":0.1,"lifetimeCapMs":5000.0,"last10s":{"p50":0.0,"p95":0.0,"max":0.0,"count":0},"sinceStart":{"p50":0.0,"p95":0.0,"max":0.0,"count":0}}],"combatSummary":{"mineBlastRadiusM":0.5,"mineTriggerRadiusM":0.5,"damageScale":1.0,"shotsByWeapon":[0,0,0,0],"active":6,"living":6,"finished":0,"shots":0,"projectiles":0,"mines":0,"blasts":0,"poolExhaustions":0,"abilityDamage":0.0,"abilityUses":0}}
DeathRide race countdown mode=practice
DeathRide {"phase":"race","raceSeconds":0.8000000000000008,"frameTimeMs":{"lifetimeBinMs":0.1,"lifetimeCapMs":5000.0,"last10s":{"p50":16.673199999999998,"p95":16.8859,"max":21.0529,"count":599},"sinceStart":{"p50":16.6,"p95":16.8,"max":122.475,"count":1788}},"simStepMs":{"lifetimeBinMs":0.001,"lifetimeCapMs":50.0,"last10s":{"p50":0.0926,"p95":0.159,"max":0.8053,"count":371},"sinceStart":{"p50":0.105,"p95":0.34,"max":2.7252,"count":1066}},"discardedSimulationMs":{"last10s":0,"sinceStart":22},"inputAgeMs":[{"lifetimeBinMs":0.1,"lifetimeCapMs":5000.0,"last10s":{"p50":16.875600002982537,"p95":38.28230000298208,"max":99.82519999702345,"count":371},"sinceStart":{"p50":16.900000000000002,"p95":38.400000000000006,"max":99.82519999702345,"count":1035}},{"lifetimeBinMs":0.1,"lifetimeCapMs":5000.0,"last10s":{"p50":0.0,"p95":0.0,"max":0.0,"count":0},"sinceStart":{"p50":0.0,"p95":0.0,"max":0.0,"count":0}}],"combatSummary":{"mineBlastRadiusM":0.5,"mineTriggerRadiusM":0.5,"damageScale":1.0,"shotsByWeapon":[0,0,0,0],"active":6,"living":6,"finished":0,"shots":0,"projectiles":0,"mines":0,"blasts":0,"poolExhaustions":0,"abilityDamage":0.0,"abilityUses":0}}
DeathRide race countdown mode=practice
DeathRide {"phase":"race","raceSeconds":2.5166666666666626,"frameTimeMs":{"lifetimeBinMs":0.1,"lifetimeCapMs":5000.0,"last10s":{"p50":16.6738,"p95":16.8426,"max":21.1009,"count":599},"sinceStart":{"p50":16.6,"p95":16.8,"max":122.475,"count":2388}},"simStepMs":{"lifetimeBinMs":0.001,"lifetimeCapMs":50.0,"last10s":{"p50":0.0954,"p95":0.1495,"max":0.5366,"count":420},"sinceStart":{"p50":0.101,"p95":0.271,"max":2.7252,"count":1487}},"discardedSimulationMs":{"last10s":0,"sinceStart":22},"inputAgeMs":[{"lifetimeBinMs":0.1,"lifetimeCapMs":5000.0,"last10s":{"p50":16.841799991059816,"p95":38.37480000893993,"max":96.7833999910581,"count":420},"sinceStart":{"p50":16.8,"p95":38.400000000000006,"max":99.82519999702345,"count":1456}},{"lifetimeBinMs":0.1,"lifetimeCapMs":5000.0,"last10s":{"p50":0.0,"p95":0.0,"max":0.0,"count":0},"sinceStart":{"p50":0.0,"p95":0.0,"max":0.0,"count":0}}],"combatSummary":{"mineBlastRadiusM":0.5,"mineTriggerRadiusM":0.5,"damageScale":1.0,"shotsByWeapon":[0,0,0,0],"active":6,"living":6,"finished":0,"shots":0,"projectiles":0,"mines":0,"blasts":0,"poolExhaustions":0,"abilityDamage":0.0,"abilityUses":0}}
DeathRide race countdown mode=practice
DeathRide {"phase":"race","raceSeconds":4.19999999999999,"frameTimeMs":{"lifetimeBinMs":0.1,"lifetimeCapMs":5000.0,"last10s":{"p50":16.6673,"p95":17.1119,"max":51.223200000000006,"count":598},"sinceStart":{"p50":16.6,"p95":16.8,"max":122.475,"count":2987}},"simStepMs":{"lifetimeBinMs":0.001,"lifetimeCapMs":50.0,"last10s":{"p50":0.078,"p95":0.1609,"max":1.6627,"count":420},"sinceStart":{"p50":0.096,"p95":0.247,"max":2.7252,"count":1908}},"discardedSimulationMs":{"last10s":0,"sinceStart":22},"inputAgeMs":[{"lifetimeBinMs":0.1,"lifetimeCapMs":5000.0,"last10s":{"p50":16.857300005962315,"p95":36.698300000003655,"max":99.27930000596098,"count":420},"sinceStart":{"p50":16.8,"p95":38.300000000000004,"max":99.82519999702345,"count":1877}},{"lifetimeBinMs":0.1,"lifetimeCapMs":5000.0,"last10s":{"p50":0.0,"p95":0.0,"max":0.0,"count":0},"sinceStart":{"p50":0.0,"p95":0.0,"max":0.0,"count":0}}],"combatSummary":{"mineBlastRadiusM":0.5,"mineTriggerRadiusM":0.5,"damageScale":1.0,"shotsByWeapon":[0,0,2,0],"active":6,"living":6,"finished":0,"shots":2,"projectiles":0,"mines":2,"blasts":0,"poolExhaustions":0,"abilityDamage":0.0,"abilityUses":2}}
DeathRide race countdown mode=practice
