DeathRide audio musicMode=none
DeathRide audio gap movement.tyre: Owner Reject: tyre. Silent; no replacement.
DeathRide audio gap movement.skid: Owner Reject: skid. Silent; no replacement.
DeathRide audio gap movement.drift: Owner Reject: drift. Silent; no replacement.
DeathRide audio gap weapon.mine.drop: Owner Reject: mine-drop. Silent; mine arm and blast remain.
DeathRide audio gap race.lap: Owner Reject: lap. Silent; no replacement.
DeathRide audio gap race.position: The position cue reused rejected lap bytes; silent too.
DeathRide audio gap engine.Needle: Both Needle candidates rejected; engine.base fallback. No replacement generation.
DeathRide audio countdown retained as delivered; owner Maybe, later review
[DefaultDispatcher-worker-4] INFO ktor.application - Autoreload is disabled because the development mode is off.
[DefaultDispatcher-worker-4] INFO ktor.application - Application started in 0.066 seconds.
DeathRide pairing http://172.25.208.1:8772/?pin=3258
[DefaultDispatcher-worker-4] INFO ktor.application - Responding at http://127.0.0.1:8772
[DeathRide] art ready regions=175 bytes=19660800 failures=0 heading=runtime-rotation
[DeathRide] sceneryBake foundry slicedFrames=6 totalCpuMs=21.303 maxSliceMs=5.9748
DeathRide race countdown mode=practice
DeathRide {"phase":"race","raceSeconds":5.816666666666651,"frameTimeMs":{"lifetimeBinMs":0.1,"lifetimeCapMs":5000.0,"last10s":{"p50":16.668100000000003,"p95":17.5154,"max":134.492,"count":588},"sinceStart":{"p50":16.6,"p95":17.5,"max":134.492,"count":588}},"simStepMs":{"lifetimeBinMs":0.001,"lifetimeCapMs":50.0,"last10s":{"p50":0.1663,"p95":0.7184,"max":3.0176,"count":402},"sinceStart":{"p50":0.166,"p95":0.718,"max":3.0176,"count":402}},"discardedSimulationMs":{"last10s":34,"sinceStart":34},"inputAgeMs":[{"lifetimeBinMs":0.1,"lifetimeCapMs":5000.0,"last10s":{"p50":17.041600002979976,"p95":41.01940001788148,"max":98.36939999702008,"count":372},"sinceStart":{"p50":17.0,"p95":41.0,"max":98.36939999702008,"count":372}},{"lifetimeBinMs":0.1,"lifetimeCapMs":5000.0,"last10s":{"p50":0.0,"p95":0.0,"max":0.0,"count":0},"sinceStart":{"p50":0.0,"p95":0.0,"max":0.0,"count":0}}],"combatSummary":{"mineBlastRadiusM":0.5,"mineTriggerRadiusM":0.5,"damageScale":1.0,"shotsByWeapon":[5,2,1,1],"active":6,"living":6,"finished":0,"shots":9,"projectiles":0,"mines":1,"blasts":0,"poolExhaustions":0,"abilityDamage":0.0,"abilityUses":2}}
DeathRide race countdown mode=practice
DeathRide {"phase":"lobby","raceSeconds":0.15,"frameTimeMs":{"lifetimeBinMs":0.1,"lifetimeCapMs":5000.0,"last10s":{"p50":16.674000000000003,"p95":17.041500000000003,"max":18.436700000000002,"count":600},"sinceStart":{"p50":16.6,"p95":17.2,"max":134.492,"count":1189}},"simStepMs":{"lifetimeBinMs":0.001,"lifetimeCapMs":50.0,"last10s":{"p50":0.0976,"p95":0.2003,"max":0.3937,"count":421},"sinceStart":{"p50":0.127,"p95":0.43,"max":3.0176,"count":824}},"discardedSimulationMs":{"last10s":0,"sinceStart":34},"inputAgeMs":[{"lifetimeBinMs":0.1,"lifetimeCapMs":5000.0,"last10s":{"p50":16.824199985099767,"p95":38.232699997019154,"max":100.49340000894153,"count":421},"sinceStart":{"p50":16.8,"p95":39.900000000000006,"max":100.49340000894153,"count":794}},{"lifetimeBinMs":0.1,"lifetimeCapMs":5000.0,"last10s":{"p50":0.0,"p95":0.0,"max":0.0,"count":0},"sinceStart":{"p50":0.0,"p95":0.0,"max":0.0,"count":0}}],"combatSummary":{"mineBlastRadiusM":0.5,"mineTriggerRadiusM":0.5,"damageScale":1.0,"shotsByWeapon":[0,0,0,0],"active":6,"living":6,"finished":0,"shots":0,"projectiles":0,"mines":0,"blasts":0,"poolExhaustions":0,"abilityDamage":0.0,"abilityUses":0}}
DeathRide race countdown mode=practice
DeathRide {"phase":"lobby","raceSeconds":0.5833333333333335,"frameTimeMs":{"lifetimeBinMs":0.1,"lifetimeCapMs":5000.0,"last10s":{"p50":16.6754,"p95":16.997600000000002,"max":23.649,"count":600},"sinceStart":{"p50":16.6,"p95":17.2,"max":134.492,"count":1789}},"simStepMs":{"lifetimeBinMs":0.001,"lifetimeCapMs":50.0,"last10s":{"p50":0.0894,"p95":0.156,"max":0.8542,"count":421},"sinceStart":{"p50":0.109,"p95":0.33,"max":3.0176,"count":1245}},"discardedSimulationMs":{"last10s":0,"sinceStart":34},"inputAgeMs":[{"lifetimeBinMs":0.1,"lifetimeCapMs":5000.0,"last10s":{"p50":16.768299997020222,"p95":39.29589999702148,"max":99.30250000894011,"count":421},"sinceStart":{"p50":16.8,"p95":39.5,"max":100.49340000894153,"count":1215}},{"lifetimeBinMs":0.1,"lifetimeCapMs":5000.0,"last10s":{"p50":0.0,"p95":0.0,"max":0.0,"count":0},"sinceStart":{"p50":0.0,"p95":0.0,"max":0.0,"count":0}}],"combatSummary":{"mineBlastRadiusM":0.5,"mineTriggerRadiusM":0.5,"damageScale":1.0,"shotsByWeapon":[0,0,0,0],"active":6,"living":6,"finished":0,"shots":0,"projectiles":0,"mines":0,"blasts":0,"poolExhaustions":0,"abilityDamage":0.0,"abilityUses":0}}
DeathRide race countdown mode=practice
