DeathRide audio musicMode=none
DeathRide audio gap movement.tyre: Owner Reject: tyre. Silent; no replacement.
DeathRide audio gap movement.skid: Owner Reject: skid. Silent; no replacement.
DeathRide audio gap movement.drift: Owner Reject: drift. Silent; no replacement.
DeathRide audio gap weapon.mine.drop: Owner Reject: mine-drop. Silent; mine arm and blast remain.
DeathRide audio gap race.lap: Owner Reject: lap. Silent; no replacement.
DeathRide audio gap race.position: The position cue reused rejected lap bytes; silent too.
DeathRide audio gap engine.Needle: Both Needle candidates rejected; engine.base fallback. No replacement generation.
DeathRide audio countdown retained as delivered; owner Maybe, later review
[DefaultDispatcher-worker-3] INFO ktor.application - Autoreload is disabled because the development mode is off.
[DefaultDispatcher-worker-3] INFO ktor.application - Application started in 0.066 seconds.
[DefaultDispatcher-worker-3] INFO ktor.application - Responding at http://127.0.0.1:8772
DeathRide pairing http://172.25.208.1:8772/?pin=4984
[DeathRide] art ready regions=175 bytes=19660800 failures=0 heading=runtime-rotation
[DeathRide] sceneryBake foundry slicedFrames=6 totalCpuMs=18.813299999999998 maxSliceMs=5.1484
DeathRide race countdown mode=practice
DeathRide race countdown mode=practice
DeathRide {"phase":"countdown","raceSeconds":0.0,"frameTimeMs":{"lifetimeBinMs":0.1,"lifetimeCapMs":5000.0,"last10s":{"p50":16.6667,"p95":17.5299,"max":133.7536,"count":590},"sinceStart":{"p50":16.6,"p95":17.5,"max":133.7536,"count":590}},"simStepMs":{"lifetimeBinMs":0.001,"lifetimeCapMs":50.0,"last10s":{"p50":0.1776,"p95":0.6783,"max":3.4064,"count":367},"sinceStart":{"p50":0.177,"p95":0.678,"max":3.4064,"count":367}},"discardedSimulationMs":{"last10s":33,"sinceStart":33},"inputAgeMs":[{"lifetimeBinMs":0.1,"lifetimeCapMs":5000.0,"last10s":{"p50":16.930700005959807,"p95":36.45510000596005,"max":99.96750001490182,"count":338},"sinceStart":{"p50":16.900000000000002,"p95":36.4,"max":99.96750001490182,"count":338}},{"lifetimeBinMs":0.1,"lifetimeCapMs":5000.0,"last10s":{"p50":0.0,"p95":0.0,"max":0.0,"count":0},"sinceStart":{"p50":0.0,"p95":0.0,"max":0.0,"count":0}}],"combatSummary":{"mineBlastRadiusM":0.5,"mineTriggerRadiusM":0.5,"damageScale":1.0,"shotsByWeapon":[0,0,0,0],"active":6,"living":6,"finished":0,"shots":0,"projectiles":0,"mines":0,"blasts":0,"poolExhaustions":0,"abilityDamage":0.0,"abilityUses":0}}
DeathRide race countdown mode=practice
DeathRide {"phase":"countdown","raceSeconds":0.0,"frameTimeMs":{"lifetimeBinMs":0.1,"lifetimeCapMs":5000.0,"last10s":{"p50":16.6677,"p95":16.9563,"max":18.5566,"count":600},"sinceStart":{"p50":16.6,"p95":17.2,"max":133.7536,"count":1190}},"simStepMs":{"lifetimeBinMs":0.001,"lifetimeCapMs":50.0,"last10s":{"p50":0.0904,"p95":0.1697,"max":0.2769,"count":320},"sinceStart":{"p50":0.129,"p95":0.512,"max":3.4064,"count":687}},"discardedSimulationMs":{"last10s":0,"sinceStart":33},"inputAgeMs":[{"lifetimeBinMs":0.1,"lifetimeCapMs":5000.0,"last10s":{"p50":16.87579999999798,"p95":37.56599999105856,"max":98.95539998807726,"count":320},"sinceStart":{"p50":16.8,"p95":36.800000000000004,"max":99.96750001490182,"count":658}},{"lifetimeBinMs":0.1,"lifetimeCapMs":5000.0,"last10s":{"p50":0.0,"p95":0.0,"max":0.0,"count":0},"sinceStart":{"p50":0.0,"p95":0.0,"max":0.0,"count":0}}],"combatSummary":{"mineBlastRadiusM":0.5,"mineTriggerRadiusM":0.5,"damageScale":1.0,"shotsByWeapon":[0,0,0,0],"active":6,"living":6,"finished":0,"shots":0,"projectiles":0,"mines":0,"blasts":0,"poolExhaustions":0,"abilityDamage":0.0,"abilityUses":0}}
DeathRide race countdown mode=practice
DeathRide {"phase":"race","raceSeconds":0.8666666666666677,"frameTimeMs":{"lifetimeBinMs":0.1,"lifetimeCapMs":5000.0,"last10s":{"p50":16.6748,"p95":17.009900000000002,"max":25.6162,"count":599},"sinceStart":{"p50":16.6,"p95":17.1,"max":133.7536,"count":1790}},"simStepMs":{"lifetimeBinMs":0.001,"lifetimeCapMs":50.0,"last10s":{"p50":0.0993,"p95":0.1686,"max":0.3431,"count":379},"sinceStart":{"p50":0.111,"p95":0.418,"max":3.4064,"count":1066}},"discardedSimulationMs":{"last10s":0,"sinceStart":33},"inputAgeMs":[{"lifetimeBinMs":0.1,"lifetimeCapMs":5000.0,"last10s":{"p50":16.967699988079403,"p95":41.172900002980896,"max":115.72539999999935,"count":379},"sinceStart":{"p50":16.900000000000002,"p95":39.2,"max":115.72539999999935,"count":1037}},{"lifetimeBinMs":0.1,"lifetimeCapMs":5000.0,"last10s":{"p50":0.0,"p95":0.0,"max":0.0,"count":0},"sinceStart":{"p50":0.0,"p95":0.0,"max":0.0,"count":0}}],"combatSummary":{"mineBlastRadiusM":0.5,"mineTriggerRadiusM":0.5,"damageScale":1.0,"shotsByWeapon":[0,0,0,0],"active":6,"living":6,"finished":0,"shots":0,"projectiles":0,"mines":0,"blasts":0,"poolExhaustions":0,"abilityDamage":0.0,"abilityUses":0}}
DeathRide race countdown mode=practice
DeathRide {"phase":"race","raceSeconds":2.4833333333333294,"frameTimeMs":{"lifetimeBinMs":0.1,"lifetimeCapMs":5000.0,"last10s":{"p50":16.673099999999998,"p95":17.3328,"max":31.0862,"count":599},"sinceStart":{"p50":16.6,"p95":17.1,"max":133.7536,"count":2390}},"simStepMs":{"lifetimeBinMs":0.001,"lifetimeCapMs":50.0,"last10s":{"p50":0.0997,"p95":0.2034,"max":0.9719,"count":419},"sinceStart":{"p50":0.107,"p95":0.336,"max":3.4064,"count":1486}},"discardedSimulationMs":{"last10s":0,"sinceStart":33},"inputAgeMs":[{"lifetimeBinMs":0.1,"lifetimeCapMs":5000.0,"last10s":{"p50":17.00549998509814,"p95":37.9789999850982,"max":99.30879999105673,"count":419},"sinceStart":{"p50":16.900000000000002,"p95":38.6,"max":115.72539999999935,"count":1457}},{"lifetimeBinMs":0.1,"lifetimeCapMs":5000.0,"last10s":{"p50":0.0,"p95":0.0,"max":0.0,"count":0},"sinceStart":{"p50":0.0,"p95":0.0,"max":0.0,"count":0}}],"combatSummary":{"mineBlastRadiusM":0.5,"mineTriggerRadiusM":0.5,"damageScale":1.0,"shotsByWeapon":[0,0,0,0],"active":6,"living":6,"finished":0,"shots":0,"projectiles":0,"mines":0,"blasts":0,"poolExhaustions":0,"abilityDamage":0.0,"abilityUses":0}}
DeathRide race countdown mode=practice
DeathRide {"phase":"race","raceSeconds":4.166666666666657,"frameTimeMs":{"lifetimeBinMs":0.1,"lifetimeCapMs":5000.0,"last10s":{"p50":16.6717,"p95":17.2597,"max":24.2529,"count":599},"sinceStart":{"p50":16.6,"p95":17.2,"max":133.7536,"count":2990}},"simStepMs":{"lifetimeBinMs":0.001,"lifetimeCapMs":50.0,"last10s":{"p50":0.0804,"p95":0.1993,"max":0.4052,"count":421},"sinceStart":{"p50":0.10200000000000001,"p95":0.28300000000000003,"max":3.4064,"count":1908}},"discardedSimulationMs":{"last10s":0,"sinceStart":33},"inputAgeMs":[{"lifetimeBinMs":0.1,"lifetimeCapMs":5000.0,"last10s":{"p50":16.97599999105296,"p95":36.98389998211496,"max":98.612399985097,"count":421},"sinceStart":{"p50":16.900000000000002,"p95":38.1,"max":115.72539999999935,"count":1879}},{"lifetimeBinMs":0.1,"lifetimeCapMs":5000.0,"last10s":{"p50":0.0,"p95":0.0,"max":0.0,"count":0},"sinceStart":{"p50":0.0,"p95":0.0,"max":0.0,"count":0}}],"combatSummary":{"mineBlastRadiusM":0.5,"mineTriggerRadiusM":0.5,"damageScale":1.0,"shotsByWeapon":[0,0,2,0],"active":6,"living":6,"finished":0,"shots":2,"projectiles":0,"mines":2,"blasts":0,"poolExhaustions":0,"abilityDamage":0.0,"abilityUses":2}}
DeathRide race countdown mode=practice
