DeathRide audio musicMode=none
DeathRide audio gap movement.tyre: Owner Reject: tyre. Silent; no replacement.
DeathRide audio gap movement.skid: Owner Reject: skid. Silent; no replacement.
DeathRide audio gap movement.drift: Owner Reject: drift. Silent; no replacement.
DeathRide audio gap weapon.mine.drop: Owner Reject: mine-drop. Silent; mine arm and blast remain.
DeathRide audio gap race.lap: Owner Reject: lap. Silent; no replacement.
DeathRide audio gap race.position: The position cue reused rejected lap bytes; silent too.
DeathRide audio gap engine.Needle: Both Needle candidates rejected; engine.base fallback. No replacement generation.
DeathRide audio countdown retained as delivered; owner Maybe, later review
[DefaultDispatcher-worker-3] INFO ktor.application - Autoreload is disabled because the development mode is off.
[DefaultDispatcher-worker-3] INFO ktor.application - Application started in 0.059 seconds.
[DefaultDispatcher-worker-3] INFO ktor.application - Responding at http://127.0.0.1:8772
DeathRide pairing http://172.25.208.1:8772/?pin=9861
[DeathRide] art ready regions=175 bytes=19660800 failures=0 heading=runtime-rotation
[DeathRide] sceneryBake foundry slicedFrames=7 totalCpuMs=23.252100000000002 maxSliceMs=6.2011
DeathRide race countdown mode=practice
DeathRide {"phase":"race","raceSeconds":5.7666666666666515,"frameTimeMs":{"lifetimeBinMs":0.1,"lifetimeCapMs":5000.0,"last10s":{"p50":16.6671,"p95":17.000999999999998,"max":130.992,"count":587},"sinceStart":{"p50":16.6,"p95":17.0,"max":130.992,"count":587}},"simStepMs":{"lifetimeBinMs":0.001,"lifetimeCapMs":50.0,"last10s":{"p50":0.1719,"p95":0.7211,"max":2.8954,"count":401},"sinceStart":{"p50":0.171,"p95":0.721,"max":2.8954,"count":401}},"discardedSimulationMs":{"last10s":30,"sinceStart":30},"inputAgeMs":[{"lifetimeBinMs":0.1,"lifetimeCapMs":5000.0,"last10s":{"p50":16.88550000596024,"p95":38.32920000298054,"max":99.77840000893957,"count":371},"sinceStart":{"p50":16.8,"p95":38.300000000000004,"max":99.77840000893957,"count":371}},{"lifetimeBinMs":0.1,"lifetimeCapMs":5000.0,"last10s":{"p50":0.0,"p95":0.0,"max":0.0,"count":0},"sinceStart":{"p50":0.0,"p95":0.0,"max":0.0,"count":0}}],"combatSummary":{"mineBlastRadiusM":0.5,"mineTriggerRadiusM":0.5,"damageScale":1.0,"shotsByWeapon":[5,2,1,1],"active":6,"living":6,"finished":0,"shots":9,"projectiles":0,"mines":1,"blasts":0,"poolExhaustions":0,"abilityDamage":0.0,"abilityUses":2}}
DeathRide race countdown mode=practice
DeathRide {"phase":"race","raceSeconds":6.2333333333333165,"frameTimeMs":{"lifetimeBinMs":0.1,"lifetimeCapMs":5000.0,"last10s":{"p50":16.6718,"p95":16.869100000000003,"max":20.048099999999998,"count":599},"sinceStart":{"p50":16.6,"p95":16.900000000000002,"max":130.992,"count":1187}},"simStepMs":{"lifetimeBinMs":0.001,"lifetimeCapMs":50.0,"last10s":{"p50":0.0953,"p95":0.1859,"max":0.3472,"count":420},"sinceStart":{"p50":0.125,"p95":0.47000000000000003,"max":2.8954,"count":822}},"discardedSimulationMs":{"last10s":0,"sinceStart":30},"inputAgeMs":[{"lifetimeBinMs":0.1,"lifetimeCapMs":5000.0,"last10s":{"p50":16.806399991059152,"p95":39.26020000298013,"max":99.80760000894225,"count":420},"sinceStart":{"p50":16.8,"p95":38.300000000000004,"max":99.80760000894225,"count":792}},{"lifetimeBinMs":0.1,"lifetimeCapMs":5000.0,"last10s":{"p50":0.0,"p95":0.0,"max":0.0,"count":0},"sinceStart":{"p50":0.0,"p95":0.0,"max":0.0,"count":0}}],"combatSummary":{"mineBlastRadiusM":0.5,"mineTriggerRadiusM":0.5,"damageScale":1.0,"shotsByWeapon":[4,5,2,1],"active":6,"living":6,"finished":0,"shots":12,"projectiles":2,"mines":2,"blasts":0,"poolExhaustions":0,"abilityDamage":0.0,"abilityUses":4}}
DeathRide race countdown mode=practice
DeathRide {"phase":"lobby","raceSeconds":0.4833333333333333,"frameTimeMs":{"lifetimeBinMs":0.1,"lifetimeCapMs":5000.0,"last10s":{"p50":16.6697,"p95":16.9346,"max":20.430699999999998,"count":599},"sinceStart":{"p50":16.6,"p95":16.900000000000002,"max":130.992,"count":1787}},"simStepMs":{"lifetimeBinMs":0.001,"lifetimeCapMs":50.0,"last10s":{"p50":0.0896,"p95":0.1615,"max":0.7596,"count":420},"sinceStart":{"p50":0.112,"p95":0.39,"max":2.8954,"count":1243}},"discardedSimulationMs":{"last10s":0,"sinceStart":30},"inputAgeMs":[{"lifetimeBinMs":0.1,"lifetimeCapMs":5000.0,"last10s":{"p50":16.831799997020426,"p95":38.26779998510028,"max":99.14009999702103,"count":420},"sinceStart":{"p50":16.8,"p95":38.300000000000004,"max":99.80760000894225,"count":1213}},{"lifetimeBinMs":0.1,"lifetimeCapMs":5000.0,"last10s":{"p50":0.0,"p95":0.0,"max":0.0,"count":0},"sinceStart":{"p50":0.0,"p95":0.0,"max":0.0,"count":0}}],"combatSummary":{"mineBlastRadiusM":0.5,"mineTriggerRadiusM":0.5,"damageScale":1.0,"shotsByWeapon":[0,0,0,0],"active":6,"living":6,"finished":0,"shots":0,"projectiles":0,"mines":0,"blasts":0,"poolExhaustions":0,"abilityDamage":0.0,"abilityUses":0}}
DeathRide race countdown mode=practice
