{"second":0,"accepted":[0,0],"rejected":[0,0],"hostPumpStalls":0}
{"second":4,"accepted":[151,151],"rejected":[0,0],"hostPumpStalls":0}
{"second":64,"accepted":[1926,1926],"rejected":[0,0],"hostPumpStalls":0}
{"second":124,"accepted":[3728,3728],"rejected":[0,0],"hostPumpStalls":0}
{"second":185,"accepted":[5562,5562],"rejected":[0,0],"hostPumpStalls":0}
{"second":253,"accepted":[7593,7593],"rejected":[0,0],"hostPumpStalls":0}
{"second":317,"accepted":[9531,9531],"rejected":[0,0],"hostPumpStalls":0}
{"second":360,"accepted":[10807,10807],"rejected":[0,0],"hostPumpStalls":0}
{
  "functionalPass": true,
  "duration": 360.2080166,
  "rounds": 6,
  "classUses": {
    "Needle": 8,
    "Line": 9,
    "Bastion": 6,
    "Comet": 5,
    "Trail": 7,
    "Flint": 7,
    "Quill": 7,
    "Vandal": 5,
    "Kestrel": 6,
    "Bulwark": 5
  },
  "clients": [
    {
      "slot": 0,
      "sent": 10807,
      "accepted": 10807,
      "rejected": 0,
      "hz": 30.00210850943066
    },
    {
      "slot": 1,
      "sent": 10807,
      "accepted": 10807,
      "rejected": 0,
      "hz": 30.00210850943066
    }
  ]
}
