DeathRide audio musicMode=none
DeathRide audio gap movement.tyre: Owner Reject: tyre. Silent; no replacement.
DeathRide audio gap movement.skid: Owner Reject: skid. Silent; no replacement.
DeathRide audio gap movement.drift: Owner Reject: drift. Silent; no replacement.
DeathRide audio gap weapon.mine.drop: Owner Reject: mine-drop. Silent; mine arm and blast remain.
DeathRide audio gap race.lap: Owner Reject: lap. Silent; no replacement.
DeathRide audio gap race.position: The position cue reused rejected lap bytes; silent too.
DeathRide audio gap engine.Needle: Both Needle candidates rejected; engine.base fallback. No replacement generation.
DeathRide audio countdown retained as delivered; owner Maybe, later review
[DefaultDispatcher-worker-3] INFO ktor.application - Autoreload is disabled because the development mode is off.
[DefaultDispatcher-worker-3] INFO ktor.application - Application started in 0.063 seconds.
DeathRide pairing http://172.25.208.1:8774/?pin=8225
[DefaultDispatcher-worker-6] INFO ktor.application - Responding at http://127.0.0.1:8774
[DeathRide] art ready regions=175 bytes=19660800 failures=0 heading=runtime-rotation
[DeathRide] sceneryBake foundry slicedFrames=7 totalCpuMs=21.3108 maxSliceMs=5.1974
DeathRide race countdown mode=practice
DeathRide race countdown mode=practice
DeathRide {"phase":"countdown","raceSeconds":0.0,"frameTimeMs":{"lifetimeBinMs":0.1,"lifetimeCapMs":5000.0,"last10s":{"p50":16.673199999999998,"p95":17.5399,"max":94.1088,"count":591},"sinceStart":{"p50":16.6,"p95":17.5,"max":94.1088,"count":591}},"simStepMs":{"lifetimeBinMs":0.001,"lifetimeCapMs":50.0,"last10s":{"p50":0.1529,"p95":0.6721,"max":2.8341,"count":376},"sinceStart":{"p50":0.152,"p95":0.672,"max":2.8341,"count":376}},"discardedSimulationMs":{"last10s":0,"sinceStart":0},"inputAgeMs":[{"lifetimeBinMs":0.1,"lifetimeCapMs":5000.0,"last10s":{"p50":16.91949999999997,"p95":36.38770000000022,"max":95.16819998808023,"count":342},"sinceStart":{"p50":16.900000000000002,"p95":36.300000000000004,"max":95.16819998808023,"count":342}},{"lifetimeBinMs":0.1,"lifetimeCapMs":5000.0,"last10s":{"p50":0.0,"p95":0.0,"max":0.0,"count":0},"sinceStart":{"p50":0.0,"p95":0.0,"max":0.0,"count":0}}],"combatSummary":{"mineBlastRadiusM":0.5,"mineTriggerRadiusM":0.5,"damageScale":1.0,"shotsByWeapon":[0,0,0,0],"active":6,"living":6,"finished":0,"shots":0,"projectiles":0,"mines":0,"blasts":0,"poolExhaustions":0,"abilityDamage":0.0,"abilityUses":0}}
DeathRide race countdown mode=practice
DeathRide {"phase":"countdown","raceSeconds":0.0,"frameTimeMs":{"lifetimeBinMs":0.1,"lifetimeCapMs":5000.0,"last10s":{"p50":16.675900000000002,"p95":17.7042,"max":22.1982,"count":600},"sinceStart":{"p50":16.6,"p95":17.6,"max":94.1088,"count":1191}},"simStepMs":{"lifetimeBinMs":0.001,"lifetimeCapMs":50.0,"last10s":{"p50":0.1197,"p95":0.2368,"max":1.3132,"count":324},"sinceStart":{"p50":0.128,"p95":0.53,"max":2.8341,"count":700}},"discardedSimulationMs":{"last10s":0,"sinceStart":0},"inputAgeMs":[{"lifetimeBinMs":0.1,"lifetimeCapMs":5000.0,"last10s":{"p50":16.80529999999999,"p95":36.447400005959935,"max":97.88549999403767,"count":324},"sinceStart":{"p50":16.8,"p95":36.4,"max":97.88549999403767,"count":666}},{"lifetimeBinMs":0.1,"lifetimeCapMs":5000.0,"last10s":{"p50":0.0,"p95":0.0,"max":0.0,"count":0},"sinceStart":{"p50":0.0,"p95":0.0,"max":0.0,"count":0}}],"combatSummary":{"mineBlastRadiusM":0.5,"mineTriggerRadiusM":0.5,"damageScale":1.0,"shotsByWeapon":[0,0,0,0],"active":6,"living":6,"finished":0,"shots":0,"projectiles":0,"mines":0,"blasts":0,"poolExhaustions":0,"abilityDamage":0.0,"abilityUses":0}}
DeathRide race countdown mode=practice
DeathRide {"phase":"race","raceSeconds":0.733333333333334,"frameTimeMs":{"lifetimeBinMs":0.1,"lifetimeCapMs":5000.0,"last10s":{"p50":16.6662,"p95":17.2913,"max":21.707,"count":600},"sinceStart":{"p50":16.6,"p95":17.5,"max":94.1088,"count":1791}},"simStepMs":{"lifetimeBinMs":0.001,"lifetimeCapMs":50.0,"last10s":{"p50":0.1002,"p95":0.1767,"max":0.525,"count":369},"sinceStart":{"p50":0.117,"p95":0.361,"max":2.8341,"count":1069}},"discardedSimulationMs":{"last10s":0,"sinceStart":0},"inputAgeMs":[{"lifetimeBinMs":0.1,"lifetimeCapMs":5000.0,"last10s":{"p50":16.88709999999992,"p95":41.036400005963515,"max":99.57119998808048,"count":369},"sinceStart":{"p50":16.8,"p95":37.6,"max":99.57119998808048,"count":1035}},{"lifetimeBinMs":0.1,"lifetimeCapMs":5000.0,"last10s":{"p50":0.0,"p95":0.0,"max":0.0,"count":0},"sinceStart":{"p50":0.0,"p95":0.0,"max":0.0,"count":0}}],"combatSummary":{"mineBlastRadiusM":0.5,"mineTriggerRadiusM":0.5,"damageScale":1.0,"shotsByWeapon":[0,0,0,0],"active":6,"living":6,"finished":0,"shots":0,"projectiles":0,"mines":0,"blasts":0,"poolExhaustions":0,"abilityDamage":0.0,"abilityUses":0}}
DeathRide race countdown mode=practice
DeathRide {"phase":"race","raceSeconds":2.366666666666663,"frameTimeMs":{"lifetimeBinMs":0.1,"lifetimeCapMs":5000.0,"last10s":{"p50":16.6835,"p95":17.278499999999998,"max":18.7453,"count":600},"sinceStart":{"p50":16.6,"p95":17.400000000000002,"max":94.1088,"count":2391}},"simStepMs":{"lifetimeBinMs":0.001,"lifetimeCapMs":50.0,"last10s":{"p50":0.0926,"p95":0.1486,"max":0.7195,"count":421},"sinceStart":{"p50":0.109,"p95":0.309,"max":2.8341,"count":1490}},"discardedSimulationMs":{"last10s":0,"sinceStart":0},"inputAgeMs":[{"lifetimeBinMs":0.1,"lifetimeCapMs":5000.0,"last10s":{"p50":17.102099982119398,"p95":36.173699982118706,"max":99.61289998212305,"count":421},"sinceStart":{"p50":16.900000000000002,"p95":37.300000000000004,"max":99.61289998212305,"count":1456}},{"lifetimeBinMs":0.1,"lifetimeCapMs":5000.0,"last10s":{"p50":0.0,"p95":0.0,"max":0.0,"count":0},"sinceStart":{"p50":0.0,"p95":0.0,"max":0.0,"count":0}}],"combatSummary":{"mineBlastRadiusM":0.5,"mineTriggerRadiusM":0.5,"damageScale":1.0,"shotsByWeapon":[0,0,0,0],"active":6,"living":6,"finished":0,"shots":0,"projectiles":0,"mines":0,"blasts":0,"poolExhaustions":0,"abilityDamage":0.0,"abilityUses":0}}
DeathRide race countdown mode=practice
DeathRide {"phase":"race","raceSeconds":4.033333333333324,"frameTimeMs":{"lifetimeBinMs":0.1,"lifetimeCapMs":5000.0,"last10s":{"p50":16.6712,"p95":17.2602,"max":33.3492,"count":600},"sinceStart":{"p50":16.6,"p95":17.400000000000002,"max":94.1088,"count":2991}},"simStepMs":{"lifetimeBinMs":0.001,"lifetimeCapMs":50.0,"last10s":{"p50":0.0845,"p95":0.1435,"max":0.3079,"count":421},"sinceStart":{"p50":0.10300000000000001,"p95":0.28500000000000003,"max":2.8341,"count":1911}},"discardedSimulationMs":{"last10s":0,"sinceStart":0},"inputAgeMs":[{"lifetimeBinMs":0.1,"lifetimeCapMs":5000.0,"last10s":{"p50":17.058800005965168,"p95":38.216599988081725,"max":99.64819998211897,"count":421},"sinceStart":{"p50":16.900000000000002,"p95":37.6,"max":99.64819998211897,"count":1877}},{"lifetimeBinMs":0.1,"lifetimeCapMs":5000.0,"last10s":{"p50":0.0,"p95":0.0,"max":0.0,"count":0},"sinceStart":{"p50":0.0,"p95":0.0,"max":0.0,"count":0}}],"combatSummary":{"mineBlastRadiusM":0.5,"mineTriggerRadiusM":0.5,"damageScale":1.0,"shotsByWeapon":[0,0,0,0],"active":6,"living":6,"finished":0,"shots":0,"projectiles":0,"mines":0,"blasts":0,"poolExhaustions":0,"abilityDamage":0.0,"abilityUses":0}}
DeathRide race countdown mode=practice
