DeathRide audio musicMode=none
DeathRide audio gap movement.tyre: Owner Reject: tyre. Silent; no replacement.
DeathRide audio gap movement.skid: Owner Reject: skid. Silent; no replacement.
DeathRide audio gap movement.drift: Owner Reject: drift. Silent; no replacement.
DeathRide audio gap weapon.mine.drop: Owner Reject: mine-drop. Silent; mine arm and blast remain.
DeathRide audio gap race.lap: Owner Reject: lap. Silent; no replacement.
DeathRide audio gap race.position: The position cue reused rejected lap bytes; silent too.
DeathRide audio gap engine.Needle: Both Needle candidates rejected; engine.base fallback. No replacement generation.
DeathRide audio countdown retained as delivered; owner Maybe, later review
[DefaultDispatcher-worker-4] INFO ktor.application - Autoreload is disabled because the development mode is off.
[DefaultDispatcher-worker-4] INFO ktor.application - Application started in 0.055 seconds.
[DefaultDispatcher-worker-4] INFO ktor.application - Responding at http://127.0.0.1:8774
DeathRide pairing http://172.25.208.1:8774/?pin=6823
[DeathRide] art ready regions=175 bytes=19660800 failures=0 heading=runtime-rotation
[DeathRide] sceneryBake foundry slicedFrames=6 totalCpuMs=20.353500000000004 maxSliceMs=5.761
DeathRide race countdown mode=practice
DeathRide {"phase":"race","raceSeconds":5.883333333333318,"frameTimeMs":{"lifetimeBinMs":0.1,"lifetimeCapMs":5000.0,"last10s":{"p50":16.6688,"p95":17.2199,"max":87.2151,"count":591},"sinceStart":{"p50":16.6,"p95":17.2,"max":87.2151,"count":591}},"simStepMs":{"lifetimeBinMs":0.001,"lifetimeCapMs":50.0,"last10s":{"p50":0.1454,"p95":0.6169,"max":2.6513,"count":405},"sinceStart":{"p50":0.145,"p95":0.616,"max":2.6513,"count":405}},"discardedSimulationMs":{"last10s":0,"sinceStart":0},"inputAgeMs":[{"lifetimeBinMs":0.1,"lifetimeCapMs":5000.0,"last10s":{"p50":16.87160000894073,"p95":38.261300002979624,"max":100.03399998807981,"count":378},"sinceStart":{"p50":16.8,"p95":38.2,"max":100.03399998807981,"count":378}},{"lifetimeBinMs":0.1,"lifetimeCapMs":5000.0,"last10s":{"p50":0.0,"p95":0.0,"max":0.0,"count":0},"sinceStart":{"p50":0.0,"p95":0.0,"max":0.0,"count":0}}],"combatSummary":{"mineBlastRadiusM":0.5,"mineTriggerRadiusM":0.5,"damageScale":1.0,"shotsByWeapon":[5,2,1,1],"active":6,"living":6,"finished":0,"shots":9,"projectiles":0,"mines":1,"blasts":0,"poolExhaustions":0,"abilityDamage":0.0,"abilityUses":2}}
DeathRide race countdown mode=practice
DeathRide {"phase":"lobby","raceSeconds":0.11666666666666665,"frameTimeMs":{"lifetimeBinMs":0.1,"lifetimeCapMs":5000.0,"last10s":{"p50":16.6749,"p95":17.1443,"max":18.5177,"count":599},"sinceStart":{"p50":16.6,"p95":17.1,"max":87.2151,"count":1191}},"simStepMs":{"lifetimeBinMs":0.001,"lifetimeCapMs":50.0,"last10s":{"p50":0.0943,"p95":0.183,"max":0.3826,"count":420},"sinceStart":{"p50":0.11900000000000001,"p95":0.374,"max":2.6513,"count":826}},"discardedSimulationMs":{"last10s":0,"sinceStart":0},"inputAgeMs":[{"lifetimeBinMs":0.1,"lifetimeCapMs":5000.0,"last10s":{"p50":16.980600000002596,"p95":37.55529998807833,"max":99.66180001490284,"count":420},"sinceStart":{"p50":16.900000000000002,"p95":38.2,"max":100.03399998807981,"count":799}},{"lifetimeBinMs":0.1,"lifetimeCapMs":5000.0,"last10s":{"p50":0.0,"p95":0.0,"max":0.0,"count":0},"sinceStart":{"p50":0.0,"p95":0.0,"max":0.0,"count":0}}],"combatSummary":{"mineBlastRadiusM":0.5,"mineTriggerRadiusM":0.5,"damageScale":1.0,"shotsByWeapon":[0,0,0,0],"active":6,"living":6,"finished":0,"shots":0,"projectiles":0,"mines":0,"blasts":0,"poolExhaustions":0,"abilityDamage":0.0,"abilityUses":0}}
DeathRide race countdown mode=practice
DeathRide {"phase":"lobby","raceSeconds":0.5833333333333335,"frameTimeMs":{"lifetimeBinMs":0.1,"lifetimeCapMs":5000.0,"last10s":{"p50":16.6696,"p95":17.623,"max":22.0179,"count":599},"sinceStart":{"p50":16.6,"p95":17.3,"max":87.2151,"count":1791}},"simStepMs":{"lifetimeBinMs":0.001,"lifetimeCapMs":50.0,"last10s":{"p50":0.1086,"p95":0.1741,"max":0.9144,"count":420},"sinceStart":{"p50":0.114,"p95":0.316,"max":2.6513,"count":1247}},"discardedSimulationMs":{"last10s":0,"sinceStart":0},"inputAgeMs":[{"lifetimeBinMs":0.1,"lifetimeCapMs":5000.0,"last10s":{"p50":17.101499997021165,"p95":37.176300008941325,"max":99.00560000297992,"count":420},"sinceStart":{"p50":16.900000000000002,"p95":37.5,"max":100.03399998807981,"count":1220}},{"lifetimeBinMs":0.1,"lifetimeCapMs":5000.0,"last10s":{"p50":0.0,"p95":0.0,"max":0.0,"count":0},"sinceStart":{"p50":0.0,"p95":0.0,"max":0.0,"count":0}}],"combatSummary":{"mineBlastRadiusM":0.5,"mineTriggerRadiusM":0.5,"damageScale":1.0,"shotsByWeapon":[0,0,0,0],"active":6,"living":6,"finished":0,"shots":0,"projectiles":0,"mines":0,"blasts":0,"poolExhaustions":0,"abilityDamage":0.0,"abilityUses":0}}
DeathRide race countdown mode=practice
