{"second":0,"accepted":[0,0],"rejected":[0,0],"hostPumpStalls":0}
{"second":4,"accepted":[157,156],"rejected":[0,2],"hostPumpStalls":0}
{"second":71,"accepted":[2145,2142],"rejected":[0,3],"hostPumpStalls":0}
{"second":138,"accepted":[4144,4141],"rejected":[0,3],"hostPumpStalls":0}
{"second":180,"accepted":[5407,5404],"rejected":[0,3],"hostPumpStalls":0}
{
  "error": "AssertionError [ERR_ASSERTION]: Every class activated and reported ACTIVE\n    at file:///C:/Users/kazda/.personas/headless-masters/worktrees/firetv/e48eb7ce/deathride/tools/ability-stick-probe.mjs:127:9\n    at process.processTicksAndRejections (node:internal/process/task_queues:104:5)",
  "duration": 180.2169802,
  "rounds": 3,
  "classUses": {
    "Needle": 9,
    "Line": 7,
    "Bastion": 6,
    "Comet": 5,
    "Trail": 5,
    "Flint": 5
  },
  "clients": [
    {
      "slot": 0,
      "sent": 5407,
      "accepted": 5407,
      "rejected": 0,
      "hz": 30.002722240709257
    },
    {
      "slot": 1,
      "sent": 5407,
      "accepted": 5404,
      "rejected": 3,
      "hz": 30.002722240709257
    }
  ]
}
