{"second":0,"accepted":[0,0],"rejected":[0,0],"hostPumpStalls":0}
{"second":4,"accepted":[179,178],"rejected":[0,0],"hostPumpStalls":0}
{"second":71,"accepted":[2158,2158],"rejected":[0,0],"hostPumpStalls":0}
{"second":139,"accepted":[4184,4184],"rejected":[0,0],"hostPumpStalls":0}
{"second":206,"accepted":[6193,6193],"rejected":[4,4],"hostPumpStalls":0}
{"second":274,"accepted":[8226,8226],"rejected":[4,4],"hostPumpStalls":0}
{"second":339,"accepted":[10167,10167],"rejected":[4,4],"hostPumpStalls":0}
{"second":360,"accepted":[10798,10798],"rejected":[4,4],"hostPumpStalls":0}
{
  "error": "AssertionError [ERR_ASSERTION]: The expression evaluated to a falsy value:\n\n  assert.ok(result.clients.every(c=>c.accepted===c.sent&&c.rejected===0&&c.hz>29))\n\n    at file:///C:/Users/kazda/.personas/headless-masters/worktrees/firetv/a4123307/deathride/tools/ability-stick-probe.mjs:128:9\n    at process.processTicksAndRejections (node:internal/process/task_queues:104:5)",
  "duration": 360.0382158,
  "rounds": 6,
  "classUses": {
    "Needle": 5,
    "Line": 9,
    "Bastion": 6,
    "Comet": 5,
    "Trail": 7,
    "Flint": 7,
    "Quill": 7,
    "Vandal": 5,
    "Kestrel": 6,
    "Bulwark": 5
  },
  "clients": [
    {
      "slot": 0,
      "sent": 10802,
      "accepted": 10798,
      "rejected": 4,
      "hz": 30.00237065389879
    },
    {
      "slot": 1,
      "sent": 10802,
      "accepted": 10798,
      "rejected": 4,
      "hz": 30.00237065389879
    }
  ]
}
