{"second":0,"accepted":[0,0],"rejected":[0,0],"hostPumpStalls":0}
{"second":4,"accepted":[128,127],"rejected":[0,0],"hostPumpStalls":0}
{"second":64,"accepted":[1924,1924],"rejected":[0,0],"hostPumpStalls":0}
{"second":124,"accepted":[3728,3728],"rejected":[0,0],"hostPumpStalls":0}
{"second":184,"accepted":[5530,5530],"rejected":[0,0],"hostPumpStalls":0}
{"second":244,"accepted":[7337,7337],"rejected":[0,0],"hostPumpStalls":0}
{"second":304,"accepted":[9139,9139],"rejected":[0,0],"hostPumpStalls":0}
{"second":360,"accepted":[10805,10805],"rejected":[0,0],"hostPumpStalls":0}
{
  "functionalPass": true,
  "duration": 360.148255,
  "rounds": 7,
  "classUses": {
    "Needle": 11,
    "Line": 8,
    "Bastion": 6,
    "Comet": 3,
    "Trail": 7,
    "Flint": 1,
    "Quill": 7,
    "Vandal": 2,
    "Kestrel": 1,
    "Bulwark": 5
  },
  "clients": [
    {
      "slot": 0,
      "sent": 10805,
      "accepted": 10805,
      "rejected": 0,
      "hz": 30.001533673958797
    },
    {
      "slot": 1,
      "sent": 10805,
      "accepted": 10805,
      "rejected": 0,
      "hz": 30.001533673958797
    }
  ]
}
