[DeathRide] art ready regions=168 bytes=19660800 failures=0 heading=runtime-rotation
[DeathRide] art fallback catalog: SerializationException: Error reading file: C:/Users/kazda/kiro/firetv-deathride/deathride/build/atlas-failure-audit-3141931989622731579/catalog.json
[DeathRide] art ready regions=0 bytes=0 failures=1 heading=runtime-rotation
[DeathRide] art fallback world: GdxRuntimeException: Error reading file: C:\Users\kazda\kiro\firetv-deathride\deathride\build\atlas-failure-audit-3141931989622731579\world-0.png (Absolute)
[DeathRide] art fallback ui: GdxRuntimeException: Error reading file: C:\Users\kazda\kiro\firetv-deathride\deathride\build\atlas-failure-audit-3141931989622731579\broken atlas (Absolute)
[DeathRide] art fallback cars: GdxRuntimeException: Error reading file: C:\Users\kazda\kiro\firetv-deathride\deathride\build\atlas-failure-audit-3141931989622731579\cars.atlas (Absolute)
[DeathRide] art fallback v4-fusion-ground-dirt-v1: GdxRuntimeException: Error reading file: C:\Users\kazda\kiro\firetv-deathride\deathride\build\atlas-failure-audit-3141931989622731579\v4-fusion-ground-dirt-v1.png (Absolute)
[DeathRide] art fallback v4-fusion-surfaces-oil-v1: GdxRuntimeException: Error reading file: C:\Users\kazda\kiro\firetv-deathride\deathride\build\atlas-failure-audit-3141931989622731579\v4-fusion-surfaces-oil-v1.png (Absolute)
[DeathRide] art fallback v4-fusion-surfaces-asphalt-worn-v1: GdxRuntimeException: Error reading file: C:\Users\kazda\kiro\firetv-deathride\deathride\build\atlas-failure-audit-3141931989622731579\v4-fusion-surfaces-asphalt-worn-v1.png (Absolute)
[DeathRide] art fallback v4-fusion-ground-gravel-v1-wrap-v1: GdxRuntimeException: Error reading file: C:\Users\kazda\kiro\firetv-deathride\deathride\build\atlas-failure-audit-3141931989622731579\v4-fusion-ground-gravel-v1-wrap-v1.png (Absolute)
[DeathRide] art fallback v4-fusion-surfaces-kerb-v1: GdxRuntimeException: Error reading file: C:\Users\kazda\kiro\firetv-deathride\deathride\build\atlas-failure-audit-3141931989622731579\v4-fusion-surfaces-kerb-v1.png (Absolute)
[DeathRide] art fallback v4-fusion-surfaces-asphalt-clean-crop768-v1: GdxRuntimeException: Error reading file: C:\Users\kazda\kiro\firetv-deathride\deathride\build\atlas-failure-audit-3141931989622731579\v4-fusion-surfaces-asphalt-clean-crop768-v1.png (Absolute)
[DeathRide] art fallback v4-fusion-surfaces-asphalt-heavy-v1: GdxRuntimeException: Error reading file: C:\Users\kazda\kiro\firetv-deathride\deathride\build\atlas-failure-audit-3141931989622731579\v4-fusion-surfaces-asphalt-heavy-v1.png (Absolute)
[DeathRide] art fallback v4-fusion-surfaces-ice-crop768-v1: GdxRuntimeException: Error reading file: C:\Users\kazda\kiro\firetv-deathride\deathride\build\atlas-failure-audit-3141931989622731579\v4-fusion-surfaces-ice-crop768-v1.png (Absolute)
[DeathRide] art fallback v4-fusion-ground-grass-v1: GdxRuntimeException: Error reading file: C:\Users\kazda\kiro\firetv-deathride\deathride\build\atlas-failure-audit-3141931989622731579\v4-fusion-ground-grass-v1.png (Absolute)
[DeathRide] art fallback v4-fusion-surfaces-concrete-v1: GdxRuntimeException: Error reading file: C:\Users\kazda\kiro\firetv-deathride\deathride\build\atlas-failure-audit-3141931989622731579\v4-fusion-surfaces-concrete-v1.png (Absolute)
[DeathRide] art fallback v4-fusion-surfaces-metal-crop768-v1: GdxRuntimeException: Error reading file: C:\Users\kazda\kiro\firetv-deathride\deathride\build\atlas-failure-audit-3141931989622731579\v4-fusion-surfaces-metal-crop768-v1.png (Absolute)
[DeathRide] art ready regions=0 bytes=0 failures=14 heading=runtime-rotation
[DeathRide] art fallback world: IllegalArgumentException: resident texture budget
[DeathRide] art fallback ui: IllegalArgumentException: resident texture budget
[DeathRide] art fallback cars: IllegalArgumentException: resident texture budget
[DeathRide] art fallback v4-fusion-ground-dirt-v1: IllegalArgumentException: resident texture budget
[DeathRide] art fallback v4-fusion-surfaces-oil-v1: IllegalArgumentException: resident texture budget
[DeathRide] art fallback v4-fusion-surfaces-asphalt-worn-v1: IllegalArgumentException: resident texture budget
[DeathRide] art fallback v4-fusion-ground-gravel-v1-wrap-v1: IllegalArgumentException: resident texture budget
[DeathRide] art fallback v4-fusion-surfaces-kerb-v1: IllegalArgumentException: resident texture budget
[DeathRide] art fallback v4-fusion-surfaces-asphalt-clean-crop768-v1: IllegalArgumentException: resident texture budget
[DeathRide] art fallback v4-fusion-surfaces-asphalt-heavy-v1: IllegalArgumentException: resident texture budget
[DeathRide] art fallback v4-fusion-surfaces-ice-crop768-v1: IllegalArgumentException: resident texture budget
[DeathRide] art fallback v4-fusion-ground-grass-v1: IllegalArgumentException: resident texture budget
[DeathRide] art fallback v4-fusion-surfaces-concrete-v1: IllegalArgumentException: resident texture budget
[DeathRide] art fallback v4-fusion-surfaces-metal-crop768-v1: IllegalArgumentException: resident texture budget
[DeathRide] art ready regions=0 bytes=0 failures=14 heading=runtime-rotation
[DeathRide] art fallback catalog entry: IllegalArgumentException: Failed requirement.
[DeathRide] art fallback ui region: IllegalArgumentException: invalid HUD interior
[DeathRide] art fallback cars region: IllegalArgumentException: invalid body bounds
[DeathRide] art ready regions=166 bytes=19660800 failures=3 heading=runtime-rotation
[DeathRide] atlas GL audit passed visiblePixels=156509
