WARNING: We recommend using a newer Android Gradle plugin to use compileSdk = 36

This Android Gradle plugin (8.7.3) was tested up to compileSdk = 35.

You are strongly encouraged to update your project to use a newer
Android Gradle plugin that has been tested with compileSdk = 36.

If you are already using the latest version of the Android Gradle plugin,
you may need to wait until a newer version with support for compileSdk = 36 is available.

For more information refer to the compatibility table:
https://d.android.com/r/tools/api-level-support

To suppress this warning, add/update
    android.suppressUnsupportedCompileSdk=36
to this project's gradle.properties.
> Task :link:checkKotlinGradlePluginConfigurationErrors SKIPPED
> Task :game:checkKotlinGradlePluginConfigurationErrors SKIPPED
> Task :core:checkKotlinGradlePluginConfigurationErrors SKIPPED
> Task :desktop:checkKotlinGradlePluginConfigurationErrors SKIPPED
> Task :link:processResources NO-SOURCE
> Task :game:processResources NO-SOURCE
> Task :link:processTestResources NO-SOURCE
> Task :game:processTestResources NO-SOURCE
> Task :app:extractNatives
> Task :app:preBuild
> Task :app:preDebugBuild
> Task :app:mergeDebugNativeDebugMetadata NO-SOURCE
> Task :app:checkKotlinGradlePluginConfigurationErrors SKIPPED
> Task :app:checkDebugAarMetadata UP-TO-DATE
> Task :app:generateDebugResValues FROM-CACHE
> Task :app:mapDebugSourceSetPaths UP-TO-DATE
> Task :app:generateDebugResources UP-TO-DATE
> Task :desktop:processResources
> Task :core:processResources
> Task :core:processTestResources UP-TO-DATE
> Task :app:packageDebugResources
> Task :app:createDebugCompatibleScreenManifests
> Task :app:extractDeepLinksDebug UP-TO-DATE
> Task :app:processDebugMainManifest FROM-CACHE
> Task :app:processDebugManifest FROM-CACHE
> Task :app:processDebugManifestForPackage FROM-CACHE
> Task :app:javaPreCompileDebug UP-TO-DATE
> Task :app:mergeDebugShaders UP-TO-DATE
> Task :app:compileDebugShaders NO-SOURCE
> Task :app:generateDebugAssets UP-TO-DATE
> Task :app:mergeDebugAssets
> Task :app:parseDebugLocalResources
> Task :app:desugarDebugFileDependencies UP-TO-DATE
> Task :app:checkDebugDuplicateClasses UP-TO-DATE
> Task :app:mergeExtDexDebug UP-TO-DATE
> Task :app:mergeDebugJniLibFolders UP-TO-DATE
> Task :app:validateSigningDebug UP-TO-DATE
> Task :app:writeDebugAppMetadata UP-TO-DATE
> Task :app:writeDebugSigningConfigVersions UP-TO-DATE
> Task :app:mergeDebugResources
> Task :app:processDebugResources FROM-CACHE
> Task :app:compressDebugAssets
> Task :core:compileKotlin
> Task :core:compileJava NO-SOURCE
> Task :core:classes
> Task :core:jar
> Task :link:compileKotlin
> Task :link:compileJava NO-SOURCE
> Task :link:classes UP-TO-DATE
> Task :link:jar
> Task :link:compileTestKotlin
> Task :link:compileTestJava NO-SOURCE
> Task :link:testClasses UP-TO-DATE
> Task :game:compileKotlin
> Task :game:compileJava NO-SOURCE
> Task :game:classes UP-TO-DATE
> Task :game:jar
> Task :app:mergeDebugNativeLibs UP-TO-DATE
> Task :app:stripDebugDebugSymbols UP-TO-DATE

./gradlew.bat : e:
file:///C:/Users/kazda/kiro/firetv-deathride/deathride/game/src/test/kotlin/dev/deathride/game/AudioTest.kt:133:42
Cannot access 'careerRound': it is internal in 'dev/deathride/core/Profile'.
At line:2 char:79
+ ... | Out-Null; ./gradlew.bat :core:test :link:test :game:test :app:assem ...
+                 ~~~~~~~~~~~~~~~~~~~~~~~~~~~~~~~~~~~~~~~~~~~~~~~~~~~~~~~~~
    + CategoryInfo          : NotSpecified: (e: file:///C:/U.../core/Profile'.:String) [], RemoteException
    + FullyQualifiedErrorId : NativeCommandError

e: file:///C:/Users/kazda/kiro/firetv-deathride/deathride/game/src/test/kotlin/dev/deathride/game/AudioTest.kt:158:45
Cannot access 'careerRound': it is internal in 'dev/deathride/core/Profile'.
e: file:///C:/Users/kazda/kiro/firetv-deathride/deathride/game/src/test/kotlin/dev/deathride/game/AudioTest.kt:158:64
Cannot access 'careerCleared': it is internal in 'dev/deathride/core/Profile'.
> Task :game:compileTestKotlin FAILED
e: file:///C:/Users/kazda/kiro/firetv-deathride/deathride/game/src/test/kotlin/dev/deathride/game/AudioTest.kt:165:31
Cannot access 'careerRound': it is internal in 'dev/deathride/core/Profile'.
e: file:///C:/Users/kazda/kiro/firetv-deathride/deathride/game/src/test/kotlin/dev/deathride/game/AudioTest.kt:165:49
Cannot access 'careerCleared': it is internal in 'dev/deathride/core/Profile'.
e: file:///C:/Users/kazda/kiro/firetv-deathride/deathride/game/src/test/kotlin/dev/deathride/game/AudioTest.kt:167:37
Cannot access 'careerRound': it is internal in 'dev/deathride/core/Profile'.
e: file:///C:/Users/kazda/kiro/firetv-deathride/deathride/game/src/test/kotlin/dev/deathride/game/AudioTest.kt:167:58
Cannot access 'careerCleared': it is internal in 'dev/deathride/core/Profile'.
e: file:///C:/Users/kazda/kiro/firetv-deathride/deathride/game/src/test/kotlin/dev/deathride/game/AudioTest.kt:177:15
Cannot access 'eventType': it is internal in 'dev/deathride/core/World'.
e: file:///C:/Users/kazda/kiro/firetv-deathride/deathride/game/src/test/kotlin/dev/deathride/game/AudioTest.kt:177:49
Cannot access 'raceLaps': it is internal in 'dev/deathride/core/World'.

> Task :app:compileDebugKotlin
> Task :desktop:compileKotlin

> Task :core:compileTestKotlin
w: file:///C:/Users/kazda/kiro/firetv-deathride/deathride/core/src/test/kotlin/dev/deathride/core/AbilitiesTest.kt:200:84 'val id: Long' is deprecated. Deprecated in Java.
w: file:///C:/Users/kazda/kiro/firetv-deathride/deathride/core/src/test/kotlin/dev/deathride/core/CareerTest.kt:62:39 'val id: Long' is deprecated. Deprecated in Java.
w: file:///C:/Users/kazda/kiro/firetv-deathride/deathride/core/src/test/kotlin/dev/deathride/core/CareerV2Test.kt:123:84 'val id: Long' is deprecated. Deprecated in Java.
w: file:///C:/Users/kazda/kiro/firetv-deathride/deathride/core/src/test/kotlin/dev/deathride/core/CombatTest.kt:128:39 'val id: Long' is deprecated. Deprecated in Java.
w: file:///C:/Users/kazda/kiro/firetv-deathride/deathride/core/src/test/kotlin/dev/deathride/core/DeathDuelTest.kt:91:84 'val id: Long' is deprecated. Deprecated in Java.
w: file:///C:/Users/kazda/kiro/firetv-deathride/deathride/core/src/test/kotlin/dev/deathride/core/DriftLabTest.kt:92:39 'val id: Long' is deprecated. Deprecated in Java.
w: file:///C:/Users/kazda/kiro/firetv-deathride/deathride/core/src/test/kotlin/dev/deathride/core/DriftModelTest.kt:122:39 'val id: Long' is deprecated. Deprecated in Java.
w: file:///C:/Users/kazda/kiro/firetv-deathride/deathride/core/src/test/kotlin/dev/deathride/core/FeelTest.kt:44:43 'val id: Long' is deprecated. Deprecated in Java.
w: file:///C:/Users/kazda/kiro/firetv-deathride/deathride/core/src/test/kotlin/dev/deathride/core/MovementTest.kt:61:39 'val id: Long' is deprecated. Deprecated in Java.
w: file:///C:/Users/kazda/kiro/firetv-deathride/deathride/core/src/test/kotlin/dev/deathride/core/SoakTest.kt:37:39 'val id: Long' is deprecated. Deprecated in Java.
w: file:///C:/Users/kazda/kiro/firetv-deathride/deathride/core/src/test/kotlin/dev/deathride/core/TracksTest.kt:81:68 'val id: Long' is deprecated. Deprecated in Java.

> Task :link:test

LinkTest > badPinMalformedInputAndLifecycleAreContained() STANDARD_ERROR
    SLF4J: Failed to load class "org.slf4j.impl.StaticLoggerBinder".
    SLF4J: Defaulting to no-operation (NOP) logger implementation
    SLF4J: See http://www.slf4j.org/codes.html#StaticLoggerBinder for further details.

LinkTest > badPinMalformedInputAndLifecycleAreContained() PASSED

LinkTest > statsWindowAndLifetimeHaveIndependentCounts() PASSED

LinkTest > occupiedPortReportsFailureWithoutKillingTheHost() PASSED

FAILURE: Build failed with an exception.

* What went wrong:
Execution failed for task ':game:compileTestKotlin'.
42 actionable tasks: 21 executed, 5 from cache, 16 up-to-date
> A failure occurred while executing
org.jetbrains.kotlin.compilerRunner.GradleCompilerRunnerWithWorkers$GradleKotlinCompilerWorkAction
   > Compilation error. See log for more details

* Try:
> Run with --stacktrace option to get the stack trace.
> Run with --info or --debug option to get more log output.
> Run with --scan to get full insights.
> Get more help at https://help.gradle.org.

BUILD FAILED in 22s
