rotation-Needle-technical-on: 200 races in 3.3905046s
rotation-Needle-straight-on: 200 races in 19.4212688s
rotation-Needle-loose-on: 200 races in 5.6997896s
rotation-Line-technical-on: 200 races in 4.5204134s
rotation-Line-straight-on: 200 races in 16.6432748s
rotation-Line-loose-on: 200 races in 6.1760927s
rotation-Bastion-technical-on: 200 races in 5.6572707s
rotation-Bastion-straight-on: 200 races in 46.6601369s
rotation-Bastion-loose-on: 200 races in 8.2548496s
rotation-Comet-technical-on: 200 races in 5.9151605s
rotation-Comet-straight-on: 200 races in 16.0972173s
rotation-Comet-loose-on: 200 races in 6.925718s
rotation-Trail-technical-on: 200 races in 3.0118344s
rotation-Trail-straight-on: 200 races in 15.6507559s
rotation-Trail-loose-on: 200 races in 4.9547447s
rotation-Flint-technical-on: 200 races in 3.5321024s
rotation-Flint-straight-on: 200 races in 15.1661607s
rotation-Flint-loose-on: 200 races in 5.4465914s
rotation-Quill-technical-on: 200 races in 2.9131302s
rotation-Quill-straight-on: 200 races in 14.2777954s
rotation-Quill-loose-on: 200 races in 4.9757758s
rotation-Vandal-technical-on: 200 races in 3.6956292s
rotation-Vandal-straight-on: 200 races in 13.1155068s
rotation-Vandal-loose-on: 200 races in 5.6144889s
rotation-Kestrel-technical-on: 200 races in 3.0051241s
rotation-Kestrel-straight-on: 200 races in 14.3845217s
rotation-Kestrel-loose-on: 200 races in 5.3816061s
rotation-Bulwark-technical-on: 200 races in 4.4616872s
rotation-Bulwark-straight-on: 200 races in 13.7966314s
rotation-Bulwark-loose-on: 200 races in 5.9160592s
