roster-rookie-equal-technical-off: 200 races in 4.3648457s
roster-rookie-equal-technical-on: 2000 races in 46.154957s
roster-rookie-equal-straight-off: 200 races in 16.102059s
roster-rookie-equal-straight-on: 2000 races in 189.4670097s
roster-rookie-equal-loose-off: 200 races in 6.4413243s
roster-rookie-equal-loose-on: 2000 races in 74.2519699s
roster-rookie-skill-technical-off: 200 races in 4.0013045s
roster-rookie-skill-technical-on: 2000 races in 46.4097759s
roster-club-equal-technical-off: 200 races in 9.4584551s
roster-club-equal-technical-on: 2000 races in 89.755324s
roster-club-equal-straight-off: 200 races in 16.9545672s
roster-club-equal-straight-on: 2000 races in 174.2048297s
roster-club-equal-loose-off: 200 races in 6.8153104s
roster-club-equal-loose-on: 2000 races in 68.4971924s
roster-club-skill-technical-off: 200 races in 4.3414941s
roster-club-skill-technical-on: 2000 races in 48.99555s
roster-pro-equal-technical-off: 200 races in 3.7756064s
roster-pro-equal-technical-on: 2000 races in 44.1942592s
roster-pro-equal-straight-off: 200 races in 15.9470955s
roster-pro-equal-straight-on: 2000 races in 167.8968207s
roster-pro-equal-loose-off: 200 races in 6.3536604s
roster-pro-equal-loose-on: 2000 races in 64.1643003s
roster-pro-skill-technical-off: 200 races in 3.6192475s
roster-pro-skill-technical-on: 2000 races in 43.0357019s
roster-elite-equal-technical-off: 200 races in 3.6169225s
roster-elite-equal-technical-on: 2000 races in 36.6562359s
roster-elite-equal-straight-off: 200 races in 13.3302742s
roster-elite-equal-straight-on: 2000 races in 153.4891537s
roster-elite-equal-loose-off: 200 races in 5.0752886s
roster-elite-equal-loose-on: 2000 races in 57.1409815s
roster-elite-skill-technical-off: 200 races in 3.4123439s
roster-elite-skill-technical-on: 2000 races in 34.3937744s
roster-champion-equal-technical-off: 200 races in 3.5725701s
roster-champion-equal-technical-on: 2000 races in 35.6170934s
roster-champion-equal-straight-off: 200 races in 13.2400009s
roster-champion-equal-straight-on: 2000 races in 143.5072627s
roster-champion-equal-loose-off: 200 races in 5.3848988s
roster-champion-equal-loose-on: 2000 races in 59.4448289s
roster-champion-skill-technical-off: 200 races in 3.5568408s
roster-champion-skill-technical-on: 2000 races in 38.6660357s
