{
  "races": 66000,
  "cells": 78,
  "findings": [],
  "tiers": {
    "rookie": {
      "off": {
        "winnerShares": {
          "Needle": 0.48624999999999996,
          "Line": 0.51375
        },
        "courseMeans": {
          "technical": {
            "Needle": 43.7439999999988,
            "Line": 49.47141666666514
          },
          "straight": {
            "Needle": 242.18155555564041,
            "Line": 227.06286111118396
          },
          "loose": {
            "Needle": 75.86177777777476,
            "Line": 81.82419444444109
          }
        },
        "margins": {
          "skillSeconds": 11.493055555554896,
          "straightDeficitSeconds": 15.118694444456452,
          "hairpinDeficitSeconds": 5.727416666666343
        },
        "alarms": [],
        "minimumCellSamples": 200,
        "mixedAbilityDamageShare": 0.0
      },
      "on": {
        "winnerShares": {
          "Needle": 0.472375,
          "Line": 0.527625
        },
        "courseMeans": {
          "technical": {
            "Needle": 43.657366666665474,
            "Line": 48.93958888888739
          },
          "straight": {
            "Needle": 242.35955555564055,
            "Line": 225.51575277784937
          },
          "loose": {
            "Needle": 76.26061666666362,
            "Line": 80.20479722221896
          }
        },
        "margins": {
          "skillSeconds": 10.890447222221603,
          "straightDeficitSeconds": 16.843802777791183,
          "hairpinDeficitSeconds": 5.282222222221918
        },
        "alarms": [],
        "minimumCellSamples": 2000,
        "mixedAbilityDamageShare": 0.0
      }
    },
    "club": {
      "off": {
        "winnerShares": {
          "Bastion": 0.4875,
          "Trail": 0.5125
        },
        "courseMeans": {
          "technical": {
            "Bastion": 57.20861111110914,
            "Trail": 39.857333333332356
          },
          "straight": {
            "Bastion": 208.2393055556134,
            "Trail": 228.68647222229635
          },
          "loose": {
            "Bastion": 87.74030555555186,
            "Trail": 63.76805555555322
          }
        },
        "margins": {
          "skillSeconds": 21.93236111110987,
          "straightDeficitSeconds": 20.447166666682932,
          "hairpinDeficitSeconds": 17.351277777776787
        },
        "alarms": [],
        "minimumCellSamples": 200,
        "mixedAbilityDamageShare": 0.0
      },
      "on": {
        "winnerShares": {
          "Bastion": 0.48825,
          "Trail": 0.51175
        },
        "courseMeans": {
          "technical": {
            "Bastion": 57.29498611110914,
            "Trail": 39.74931944444347
          },
          "straight": {
            "Bastion": 208.48748888894696,
            "Trail": 228.74127222229612
          },
          "loose": {
            "Bastion": 87.66989722221854,
            "Trail": 62.496022222219956
          }
        },
        "margins": {
          "skillSeconds": 22.49885833333206,
          "straightDeficitSeconds": 20.253783333349162,
          "hairpinDeficitSeconds": 17.545666666665667
        },
        "alarms": [],
        "minimumCellSamples": 2000,
        "mixedAbilityDamageShare": 0.01080187490269342
      }
    },
    "pro": {
      "off": {
        "winnerShares": {
          "Comet": 0.5025,
          "Flint": 0.4975
        },
        "courseMeans": {
          "technical": {
            "Comet": 49.63277777777624,
            "Flint": 40.238555555554555
          },
          "straight": {
            "Comet": 189.41713888893156,
            "Flint": 214.7791388889515
          },
          "loose": {
            "Comet": 78.20391666666352,
            "Flint": 67.25105555555302
          }
        },
        "margins": {
          "skillSeconds": 15.00416666666581,
          "straightDeficitSeconds": 25.362000000019947,
          "hairpinDeficitSeconds": 9.394222222221686
        },
        "alarms": [],
        "minimumCellSamples": 200,
        "mixedAbilityDamageShare": 0.0
      },
      "on": {
        "winnerShares": {
          "Comet": 0.500375,
          "Flint": 0.499625
        },
        "courseMeans": {
          "technical": {
            "Comet": 50.062205555553994,
            "Flint": 40.28040277777677
          },
          "straight": {
            "Comet": 189.42566111115386,
            "Flint": 215.4115194445069
          },
          "loose": {
            "Comet": 79.17961666666346,
            "Flint": 67.16589999999748
          }
        },
        "margins": {
          "skillSeconds": 15.635508333332439,
          "straightDeficitSeconds": 25.985858333353036,
          "hairpinDeficitSeconds": 9.781802777777223
        },
        "alarms": [],
        "minimumCellSamples": 2000,
        "mixedAbilityDamageShare": 0.07532312771160539
      }
    },
    "elite": {
      "off": {
        "winnerShares": {
          "Quill": 0.49375,
          "Vandal": 0.50625
        },
        "courseMeans": {
          "technical": {
            "Quill": 38.46719444444354,
            "Vandal": 45.289333333332046
          },
          "straight": {
            "Quill": 201.6549444444964,
            "Vandal": 180.65480555559145
          },
          "loose": {
            "Quill": 65.57730555555312,
            "Vandal": 72.22594444444164
          }
        },
        "margins": {
          "skillSeconds": 12.034999999999314,
          "straightDeficitSeconds": 21.000138888904957,
          "hairpinDeficitSeconds": 6.822138888888503
        },
        "alarms": [],
        "minimumCellSamples": 200,
        "mixedAbilityDamageShare": 0.0
      },
      "on": {
        "winnerShares": {
          "Quill": 0.494375,
          "Vandal": 0.505625
        },
        "courseMeans": {
          "technical": {
            "Quill": 38.40856388888799,
            "Vandal": 45.28979722222093
          },
          "straight": {
            "Quill": 202.1446500000523,
            "Vandal": 180.53486666670247
          },
          "loose": {
            "Quill": 65.58576666666423,
            "Vandal": 72.2602972222194
          }
        },
        "margins": {
          "skillSeconds": 11.923886111110434,
          "straightDeficitSeconds": 21.60978333334984,
          "hairpinDeficitSeconds": 6.881233333332943
        },
        "alarms": [],
        "minimumCellSamples": 2000,
        "mixedAbilityDamageShare": 0.042982903069875775
      }
    },
    "champion": {
      "off": {
        "winnerShares": {
          "Kestrel": 0.475,
          "Bulwark": 0.525
        },
        "courseMeans": {
          "technical": {
            "Kestrel": 38.605111111110205,
            "Bulwark": 46.42272222222087
          },
          "straight": {
            "Kestrel": 194.75058333337893,
            "Bulwark": 177.15511111114424
          },
          "loose": {
            "Kestrel": 62.17558333333109,
            "Bulwark": 71.8906388888861
          }
        },
        "margins": {
          "skillSeconds": 13.477749999999233,
          "straightDeficitSeconds": 17.59547222223469,
          "hairpinDeficitSeconds": 7.817611111110665
        },
        "alarms": [],
        "minimumCellSamples": 200,
        "mixedAbilityDamageShare": 0.0
      },
      "on": {
        "winnerShares": {
          "Kestrel": 0.48412499999999997,
          "Bulwark": 0.515875
        },
        "courseMeans": {
          "technical": {
            "Kestrel": 38.42398611111021,
            "Bulwark": 46.70317222222085
          },
          "straight": {
            "Kestrel": 195.09071944449002,
            "Bulwark": 178.3970277778119
          },
          "loose": {
            "Kestrel": 62.7399027777755,
            "Bulwark": 72.01180833333053
          }
        },
        "margins": {
          "skillSeconds": 13.513686111110346,
          "straightDeficitSeconds": 16.69369166667812,
          "hairpinDeficitSeconds": 8.27918611111064
        },
        "alarms": [],
        "minimumCellSamples": 2000,
        "mixedAbilityDamageShare": 0.02722518650895271
      }
    }
  }
}
