{"second":0,"accepted":[0,0],"rejected":[0,0],"hostPumpStalls":0}
{"second":4,"accepted":[131,131],"rejected":[0,0],"hostPumpStalls":0}
{"second":70,"accepted":[2104,2104],"rejected":[0,0],"hostPumpStalls":0}
{"second":130,"accepted":[3902,3902],"rejected":[0,0],"hostPumpStalls":0}
{"second":190,"accepted":[5696,5696],"rejected":[0,0],"hostPumpStalls":0}
{"second":250,"accepted":[7498,7498],"rejected":[0,0],"hostPumpStalls":0}
{"second":310,"accepted":[9300,9300],"rejected":[0,0],"hostPumpStalls":0}
{"second":370,"accepted":[11106,11106],"rejected":[0,0],"hostPumpStalls":0}
{"second":430,"accepted":[12908,12908],"rejected":[0,0],"hostPumpStalls":0}
{"second":490,"accepted":[14710,14710],"rejected":[0,0],"hostPumpStalls":0}
{"second":550,"accepted":[16517,16517],"rejected":[0,0],"hostPumpStalls":0}
{"second":610,"accepted":[18321,18321],"rejected":[0,0],"hostPumpStalls":0}
{"second":671,"accepted":[20127,20126],"rejected":[0,0],"hostPumpStalls":0}
{"second":731,"accepted":[21929,21929],"rejected":[0,0],"hostPumpStalls":0}
{"second":791,"accepted":[23738,23738],"rejected":[0,0],"hostPumpStalls":0}
{"second":851,"accepted":[25540,25540],"rejected":[0,0],"hostPumpStalls":0}
{"second":900,"accepted":[27007,27007],"rejected":[0,0],"hostPumpStalls":0}
{
  "functionalPass": true,
  "duration": 900.2252378000001,
  "rounds": 16,
  "classUses": {
    "Needle": 14,
    "Line": 13,
    "Bastion": 17,
    "Comet": 10,
    "Trail": 13,
    "Flint": 15,
    "Quill": 21,
    "Vandal": 5,
    "Kestrel": 5,
    "Bulwark": 15
  },
  "clients": [
    {
      "slot": 0,
      "sent": 27007,
      "accepted": 27007,
      "rejected": 0,
      "hz": 30.00026978359393
    },
    {
      "slot": 1,
      "sent": 27007,
      "accepted": 27007,
      "rejected": 0,
      "hz": 30.00026978359393
    }
  ]
}
