DeathRide audio musicMode=none
DeathRide audio gap movement.tyre: Owner Reject: tyre. Silent; no replacement.
DeathRide audio gap movement.skid: Owner Reject: skid. Silent; no replacement.
DeathRide audio gap movement.drift: Owner Reject: drift. Silent; no replacement.
DeathRide audio gap weapon.mine.drop: Owner Reject: mine-drop. Silent; mine arm and blast remain.
DeathRide audio gap race.lap: Owner Reject: lap. Silent; no replacement.
DeathRide audio gap race.position: The position cue reused rejected lap bytes; silent too.
DeathRide audio gap engine.Needle: Both Needle candidates rejected; engine.base fallback. No replacement generation.
DeathRide audio countdown retained as delivered; owner Maybe, later review
[DefaultDispatcher-worker-4] INFO ktor.application - Autoreload is disabled because the development mode is off.
[DefaultDispatcher-worker-4] INFO ktor.application - Application started in 0.05 seconds.
[DefaultDispatcher-worker-2] INFO ktor.application - Responding at http://127.0.0.1:8772
DeathRide pairing http://172.25.208.1:8772/?pin=4954
[DeathRide] art ready regions=175 bytes=19660800 failures=0 heading=runtime-rotation
[DeathRide] sceneryBake foundry slicedFrames=6 totalCpuMs=17.9074 maxSliceMs=4.0747
DeathRide race countdown mode=practice
DeathRide race countdown mode=practice
DeathRide {"phase":"countdown","raceSeconds":0.0,"frameTimeMs":{"lifetimeBinMs":0.1,"lifetimeCapMs":5000.0,"last10s":{"p50":16.6666,"p95":17.0463,"max":96.1258,"count":592},"sinceStart":{"p50":16.6,"p95":17.0,"max":96.1258,"count":592}},"simStepMs":{"lifetimeBinMs":0.001,"lifetimeCapMs":50.0,"last10s":{"p50":0.1147,"p95":0.5066,"max":2.7957,"count":372},"sinceStart":{"p50":0.114,"p95":0.506,"max":2.7957,"count":372}},"discardedSimulationMs":{"last10s":0,"sinceStart":0},"inputAgeMs":[{"lifetimeBinMs":0.1,"lifetimeCapMs":5000.0,"last10s":{"p50":16.517900005959746,"p95":35.13550000596024,"max":84.04159999403964,"count":345},"sinceStart":{"p50":16.5,"p95":35.1,"max":84.04159999403964,"count":345}},{"lifetimeBinMs":0.1,"lifetimeCapMs":5000.0,"last10s":{"p50":0.0,"p95":0.0,"max":0.0,"count":0},"sinceStart":{"p50":0.0,"p95":0.0,"max":0.0,"count":0}}],"combatSummary":{"mineBlastRadiusM":0.5,"mineTriggerRadiusM":0.5,"damageScale":1.0,"shotsByWeapon":[0,0,0,0],"active":6,"living":6,"finished":0,"shots":0,"projectiles":0,"mines":0,"blasts":0,"poolExhaustions":0,"abilityDamage":0.0,"abilityUses":0}}
DeathRide race countdown mode=practice
DeathRide {"phase":"countdown","raceSeconds":0.0,"frameTimeMs":{"lifetimeBinMs":0.1,"lifetimeCapMs":5000.0,"last10s":{"p50":16.6701,"p95":16.9691,"max":22.8624,"count":600},"sinceStart":{"p50":16.6,"p95":16.900000000000002,"max":96.1258,"count":1192}},"simStepMs":{"lifetimeBinMs":0.001,"lifetimeCapMs":50.0,"last10s":{"p50":0.1011,"p95":0.1863,"max":0.639,"count":321},"sinceStart":{"p50":0.106,"p95":0.34,"max":2.7957,"count":693}},"discardedSimulationMs":{"last10s":0,"sinceStart":0},"inputAgeMs":[{"lifetimeBinMs":0.1,"lifetimeCapMs":5000.0,"last10s":{"p50":16.88270001191995,"p95":41.00699999403878,"max":98.95380001192098,"count":321},"sinceStart":{"p50":16.8,"p95":36.1,"max":98.95380001192098,"count":666}},{"lifetimeBinMs":0.1,"lifetimeCapMs":5000.0,"last10s":{"p50":0.0,"p95":0.0,"max":0.0,"count":0},"sinceStart":{"p50":0.0,"p95":0.0,"max":0.0,"count":0}}],"combatSummary":{"mineBlastRadiusM":0.5,"mineTriggerRadiusM":0.5,"damageScale":1.0,"shotsByWeapon":[0,0,0,0],"active":6,"living":6,"finished":0,"shots":0,"projectiles":0,"mines":0,"blasts":0,"poolExhaustions":0,"abilityDamage":0.0,"abilityUses":0}}
DeathRide race countdown mode=practice
DeathRide {"phase":"race","raceSeconds":0.9500000000000013,"frameTimeMs":{"lifetimeBinMs":0.1,"lifetimeCapMs":5000.0,"last10s":{"p50":16.6746,"p95":16.8487,"max":20.9295,"count":600},"sinceStart":{"p50":16.6,"p95":16.900000000000002,"max":96.1258,"count":1792}},"simStepMs":{"lifetimeBinMs":0.001,"lifetimeCapMs":50.0,"last10s":{"p50":0.0893,"p95":0.1533,"max":0.9306,"count":375},"sinceStart":{"p50":0.099,"p95":0.255,"max":2.7957,"count":1068}},"discardedSimulationMs":{"last10s":0,"sinceStart":0},"inputAgeMs":[{"lifetimeBinMs":0.1,"lifetimeCapMs":5000.0,"last10s":{"p50":16.865700005961116,"p95":37.8850999940405,"max":99.16270001192242,"count":375},"sinceStart":{"p50":16.8,"p95":37.5,"max":99.16270001192242,"count":1041}},{"lifetimeBinMs":0.1,"lifetimeCapMs":5000.0,"last10s":{"p50":0.0,"p95":0.0,"max":0.0,"count":0},"sinceStart":{"p50":0.0,"p95":0.0,"max":0.0,"count":0}}],"combatSummary":{"mineBlastRadiusM":0.5,"mineTriggerRadiusM":0.5,"damageScale":1.0,"shotsByWeapon":[0,0,0,0],"active":6,"living":6,"finished":0,"shots":0,"projectiles":0,"mines":0,"blasts":0,"poolExhaustions":0,"abilityDamage":0.0,"abilityUses":0}}
DeathRide race countdown mode=practice
DeathRide {"phase":"race","raceSeconds":2.5166666666666626,"frameTimeMs":{"lifetimeBinMs":0.1,"lifetimeCapMs":5000.0,"last10s":{"p50":16.6719,"p95":16.8534,"max":27.8917,"count":600},"sinceStart":{"p50":16.6,"p95":16.900000000000002,"max":96.1258,"count":2392}},"simStepMs":{"lifetimeBinMs":0.001,"lifetimeCapMs":50.0,"last10s":{"p50":0.067,"p95":0.1254,"max":0.502,"count":421},"sinceStart":{"p50":0.09,"p95":0.21,"max":2.7957,"count":1489}},"discardedSimulationMs":{"last10s":0,"sinceStart":0},"inputAgeMs":[{"lifetimeBinMs":0.1,"lifetimeCapMs":5000.0,"last10s":{"p50":16.908500011923024,"p95":36.97059999404155,"max":99.6489999880796,"count":421},"sinceStart":{"p50":16.8,"p95":37.5,"max":99.6489999880796,"count":1462}},{"lifetimeBinMs":0.1,"lifetimeCapMs":5000.0,"last10s":{"p50":0.0,"p95":0.0,"max":0.0,"count":0},"sinceStart":{"p50":0.0,"p95":0.0,"max":0.0,"count":0}}],"combatSummary":{"mineBlastRadiusM":0.5,"mineTriggerRadiusM":0.5,"damageScale":1.0,"shotsByWeapon":[0,0,0,0],"active":6,"living":6,"finished":0,"shots":0,"projectiles":0,"mines":0,"blasts":0,"poolExhaustions":0,"abilityDamage":0.0,"abilityUses":0}}
DeathRide race countdown mode=practice
DeathRide {"phase":"race","raceSeconds":4.183333333333324,"frameTimeMs":{"lifetimeBinMs":0.1,"lifetimeCapMs":5000.0,"last10s":{"p50":16.6713,"p95":16.8692,"max":20.4927,"count":599},"sinceStart":{"p50":16.6,"p95":16.900000000000002,"max":96.1258,"count":2992}},"simStepMs":{"lifetimeBinMs":0.001,"lifetimeCapMs":50.0,"last10s":{"p50":0.0744,"p95":0.1167,"max":0.3083,"count":420},"sinceStart":{"p50":0.084,"p95":0.186,"max":2.7957,"count":1910}},"discardedSimulationMs":{"last10s":0,"sinceStart":0},"inputAgeMs":[{"lifetimeBinMs":0.1,"lifetimeCapMs":5000.0,"last10s":{"p50":16.862699999997858,"p95":36.36489999404148,"max":99.28779999403923,"count":420},"sinceStart":{"p50":16.8,"p95":37.0,"max":99.6489999880796,"count":1883}},{"lifetimeBinMs":0.1,"lifetimeCapMs":5000.0,"last10s":{"p50":0.0,"p95":0.0,"max":0.0,"count":0},"sinceStart":{"p50":0.0,"p95":0.0,"max":0.0,"count":0}}],"combatSummary":{"mineBlastRadiusM":0.5,"mineTriggerRadiusM":0.5,"damageScale":1.0,"shotsByWeapon":[0,2,1,0],"active":6,"living":6,"finished":0,"shots":3,"projectiles":2,"mines":1,"blasts":0,"poolExhaustions":0,"abilityDamage":0.0,"abilityUses":3}}
DeathRide race countdown mode=practice
