DeathRide audio musicMode=none
DeathRide audio gap movement.tyre: Owner Reject: tyre. Silent; no replacement.
DeathRide audio gap movement.skid: Owner Reject: skid. Silent; no replacement.
DeathRide audio gap movement.drift: Owner Reject: drift. Silent; no replacement.
DeathRide audio gap weapon.mine.drop: Owner Reject: mine-drop. Silent; mine arm and blast remain.
DeathRide audio gap race.lap: Owner Reject: lap. Silent; no replacement.
DeathRide audio gap race.position: The position cue reused rejected lap bytes; silent too.
DeathRide audio gap engine.Needle: Both Needle candidates rejected; engine.base fallback. No replacement generation.
DeathRide audio countdown retained as delivered; owner Maybe, later review
[DefaultDispatcher-worker-3] INFO ktor.application - Autoreload is disabled because the development mode is off.
[DefaultDispatcher-worker-3] INFO ktor.application - Application started in 0.059 seconds.
DeathRide pairing http://172.25.208.1:8772/?pin=4778
[DefaultDispatcher-worker-3] INFO ktor.application - Responding at http://127.0.0.1:8772
[DeathRide] art ready regions=175 bytes=19660800 failures=0 heading=runtime-rotation
[DeathRide] sceneryBake foundry slicedFrames=6 totalCpuMs=19.0837 maxSliceMs=4.7687
DeathRide race countdown mode=practice
DeathRide {"phase":"race","raceSeconds":5.983333333333317,"frameTimeMs":{"lifetimeBinMs":0.1,"lifetimeCapMs":5000.0,"last10s":{"p50":16.6665,"p95":17.3459,"max":85.5179,"count":592},"sinceStart":{"p50":16.6,"p95":17.3,"max":85.5179,"count":592}},"simStepMs":{"lifetimeBinMs":0.001,"lifetimeCapMs":50.0,"last10s":{"p50":0.1311,"p95":0.5174,"max":2.5297,"count":406},"sinceStart":{"p50":0.131,"p95":0.517,"max":2.5297,"count":406}},"discardedSimulationMs":{"last10s":0,"sinceStart":0},"inputAgeMs":[{"lifetimeBinMs":0.1,"lifetimeCapMs":5000.0,"last10s":{"p50":18.010000002981542,"p95":38.02489998211786,"max":105.12360000595982,"count":380},"sinceStart":{"p50":18.0,"p95":38.0,"max":105.12360000595982,"count":380}},{"lifetimeBinMs":0.1,"lifetimeCapMs":5000.0,"last10s":{"p50":0.0,"p95":0.0,"max":0.0,"count":0},"sinceStart":{"p50":0.0,"p95":0.0,"max":0.0,"count":0}}],"combatSummary":{"mineBlastRadiusM":0.5,"mineTriggerRadiusM":0.5,"damageScale":1.0,"shotsByWeapon":[5,2,2,2],"active":6,"living":6,"finished":0,"shots":11,"projectiles":0,"mines":2,"blasts":0,"poolExhaustions":0,"abilityDamage":0.0,"abilityUses":2}}
DeathRide race countdown mode=practice
DeathRide {"phase":"lobby","raceSeconds":0.26666666666666666,"frameTimeMs":{"lifetimeBinMs":0.1,"lifetimeCapMs":5000.0,"last10s":{"p50":16.6667,"p95":17.105700000000002,"max":18.0506,"count":600},"sinceStart":{"p50":16.6,"p95":17.2,"max":85.5179,"count":1193}},"simStepMs":{"lifetimeBinMs":0.001,"lifetimeCapMs":50.0,"last10s":{"p50":0.0798,"p95":0.1696,"max":0.6542,"count":421},"sinceStart":{"p50":0.092,"p95":0.36,"max":2.5297,"count":827}},"discardedSimulationMs":{"last10s":0,"sinceStart":0},"inputAgeMs":[{"lifetimeBinMs":0.1,"lifetimeCapMs":5000.0,"last10s":{"p50":15.70640000595813,"p95":36.06940000596114,"max":100.70110000595741,"count":421},"sinceStart":{"p50":17.1,"p95":37.2,"max":105.12360000595982,"count":801}},{"lifetimeBinMs":0.1,"lifetimeCapMs":5000.0,"last10s":{"p50":0.0,"p95":0.0,"max":0.0,"count":0},"sinceStart":{"p50":0.0,"p95":0.0,"max":0.0,"count":0}}],"combatSummary":{"mineBlastRadiusM":0.5,"mineTriggerRadiusM":0.5,"damageScale":1.0,"shotsByWeapon":[0,0,0,0],"active":6,"living":6,"finished":0,"shots":0,"projectiles":0,"mines":0,"blasts":0,"poolExhaustions":0,"abilityDamage":0.0,"abilityUses":0}}
DeathRide race countdown mode=practice
DeathRide race countdown mode=practice
DeathRide {"phase":"countdown","raceSeconds":0.0,"frameTimeMs":{"lifetimeBinMs":0.1,"lifetimeCapMs":5000.0,"last10s":{"p50":16.6673,"p95":16.8073,"max":20.994,"count":600},"sinceStart":{"p50":16.6,"p95":17.0,"max":85.5179,"count":1793}},"simStepMs":{"lifetimeBinMs":0.001,"lifetimeCapMs":50.0,"last10s":{"p50":0.0805,"p95":0.1316,"max":0.8512,"count":413},"sinceStart":{"p50":0.08600000000000001,"p95":0.307,"max":2.5297,"count":1240}},"discardedSimulationMs":{"last10s":0,"sinceStart":0},"inputAgeMs":[{"lifetimeBinMs":0.1,"lifetimeCapMs":5000.0,"last10s":{"p50":16.84119998211827,"p95":36.62729999999647,"max":98.99919998211772,"count":413},"sinceStart":{"p50":16.8,"p95":37.1,"max":105.12360000595982,"count":1214}},{"lifetimeBinMs":0.1,"lifetimeCapMs":5000.0,"last10s":{"p50":0.0,"p95":0.0,"max":0.0,"count":0},"sinceStart":{"p50":0.0,"p95":0.0,"max":0.0,"count":0}}],"combatSummary":{"mineBlastRadiusM":0.5,"mineTriggerRadiusM":0.5,"damageScale":1.0,"shotsByWeapon":[0,0,0,0],"active":6,"living":6,"finished":0,"shots":0,"projectiles":0,"mines":0,"blasts":0,"poolExhaustions":0,"abilityDamage":0.0,"abilityUses":0}}
